03-19 14:41:54.470 I/am_stop_activity( 1074): [0,127641499,com.android.settings/.Settings$DevelopmentSettingsActivity]
03-19 14:41:54.473 I/sysui_histogram( 1074): [fingerprint_token,0]
03-19 14:41:54.478 I/am_on_stop_called( 1329): [0,com.android.settings.Settings$DevelopmentSettingsActivity,sleeping]
03-19 14:41:55.038 I/sysui_action( 1074): [252,true]
03-19 14:41:55.149 I/power_screen_state( 1074): [0,2,0,0]
03-19 14:41:55.149 I/screen_toggled( 1074): 0
03-19 14:41:55.149 I/sysui_histogram( 1074): [screen_timeout,60]
03-19 14:41:55.149 I/power_screen_broadcast_send( 1074): 1
03-19 14:41:55.203 I/sysui_status_bar_state( 1382): [1,1,0,0,1,0]
03-19 14:41:55.207 I/sysui_histogram( 1074): [fingerprint_token,0]
03-19 14:41:55.231 I/am_create_service( 1074): [0,200719664,.IntelligentIntentService,10017,24113]
03-19 14:41:55.238 I/am_destroy_service( 1074): [0,200719664,24113]
03-19 14:41:55.255 I/screen_toggled( 1382): 2
03-19 14:41:55.264 I/netstats_mobile_sample( 1074): [21535096,35214,5399367,37676,21535096,35214,5399367,37676,21535096,35249,5479203,39646,1489905715266]
03-19 14:41:55.264 I/netstats_wifi_sample( 1074): [319916231,336302,36739571,291796,319701484,330637,32492765,286512,319495828,328086,33551843,302339,1489905715266]
03-19 14:41:55.272 I/am_create_service( 1074): [0,146963548,.AutoCleanService,1000,3310]
03-19 14:41:55.273 I/notification_expansion( 1074): [-1|android|17040390|null|1000,0,1,510876,510876,21986]
03-19 14:41:55.280 I/sysui_status_bar_state( 1382): [0,0,0,0,1,0]
03-19 14:41:55.281 I/am_create_service( 1074): [0,78147642,.IntelligentIntentService,10017,24113]
03-19 14:41:55.286 I/am_destroy_service( 1074): [0,146963548,3310]
03-19 14:41:55.288 I/am_destroy_service( 1074): [0,78147642,24113]
03-19 14:41:55.302 I/sf_frame_dur(  449): [NavigationBar,0,0,0,1,0,0,0]
03-19 14:41:55.339 I/am_resume_activity( 1074): [0,127641499,48,com.android.settings/.Settings$DevelopmentSettingsActivity]
03-19 14:41:55.349 I/power_screen_state( 1074): [1,0,0,0]
03-19 14:41:55.349 I/screen_toggled( 1074): 1
03-19 14:41:55.357 I/notification_visibility( 1074): [-1|android|17040390|null|1000,1,510960,510960,0,0]
03-19 14:41:55.358 I/sysui_histogram( 1382): [note_load,1]
03-19 14:41:55.358 I/notification_panel_revealed( 1074): 1
03-19 14:41:55.365 I/netstats_mobile_sample( 1074): [21535096,35214,5399367,37676,21535096,35214,5399367,37676,21535096,35249,5479203,39646,1489905715368]
03-19 14:41:55.365 I/notification_visibility( 1074): [-1|android|17040390|null|1000,0,510968,510968,0,0]
03-19 14:41:55.366 I/notification_panel_hidden( 1074): []
03-19 14:41:55.366 I/netstats_wifi_sample( 1074): [319916231,336302,36739571,291796,319701484,330637,32492765,286512,319495828,328086,33551883,302340,1489905715368]
03-19 14:41:55.367 I/am_create_service( 1074): [0,145280146,.AppInfoRecvIntentService,10108,18305]
03-19 14:41:55.389 I/sysui_view_visibility( 1329): [39,100]
03-19 14:41:55.391 I/am_destroy_service( 1074): [0,145280146,18305]
03-19 14:41:55.418 I/notification_expansion( 1074): [-1|android|17040390|null|1000,0,0,511021,511021,61]
03-19 14:41:55.419 I/am_on_resume_called( 1329): [0,com.android.settings.Settings$DevelopmentSettingsActivity,RESUME_ACTIVITY]
03-19 14:41:55.419 I/am_on_resume_called( 1329): [0,com.android.settings.Settings$DevelopmentSettingsActivity]
03-19 14:41:55.516 I/power_screen_broadcast_done( 1074): [0,368,1]
03-19 14:41:55.516 I/power_screen_broadcast_send( 1074): 1
03-19 14:41:55.520 I/am_pss  ( 1074): [6219,10023,com.huawei.android.totemweather,34899968,29331456,161792]
03-19 14:41:55.596 I/netstats_mobile_sample( 1074): [21535096,35214,5399367,37676,21535096,35214,5399367,37676,21535096,35249,5479203,39646,1489905715598]
03-19 14:41:55.596 I/netstats_wifi_sample( 1074): [319916231,336302,36739625,291797,319701484,330637,32492805,286513,319495828,328086,33551923,302341,1489905715598]
03-19 14:41:55.784 I/power_screen_broadcast_done( 1074): [1,267,1]
03-19 14:41:56.639 I/power_sleep_requested( 1074): 0
03-19 14:41:56.649 I/am_pause_activity( 1074): [0,127641499,com.android.settings/.Settings$DevelopmentSettingsActivity]
03-19 14:41:56.650 I/sysui_view_visibility( 1329): [39,0]
03-19 14:41:56.660 I/am_on_paused_called( 1329): [0,com.android.settings.Settings$DevelopmentSettingsActivity,handlePauseActivity]
03-19 14:41:56.671 I/am_stop_activity( 1074): [0,127641499,com.android.settings/.Settings$DevelopmentSettingsActivity]
03-19 14:41:56.684 I/sysui_histogram( 1074): [fingerprint_token,0]
03-19 14:41:56.685 I/am_on_stop_called( 1329): [0,com.android.settings.Settings$DevelopmentSettingsActivity,sleeping]
03-19 14:41:57.371 I/power_screen_state( 1074): [0,2,0,0]
03-19 14:41:57.371 I/screen_toggled( 1074): 0
03-19 14:41:57.371 I/sysui_histogram( 1074): [screen_timeout,60]
03-19 14:41:57.371 I/power_screen_broadcast_send( 1074): 1
03-19 14:41:57.422 I/sysui_action( 1074): [252,false]
03-19 14:41:57.439 I/sysui_status_bar_state( 1382): [1,1,0,0,1,0]
03-19 14:41:57.470 I/am_create_service( 1074): [0,203833413,.IntelligentIntentService,10017,24113]
03-19 14:41:57.476 I/am_destroy_service( 1074): [0,203833413,24113]
03-19 14:41:57.496 I/power_sleep_requested( 1074): 0
03-19 14:41:57.499 I/netstats_mobile_sample( 1074): [21535096,35214,5399367,37676,21535096,35214,5399367,37676,21535096,35249,5479203,39646,1489905717502]
03-19 14:41:57.500 I/netstats_wifi_sample( 1074): [319916231,336302,36739787,291800,319701484,330637,32492925,286516,319495828,328086,33552043,302344,1489905717502]
03-19 14:41:57.507 I/am_create_service( 1074): [0,238850970,.AutoCleanService,1000,3310]
03-19 14:41:57.520 I/am_destroy_service( 1074): [0,238850970,3310]
03-19 14:41:57.532 I/force_gc( 1074): Binder
03-19 14:41:57.698 I/power_screen_broadcast_done( 1074): [0,327,1]
03-19 14:41:57.903 I/sf_frame_dur(  449): [NavigationBar,0,0,1,0,0,0,0]
03-19 14:41:58.986 I/sysui_action( 1074): [252,false]
03-19 14:41:58.990 I/power_sleep_requested( 1074): 0
03-19 14:42:02.235 I/power_sleep_requested( 1074): 0
03-19 14:42:11.949 I/sysui_action( 1074): [252,false]
03-19 14:42:11.953 I/power_sleep_requested( 1074): 0
03-19 14:42:13.927 I/sysui_action( 1074): [252,false]
03-19 14:42:13.933 I/power_sleep_requested( 1074): 0
03-19 14:42:15.546 I/sysui_action( 1074): [252,false]
03-19 14:42:15.557 I/power_sleep_requested( 1074): 0
03-19 14:42:17.090 I/sysui_action( 1074): [252,false]
03-19 14:42:17.096 I/power_sleep_requested( 1074): 0
03-19 14:42:18.670 I/sysui_action( 1074): [252,false]
03-19 14:42:18.677 I/power_sleep_requested( 1074): 0
03-19 14:42:20.371 I/sysui_action( 1074): [252,false]
03-19 14:42:20.376 I/power_sleep_requested( 1074): 0
03-19 14:42:21.072 I/notification_cancel( 1074): [10027,1382,com.android.systemui,2132017204,low_battery,-1,0,1088,8,NULL]
03-19 14:42:21.079 I/notification_cancel( 1074): [1001,8150,com.huawei.hidisk,17,NULL,0,0,1088,8,NULL]
03-19 14:42:22.002 I/sysui_action( 1074): [252,false]
03-19 14:42:22.007 I/power_sleep_requested( 1074): 0
03-19 14:42:23.269 I/sysui_action( 1074): [252,true]
03-19 14:42:23.270 I/screen_toggled( 1382): 2
03-19 14:42:23.275 I/notification_expansion( 1074): [-1|android|17040390|null|1000,0,1,538878,538878,27918]
03-19 14:42:23.281 I/sysui_status_bar_state( 1382): [0,0,0,0,1,0]
03-19 14:42:23.284 I/am_create_service( 1074): [0,131068893,.IntelligentIntentService,10017,24113]
03-19 14:42:23.291 I/am_destroy_service( 1074): [0,131068893,24113]
03-19 14:42:23.297 I/am_pss  ( 1074): [6219,10023,com.huawei.android.totemweather,34756608,29188096,161792]
03-19 14:42:23.314 I/am_pss  ( 1074): [1625,1000,com.huawei.systemmanager:service,54827008,48394240,3156992]
03-19 14:42:23.322 I/am_resume_activity( 1074): [0,127641499,48,com.android.settings/.Settings$DevelopmentSettingsActivity]
03-19 14:42:23.326 I/power_screen_state( 1074): [1,0,0,0]
03-19 14:42:23.326 I/screen_toggled( 1074): 1
03-19 14:42:23.326 I/power_screen_broadcast_send( 1074): 1
03-19 14:42:23.329 I/notification_visibility( 1074): [-1|android|17040390|null|1000,1,538932,538932,0,0]
03-19 14:42:23.333 I/am_create_service( 1074): [0,39645401,.AppInfoRecvIntentService,10108,18305]
03-19 14:42:23.335 I/sysui_histogram( 1382): [note_load,1]
03-19 14:42:23.335 I/notification_panel_revealed( 1074): 1
03-19 14:42:23.337 I/netstats_mobile_sample( 1074): [21535096,35214,5399367,37676,21535096,35214,5399367,37676,21535096,35249,5479203,39646,1489905743339]
03-19 14:42:23.337 I/netstats_wifi_sample( 1074): [319916259,336303,36739991,291804,319701484,330637,32493045,286519,319495828,328086,33552163,302347,1489905743339]
03-19 14:42:23.343 I/am_destroy_service( 1074): [0,39645401,18305]
03-19 14:42:23.347 I/sysui_view_visibility( 1329): [39,100]
03-19 14:42:23.360 I/am_on_resume_called( 1329): [0,com.android.settings.Settings$DevelopmentSettingsActivity,RESUME_ACTIVITY]
03-19 14:42:23.360 I/am_on_resume_called( 1329): [0,com.android.settings.Settings$DevelopmentSettingsActivity]
03-19 14:42:23.381 I/notification_visibility( 1074): [-1|android|17040390|null|1000,0,538984,538984,0,0]
03-19 14:42:23.381 I/notification_panel_hidden( 1074): []
03-19 14:42:23.423 I/notification_expansion( 1074): [-1|android|17040390|null|1000,0,0,539026,539026,94]
03-19 14:42:23.431 I/netstats_mobile_sample( 1074): [21535096,35214,5399367,37676,21535096,35214,5399367,37676,21535096,35249,5479203,39646,1489905743434]
03-19 14:42:23.431 I/netstats_wifi_sample( 1074): [319916259,336303,36739991,291804,319701484,330637,32493045,286519,319495828,328086,33552163,302347,1489905743434]
03-19 14:42:23.575 I/power_screen_broadcast_done( 1074): [1,249,1]
03-19 14:42:24.278 I/power_sleep_requested( 1074): 0
03-19 14:42:24.285 I/am_pause_activity( 1074): [0,127641499,com.android.settings/.Settings$DevelopmentSettingsActivity]
03-19 14:42:24.286 I/sysui_view_visibility( 1329): [39,0]
03-19 14:42:24.323 I/am_on_paused_called( 1329): [0,com.android.settings.Settings$DevelopmentSettingsActivity,handlePauseActivity]
03-19 14:42:24.324 I/am_stop_activity( 1074): [0,127641499,com.android.settings/.Settings$DevelopmentSettingsActivity]
03-19 14:42:24.336 I/sysui_histogram( 1074): [fingerprint_token,0]
03-19 14:42:24.339 I/notification_cancel( 1074): [10027,1382,com.android.systemui,2132017204,low_battery,-1,0,1088,8,NULL]
03-19 14:42:24.343 I/notification_cancel( 1074): [1001,8150,com.huawei.hidisk,17,NULL,0,0,1088,8,NULL]
03-19 14:42:24.348 I/am_on_stop_called( 1329): [0,com.android.settings.Settings$DevelopmentSettingsActivity,sleeping]
03-19 14:42:24.797 I/power_screen_state( 1074): [0,2,0,0]
03-19 14:42:24.797 I/screen_toggled( 1074): 0
03-19 14:42:24.797 I/sysui_histogram( 1074): [screen_timeout,60]
03-19 14:42:24.797 I/power_screen_broadcast_send( 1074): 1
03-19 14:42:24.920 I/sysui_status_bar_state( 1382): [1,1,0,0,1,0]
03-19 14:42:24.978 I/am_create_service( 1074): [0,62432445,.IntelligentIntentService,10017,24113]
03-19 14:42:24.995 I/am_destroy_service( 1074): [0,62432445,24113]
03-19 14:42:25.017 I/netstats_mobile_sample( 1074): [21535096,35214,5399367,37676,21535096,35214,5399367,37676,21535096,35249,5479203,39646,1489905745019]
03-19 14:42:25.018 I/netstats_wifi_sample( 1074): [319916259,336303,36739991,291804,319701484,330637,32493045,286519,319495828,328086,33552163,302347,1489905745019]
03-19 14:42:25.032 I/am_create_service( 1074): [0,251521714,.AutoCleanService,1000,3310]
03-19 14:42:25.051 I/am_destroy_service( 1074): [0,251521714,3310]
03-19 14:42:25.344 I/power_screen_broadcast_done( 1074): [0,547,1]
03-19 14:42:54.544 I/notification_cancel( 1074): [10027,1382,com.android.systemui,2132017204,low_battery,-1,0,1088,8,NULL]
03-19 14:42:54.544 I/notification_cancel( 1074): [1001,8150,com.huawei.hidisk,17,NULL,0,0,1088,8,NULL]
03-19 14:43:14.052 I/sysui_action( 1074): [252,false]
03-19 14:43:14.057 I/power_sleep_requested( 1074): 0
03-19 14:43:16.401 I/sysui_action( 1074): [252,false]
03-19 14:43:16.406 I/power_sleep_requested( 1074): 0
03-19 14:43:19.447 I/sysui_action( 1074): [252,false]
03-19 14:43:19.451 I/power_sleep_requested( 1074): 0
03-19 14:43:21.070 I/notification_cancel( 1074): [10027,1382,com.android.systemui,2132017204,low_battery,-1,0,1088,8,NULL]
03-19 14:43:21.073 I/notification_cancel( 1074): [1001,8150,com.huawei.hidisk,17,NULL,0,0,1088,8,NULL]
03-19 14:43:21.499 I/sysui_action( 1074): [252,false]
03-19 14:43:21.507 I/power_sleep_requested( 1074): 0
03-19 14:43:23.889 I/sysui_action( 1074): [252,false]
03-19 14:43:23.894 I/power_sleep_requested( 1074): 0
03-19 14:43:24.689 I/notification_cancel( 1074): [10027,1382,com.android.systemui,2132017204,low_battery,-1,0,1088,8,NULL]
03-19 14:43:24.690 I/notification_cancel( 1074): [1001,8150,com.huawei.hidisk,17,NULL,0,0,1088,8,NULL]
03-19 14:43:26.369 I/sysui_action( 1074): [252,false]
03-19 14:43:26.380 I/power_sleep_requested( 1074): 0
03-19 14:43:28.193 I/sysui_action( 1074): [252,false]
03-19 14:43:28.199 I/power_sleep_requested( 1074): 0
03-19 14:43:30.616 I/sysui_action( 1074): [252,false]
03-19 14:43:30.621 I/power_sleep_requested( 1074): 0
03-19 14:43:32.928 I/sysui_action( 1074): [252,false]
03-19 14:43:32.937 I/power_sleep_requested( 1074): 0
03-19 14:43:34.763 I/force_gc( 1074): Binder
03-19 14:43:34.990 I/sysui_action( 1074): [252,true]
03-19 14:43:34.991 I/screen_toggled( 1382): 2
03-19 14:43:34.997 I/notification_expansion( 1074): [-1|android|17040390|null|1000,0,1,610600,610600,71668]
03-19 14:43:35.001 I/sysui_status_bar_state( 1382): [0,0,0,0,1,0]
03-19 14:43:35.003 I/am_create_service( 1074): [0,78337374,.IntelligentIntentService,10017,24113]
03-19 14:43:35.008 I/am_destroy_service( 1074): [0,78337374,24113]
03-19 14:43:35.017 I/am_pss  ( 1074): [6219,10023,com.huawei.android.totemweather,34736128,29167616,161792]
03-19 14:43:35.038 I/am_resume_activity( 1074): [0,127641499,48,com.android.settings/.Settings$DevelopmentSettingsActivity]
03-19 14:43:35.041 I/power_screen_state( 1074): [1,0,0,0]
03-19 14:43:35.041 I/screen_toggled( 1074): 1
03-19 14:43:35.042 I/power_screen_broadcast_send( 1074): 1
03-19 14:43:35.046 I/notification_visibility( 1074): [-1|android|17040390|null|1000,1,610649,610649,0,0]
03-19 14:43:35.047 I/sysui_histogram( 1382): [note_load,1]
03-19 14:43:35.047 I/notification_panel_revealed( 1074): 1
03-19 14:43:35.054 I/netstats_mobile_sample( 1074): [21535096,35214,5399367,37676,21535096,35214,5399367,37676,21535096,35249,5479203,39646,1489905815056]
03-19 14:43:35.054 I/am_create_service( 1074): [0,55066067,.AppInfoRecvIntentService,10108,18305]
03-19 14:43:35.054 I/netstats_wifi_sample( 1074): [319916315,336305,36740183,291808,319701484,330637,32493125,286521,319495828,328086,33552243,302349,1489905815056]
03-19 14:43:35.065 I/am_destroy_service( 1074): [0,55066067,18305]
03-19 14:43:35.066 I/sysui_view_visibility( 1329): [39,100]
03-19 14:43:35.077 I/notification_visibility( 1074): [-1|android|17040390|null|1000,0,610680,610680,0,0]
03-19 14:43:35.077 I/notification_panel_hidden( 1074): []
03-19 14:43:35.078 I/am_pss  ( 1074): [1329,1000,com.android.settings,91804672,78016512,582656]
03-19 14:43:35.091 I/am_on_resume_called( 1329): [0,com.android.settings.Settings$DevelopmentSettingsActivity,RESUME_ACTIVITY]
03-19 14:43:35.091 I/am_on_resume_called( 1329): [0,com.android.settings.Settings$DevelopmentSettingsActivity]
03-19 14:43:35.093 I/am_pss  ( 1074): [2216,10049,com.huawei.android.launcher,59956224,54599680,742400]
03-19 14:43:35.120 I/am_pss  ( 1074): [30627,10121,com.tencent.mobileqq,131817472,120434688,5120]
03-19 14:43:35.141 I/am_pss  ( 1074): [30674,10121,com.tencent.mobileqq:MSF,24560640,18055168,10240]
03-19 14:43:35.145 I/notification_expansion( 1074): [-1|android|17040390|null|1000,0,0,610748,610748,99]
03-19 14:43:35.170 I/am_pss  ( 1074): [6700,10011,com.android.browser,182737920,19009536,163404800]
03-19 14:43:35.179 I/netstats_mobile_sample( 1074): [21535096,35214,5399367,37676,21535096,35214,5399367,37676,21535096,35249,5479203,39646,1489905815182]
03-19 14:43:35.179 I/netstats_wifi_sample( 1074): [319916315,336305,36740183,291808,319701484,330637,32493125,286521,319495828,328086,33552243,302349,1489905815182]
03-19 14:43:35.198 I/am_pss  ( 1074): [6331,10104,com.tencent.mm,147351552,135516160,4096]
03-19 14:43:35.213 I/am_pss  ( 1074): [29273,10004,com.android.contacts,44087296,37457920,162816]
03-19 14:43:35.230 I/am_pss  ( 1074): [2257,1001,com.android.incallui,34345984,31989760,339968]
03-19 14:43:35.257 I/am_pss  ( 1074): [8019,10046,com.baidu.input_huawei,150821888,128446464,11264]
03-19 14:43:35.278 I/am_pss  ( 1074): [29082,10028,com.android.mms,126100480,121421824,817152]
03-19 14:43:35.290 I/am_pss  ( 1074): [6543,10104,com.tencent.mm:exdevice,13426688,8671232,19456]
03-19 14:43:35.305 I/am_pss  ( 1074): [6437,10104,com.tencent.mm:push,14406656,10596352,17408]
03-19 14:43:35.316 I/am_pss  ( 1074): [29124,1000,com.huawei.cryptosms.service,4290560,2977792,517120]
03-19 14:43:35.329 I/power_screen_broadcast_done( 1074): [1,287,1]
03-19 14:43:35.334 I/am_pss  ( 1074): [18305,10108,com.eg.android.AlipayGphone:push,26006528,18411520,11264]
03-19 14:43:35.344 I/am_pss  ( 1074): [15172,10002,android.process.media,8637440,6955008,162816]
03-19 14:43:35.354 I/am_pss  ( 1074): [31603,10074,com.android.printspooler,4146176,2977792,175104]
03-19 14:43:35.366 I/am_pss  ( 1074): [7092,10020,com.huawei.phoneservice,6562816,4468736,22528]
03-19 14:43:35.376 I/am_pss  ( 1074): [1610,1000,com.huawei.bd,8352768,6307840,1018880]
03-19 14:43:35.386 I/am_pss  ( 1074): [31339,10051,com.huawei.android.hwouc,6762496,4308992,17408]
03-19 14:43:35.397 I/am_pss  ( 1074): [6909,10012,com.huawei.appmarket,15602688,13078528,162816]
03-19 14:43:35.408 I/am_pss  ( 1074): [8150,1001,com.huawei.hidisk,12422144,9969664,161792]
03-19 14:43:35.419 I/am_pss  ( 1074): [11074,10048,com.huawei.hwid,23815168,21458944,45056]
03-19 14:43:35.429 I/am_pss  ( 1074): [31550,1000,android:ui,8785920,6512640,171008]
03-19 14:43:35.439 I/am_pss  ( 1074): [31502,10068,com.huawei.vassistant,6906880,4747264,18432]
03-19 14:43:35.448 I/am_pss  ( 1074): [31488,1001,com.huawei.android.dsdscardmanager,5195776,3612672,175104]
03-19 14:43:35.458 I/am_pss  ( 1074): [31372,10020,com.huawei.phoneservice:autologuploadservice,5750784,3563520,20480]
03-19 14:43:35.469 I/am_pss  ( 1074): [1795,10004,android.process.acore,21252096,17346560,2729984]
03-19 14:43:35.479 I/am_pss  ( 1074): [5457,1000,com.huawei.trustspace,5073920,4009984,264192]
03-19 14:43:35.488 I/am_pss  ( 1074): [7068,10051,com.huawei.android.hwouc:usersurvey,3873792,2600960,66560]
03-19 14:43:35.497 I/am_pss  ( 1074): [28234,10051,com.huawei.android.hwouc:hwbdservice,4589568,2727936,23552]
03-19 14:43:35.507 I/am_pss  ( 1074): [7039,10051,com.huawei.android.hwouc:hwbd,3996672,2699264,50176]
03-19 14:43:35.519 I/am_pss  ( 1074): [10936,10014,com.android.gallery3d,44435456,4755456,39473152]
03-19 14:43:35.535 I/am_pss  ( 1074): [18192,10108,com.eg.android.AlipayGphone,56744960,48218112,11264]
03-19 14:43:35.545 I/am_pss  ( 1074): [7336,10105,com.huawei.hilink.framework,5437440,3993600,26624]
03-19 14:43:35.554 I/am_pss  ( 1074): [15856,10065,com.huawei.android.wfdft,4484096,3391488,173056]
03-19 14:43:35.564 I/am_pss  ( 1074): [21348,10021,com.huawei.hwvplayer.youku,6699008,4947968,22528]
03-19 14:43:35.575 I/am_pss  ( 1074): [24144,10007,com.android.calendar,17369088,15196160,171008]
03-19 14:43:35.585 I/am_pss  ( 1074): [28032,10035,com.android.providers.calendar,5766144,4493312,165888]
03-19 14:43:35.595 I/am_pss  ( 1074): [29377,1000,com.android.server.telecom:ui,6879232,4571136,171008]
03-19 14:43:35.605 I/am_pss  ( 1074): [18224,10108,com.eg.android.AlipayGphone:ext,10044416,6516736,18432]
03-19 14:43:35.616 I/am_pss  ( 1074): [2190,10000,com.amap.android.ams,13837312,11304960,973824]
03-19 14:43:35.626 I/am_pss  ( 1074): [4746,1000,com.huawei.android.pushagent.PushService,8532992,6967296,210944]
03-19 14:43:35.636 I/am_pss  ( 1074): [2144,1000,com.huawei.geofence,7192576,3710976,2604032]
03-19 14:43:35.646 I/am_pss  ( 1074): [2126,1000,com.huawei.vrservice,5386240,3371008,595968]
03-19 14:43:35.655 I/am_pss  ( 1074): [2116,1000,com.huawei.indexsearch.observer,8516608,6537216,1159168]
03-19 14:43:35.665 I/am_pss  ( 1074): [2073,10087,com.google.android.ext.services,4605952,2822144,991232]
03-19 14:43:35.680 I/am_pss  ( 1074): [1522,1001,com.android.phone,44096512,39141376,2540544]
03-19 14:43:35.690 I/am_pss  ( 1074): [1506,10090,com.huawei.ihealth,6090752,4276224,924672]
03-19 14:43:35.701 I/am_pss  ( 1074): [1493,1000,com.huawei.powergenie,16541696,14213120,1103872]
03-19 14:43:35.712 I/am_pss  ( 1074): [1479,1000,com.huawei.android.chr,13329408,11268096,923648]
03-19 14:43:35.730 I/am_pss  ( 1074): [1382,10027,com.android.systemui,166579200,150753280,8101888]
03-19 14:43:35.740 I/am_pss  ( 1074): [1374,1000,com.huawei.securitymgr,4381696,1839104,1714176]
03-19 14:43:35.785 I/am_pss  ( 1074): [1074,1000,system,148843520,135880704,8183808]
03-19 14:43:35.925 I/am_meminfo( 1074): [1766572032,98947072,116207616,465281024,211261440]
03-19 14:43:36.026 I/power_sleep_requested( 1074): 0
03-19 14:43:36.032 I/am_pause_activity( 1074): [0,127641499,com.android.settings/.Settings$DevelopmentSettingsActivity]
03-19 14:43:36.033 I/sysui_view_visibility( 1329): [39,0]
03-19 14:43:36.037 I/am_on_paused_called( 1329): [0,com.android.settings.Settings$DevelopmentSettingsActivity,handlePauseActivity]
03-19 14:43:36.041 I/am_stop_activity( 1074): [0,127641499,com.android.settings/.Settings$DevelopmentSettingsActivity]
03-19 14:43:36.050 I/sysui_histogram( 1074): [fingerprint_token,0]
03-19 14:43:36.064 I/am_on_stop_called( 1329): [0,com.android.settings.Settings$DevelopmentSettingsActivity,sleeping]
03-19 14:43:36.536 I/power_screen_state( 1074): [0,2,0,0]
03-19 14:43:36.536 I/screen_toggled( 1074): 0
03-19 14:43:36.536 I/sysui_histogram( 1074): [screen_timeout,60]
03-19 14:43:36.536 I/power_screen_broadcast_send( 1074): 1
03-19 14:43:36.605 I/sysui_status_bar_state( 1382): [1,1,0,0,1,0]
03-19 14:43:36.642 I/am_create_service( 1074): [0,34659006,.IntelligentIntentService,10017,24113]
03-19 14:43:36.653 I/am_destroy_service( 1074): [0,34659006,24113]
03-19 14:43:36.658 I/netstats_mobile_sample( 1074): [21535096,35214,5399367,37676,21535096,35214,5399367,37676,21535096,35249,5479203,39646,1489905816661]
03-19 14:43:36.658 I/netstats_wifi_sample( 1074): [319916315,336305,36740183,291808,319701484,330637,32493125,286521,319495828,328086,33552243,302349,1489905816661]
03-19 14:43:36.665 I/am_create_service( 1074): [0,13055775,.AutoCleanService,1000,3310]
03-19 14:43:36.668 I/am_destroy_service( 1074): [0,13055775,3310]
03-19 14:43:36.811 I/power_screen_broadcast_done( 1074): [0,275,1]
03-19 14:43:36.873 I/sysui_action( 1074): [252,false]
03-19 14:43:36.877 I/power_sleep_requested( 1074): 0
03-19 14:43:39.919 I/power_sleep_requested( 1074): 0
03-19 14:43:54.867 I/notification_cancel( 1074): [10027,1382,com.android.systemui,2132017204,low_battery,-1,0,1088,8,NULL]
03-19 14:43:54.882 I/notification_cancel( 1074): [1001,8150,com.huawei.hidisk,17,NULL,0,0,1088,8,NULL]
03-19 14:44:21.093 I/notification_cancel( 1074): [10027,1382,com.android.systemui,2132017204,low_battery,-1,0,1088,8,NULL]
03-19 14:44:21.103 I/notification_cancel( 1074): [1001,8150,com.huawei.hidisk,17,NULL,0,0,1088,8,NULL]
03-19 14:44:24.554 I/am_destroy_service( 1074): [0,114788484,30627]
03-19 14:44:24.556 I/am_destroy_service( 1074): [0,24762767,30627]
03-19 14:44:24.557 I/notification_cancel( 1074): [1000,1074,com.tencent.mobileqq,537050237,NULL,0,0,0,8,NULL]
03-19 14:44:24.643 I/am_pss  ( 1074): [1329,1000,com.android.settings,94385152,80596992,582656]
03-19 14:44:24.660 I/am_pss  ( 1074): [2216,10049,com.huawei.android.launcher,60070912,54714368,742400]
03-19 14:44:24.687 I/am_pss  ( 1074): [6700,10011,com.android.browser,182811648,19189760,163298304]
03-19 14:44:24.711 I/am_pss  ( 1074): [6331,10104,com.tencent.mm,147417088,135577600,4096]
03-19 14:44:24.726 I/am_pss  ( 1074): [29273,10004,com.android.contacts,44087296,37457920,162816]
03-19 14:44:24.737 I/am_pss  ( 1074): [2257,1001,com.android.incallui,34345984,31989760,339968]
03-19 14:44:24.755 I/am_pss  ( 1074): [8019,10046,com.baidu.input_huawei,150825984,128446464,11264]
03-19 14:44:24.772 I/am_pss  ( 1074): [29082,10028,com.android.mms,126100480,121421824,817152]
03-19 14:44:24.783 I/am_pss  ( 1074): [6543,10104,com.tencent.mm:exdevice,13279232,8523776,19456]
03-19 14:44:24.794 I/am_pss  ( 1074): [6437,10104,com.tencent.mm:push,14418944,10608640,17408]
03-19 14:44:24.804 I/am_pss  ( 1074): [29124,1000,com.huawei.cryptosms.service,4290560,2977792,517120]
03-19 14:44:24.816 I/am_pss  ( 1074): [6219,10023,com.huawei.android.totemweather,34736128,29167616,161792]
03-19 14:44:24.829 I/am_pss  ( 1074): [24113,10017,com.huawei.intelligent,33161216,30236672,603136]
03-19 14:44:24.843 I/am_pss  ( 1074): [1625,1000,com.huawei.systemmanager:service,53697536,47263744,3156992]
03-19 14:44:24.856 I/am_pss  ( 1074): [18305,10108,com.eg.android.AlipayGphone:push,25994240,18399232,11264]
03-19 14:44:24.867 I/am_pss  ( 1074): [15172,10002,android.process.media,8645632,6963200,162816]
03-19 14:44:24.876 I/am_pss  ( 1074): [31603,10074,com.android.printspooler,4146176,2977792,175104]
03-19 14:44:24.886 I/am_pss  ( 1074): [7092,10020,com.huawei.phoneservice,6562816,4468736,22528]
03-19 14:44:24.897 I/am_pss  ( 1074): [2065,1000,com.huawei.imonitor,19452928,15581184,2391040]
03-19 14:44:24.907 I/am_pss  ( 1074): [1610,1000,com.huawei.bd,8369152,6324224,1018880]
03-19 14:44:24.917 I/am_pss  ( 1074): [31339,10051,com.huawei.android.hwouc,6762496,4308992,17408]
03-19 14:44:24.928 I/am_pss  ( 1074): [6909,10012,com.huawei.appmarket,15602688,13078528,162816]
03-19 14:44:24.939 I/am_pss  ( 1074): [8150,1001,com.huawei.hidisk,12434432,9981952,161792]
03-19 14:44:24.950 I/am_pss  ( 1074): [11074,10048,com.huawei.hwid,23815168,21458944,45056]
03-19 14:44:24.960 I/am_pss  ( 1074): [31550,1000,android:ui,8785920,6512640,171008]
03-19 14:44:24.972 I/am_pss  ( 1074): [1293,1002,com.android.bluetooth,14811136,12075008,653312]
03-19 14:44:24.981 I/am_pss  ( 1074): [31502,10068,com.huawei.vassistant,6906880,4747264,18432]
03-19 14:44:24.991 I/am_pss  ( 1074): [31488,1001,com.huawei.android.dsdscardmanager,5195776,3612672,175104]
03-19 14:44:25.001 I/am_pss  ( 1074): [31372,10020,com.huawei.phoneservice:autologuploadservice,5750784,3563520,20480]
03-19 14:44:25.011 I/notification_cancel( 1074): [10027,1382,com.android.systemui,2132017204,low_battery,-1,0,1088,8,NULL]
03-19 14:44:25.011 I/notification_cancel( 1074): [1001,8150,com.huawei.hidisk,17,NULL,0,0,1088,8,NULL]
03-19 14:44:25.012 I/am_pss  ( 1074): [1795,10004,android.process.acore,21252096,17346560,2729984]
03-19 14:44:25.021 I/am_pss  ( 1074): [5457,1000,com.huawei.trustspace,5073920,4009984,264192]
03-19 14:44:25.031 I/am_pss  ( 1074): [7068,10051,com.huawei.android.hwouc:usersurvey,3873792,2600960,66560]
03-19 14:44:25.040 I/am_pss  ( 1074): [28234,10051,com.huawei.android.hwouc:hwbdservice,4589568,2727936,23552]
03-19 14:44:25.049 I/am_pss  ( 1074): [7039,10051,com.huawei.android.hwouc:hwbd,3996672,2699264,50176]
03-19 14:44:25.062 I/am_pss  ( 1074): [10936,10014,com.android.gallery3d,44435456,4755456,39473152]
03-19 14:44:25.077 I/am_pss  ( 1074): [18192,10108,com.eg.android.AlipayGphone,56720384,48193536,11264]
03-19 14:44:25.087 I/am_pss  ( 1074): [7336,10105,com.huawei.hilink.framework,5437440,3993600,26624]
03-19 14:44:25.097 I/am_pss  ( 1074): [15856,10065,com.huawei.android.wfdft,4484096,3391488,173056]
03-19 14:44:25.106 I/am_pss  ( 1074): [21348,10021,com.huawei.hwvplayer.youku,6699008,4947968,22528]
03-19 14:44:25.118 I/am_pss  ( 1074): [24144,10007,com.android.calendar,17369088,15196160,171008]
03-19 14:44:25.127 I/am_pss  ( 1074): [28032,10035,com.android.providers.calendar,5766144,4493312,165888]
03-19 14:44:25.137 I/am_pss  ( 1074): [29377,1000,com.android.server.telecom:ui,6879232,4571136,171008]
03-19 14:44:25.147 I/am_pss  ( 1074): [18224,10108,com.eg.android.AlipayGphone:ext,10044416,6516736,18432]
03-19 14:44:25.158 I/am_pss  ( 1074): [2190,10000,com.amap.android.ams,13902848,11370496,973824]
03-19 14:44:25.168 I/am_pss  ( 1074): [1888,1000,com.huawei.android.instantshare,8734720,7315456,397312]
03-19 14:44:25.178 I/am_pss  ( 1074): [4746,1000,com.huawei.android.pushagent.PushService,8532992,6967296,210944]
03-19 14:44:25.188 I/am_pss  ( 1074): [1873,10113,com.huawei.iconnect,4657152,3125248,766976]
03-19 14:44:25.197 I/am_pss  ( 1074): [2073,10087,com.google.android.ext.services,4605952,2822144,991232]
03-19 14:44:55.172 I/notification_cancel( 1074): [10027,1382,com.android.systemui,2132017204,low_battery,-1,0,1088,8,NULL]
03-19 14:44:55.184 I/notification_cancel( 1074): [1001,8150,com.huawei.hidisk,17,NULL,0,0,1088,8,NULL]
03-19 14:45:03.532 I/sysui_action( 1074): [252,true]
03-19 14:45:03.533 I/screen_toggled( 1382): 2
03-19 14:45:03.538 I/notification_expansion( 1074): [-1|android|17040390|null|1000,0,1,699141,699141,88492]
03-19 14:45:03.543 I/sysui_status_bar_state( 1382): [0,0,0,0,1,0]
03-19 14:45:03.544 I/am_create_service( 1074): [0,213001743,.IntelligentIntentService,10017,24113]
03-19 14:45:03.551 I/am_destroy_service( 1074): [0,213001743,24113]
03-19 14:45:03.582 I/am_resume_activity( 1074): [0,127641499,48,com.android.settings/.Settings$DevelopmentSettingsActivity]
03-19 14:45:03.585 I/am_pss  ( 1074): [30627,10121,com.tencent.mobileqq,104025088,92647424,5120]
03-19 14:45:03.585 I/power_screen_state( 1074): [1,0,0,0]
03-19 14:45:03.585 I/screen_toggled( 1074): 1
03-19 14:45:03.585 I/power_screen_broadcast_send( 1074): 1
03-19 14:45:03.593 I/am_create_service( 1074): [0,4685108,.AppInfoRecvIntentService,10108,18305]
03-19 14:45:03.594 I/netstats_mobile_sample( 1074): [21535096,35214,5399367,37676,21535096,35214,5399367,37676,21535096,35249,5479203,39646,1489905903597]
03-19 14:45:03.594 I/netstats_wifi_sample( 1074): [319916507,336310,36740395,291812,319701592,330639,32493197,286522,319495936,328088,33552315,302350,1489905903597]
03-19 14:45:03.596 I/notification_visibility( 1074): [-1|android|17040390|null|1000,1,699199,699199,0,0]
03-19 14:45:03.597 I/sysui_histogram( 1382): [note_load,1]
03-19 14:45:03.597 I/notification_panel_revealed( 1074): 1
03-19 14:45:03.599 I/am_destroy_service( 1074): [0,4685108,18305]
03-19 14:45:03.608 I/sysui_view_visibility( 1329): [39,100]
03-19 14:45:03.609 I/am_pss  ( 1074): [30674,10121,com.tencent.mobileqq:MSF,23263232,16756736,10240]
03-19 14:45:03.623 I/notification_visibility( 1074): [-1|android|17040390|null|1000,0,699226,699226,0,0]
03-19 14:45:03.623 I/notification_panel_hidden( 1074): []
03-19 14:45:03.632 I/am_on_resume_called( 1329): [0,com.android.settings.Settings$DevelopmentSettingsActivity,RESUME_ACTIVITY]
03-19 14:45:03.632 I/am_on_resume_called( 1329): [0,com.android.settings.Settings$DevelopmentSettingsActivity]
03-19 14:45:03.687 I/notification_expansion( 1074): [-1|android|17040390|null|1000,0,0,699289,699289,90]
03-19 14:45:03.711 I/netstats_mobile_sample( 1074): [21535096,35214,5399367,37676,21535096,35214,5399367,37676,21535096,35249,5479203,39646,1489905903713]
03-19 14:45:03.711 I/netstats_wifi_sample( 1074): [319916507,336310,36740395,291812,319701592,330639,32493197,286522,319495936,328088,33552315,302350,1489905903713]
03-19 14:45:03.870 I/power_screen_broadcast_done( 1074): [1,284,1]
03-19 14:45:05.663 I/power_sleep_requested( 1074): 0
03-19 14:45:05.672 I/am_pause_activity( 1074): [0,127641499,com.android.settings/.Settings$DevelopmentSettingsActivity]
03-19 14:45:05.689 I/sysui_view_visibility( 1329): [39,0]
03-19 14:45:05.718 I/am_on_paused_called( 1329): [0,com.android.settings.Settings$DevelopmentSettingsActivity,handlePauseActivity]
03-19 14:45:05.721 I/am_stop_activity( 1074): [0,127641499,com.android.settings/.Settings$DevelopmentSettingsActivity]
03-19 14:45:05.733 I/sysui_histogram( 1074): [fingerprint_token,0]
03-19 14:45:05.752 I/am_on_stop_called( 1329): [0,com.android.settings.Settings$DevelopmentSettingsActivity,sleeping]
03-19 14:45:06.197 I/power_screen_state( 1074): [0,2,0,0]
03-19 14:45:06.197 I/screen_toggled( 1074): 0
03-19 14:45:06.197 I/sysui_histogram( 1074): [screen_timeout,60]
03-19 14:45:06.197 I/power_screen_broadcast_send( 1074): 1
03-19 14:45:06.330 I/sysui_status_bar_state( 1382): [1,1,0,0,1,0]
03-19 14:45:06.396 I/am_create_service( 1074): [0,68946384,.IntelligentIntentService,10017,24113]
03-19 14:45:06.396 I/force_gc( 1074): Binder
03-19 14:45:06.447 I/netstats_mobile_sample( 1074): [21535096,35214,5399367,37676,21535096,35214,5399367,37676,21535096,35249,5479203,39646,1489905906449]
03-19 14:45:06.448 I/netstats_wifi_sample( 1074): [319916507,336310,36740395,291812,319701592,330639,32493197,286522,319495936,328088,33552315,302350,1489905906449]
03-19 14:45:06.453 I/am_destroy_service( 1074): [0,68946384,24113]
03-19 14:45:06.478 I/am_create_service( 1074): [0,30260681,.AutoCleanService,1000,3310]
03-19 14:45:06.488 I/am_destroy_service( 1074): [0,30260681,3310]
03-19 14:45:06.785 I/power_screen_broadcast_done( 1074): [0,587,1]
03-19 14:45:07.793 I/sysui_action( 1074): [252,false]
03-19 14:45:07.799 I/power_sleep_requested( 1074): 0
int logctl_get(): open '/dev/hwlog_switch' fail -1, 13. Permission denied

Note: log switch off, only log_main and log_events will have logs!
03-16 21:12:42.329 I/auditd  (  394): type=1403 audit(0.0:2): policy loaded auid=4294967295 ses=4294967295
03-16 21:12:42.329 I/auditd  (  394): type=1404 audit(0.0:3): enforcing=1 old_enforcing=0 auid=4294967295 ses=4294967295
03-16 21:12:42.549 I/auditd  (  262): type=1400 audit(0.0:4): avc: granted { setsched } for comm="ts_thread:0" scontext=u:r:kernel:s0 tcontext=u:r:kernel:s0 tclass=process
03-16 21:12:42.849 I/auditd  (    1): type=1400 audit(0.0:5): avc: denied { create } for comm="init" name="cust" scontext=u:r:init:s0 tcontext=u:object_r:system_file:s0 tclass=dir permissive=0
03-16 21:12:44.329 I/auditd  (  214): type=1400 audit(0.0:6): avc: granted { setsched } for comm="modem_sysboot_s" scontext=u:r:kernel:s0 tcontext=u:r:kernel:s0 tclass=process
03-16 21:12:44.539 I/auditd  (  214): type=1400 audit(0.0:7): avc: granted { setsched } for comm="modem_sysboot_s" scontext=u:r:kernel:s0 tcontext=u:r:kernel:s0 tclass=process
03-16 21:12:44.539 I/auditd  (  214): type=1400 audit(0.0:8): avc: granted { setsched } for comm="modem_sysboot_s" scontext=u:r:kernel:s0 tcontext=u:r:kernel:s0 tclass=process
03-16 21:12:44.539 I/auditd  (  214): type=1400 audit(0.0:9): avc: granted { setsched } for comm="modem_sysboot_s" scontext=u:r:kernel:s0 tcontext=u:r:kernel:s0 tclass=process
03-16 21:12:44.539 I/auditd  (  214): type=1400 audit(0.0:10): avc: granted { setsched } for comm="modem_sysboot_s" scontext=u:r:kernel:s0 tcontext=u:r:kernel:s0 tclass=process
03-16 21:12:44.539 I/auditd  (  214): type=1400 audit(0.0:11): avc: granted { setsched } for comm="modem_sysboot_s" scontext=u:r:kernel:s0 tcontext=u:r:kernel:s0 tclass=process
03-16 21:12:44.539 I/auditd  (  214): type=1400 audit(0.0:12): avc: granted { setsched } for comm="modem_sysboot_s" scontext=u:r:kernel:s0 tcontext=u:r:kernel:s0 tclass=process
03-16 21:12:44.539 I/auditd  (  214): type=1400 audit(0.0:13): avc: granted { setsched } for comm="modem_sysboot_s" scontext=u:r:kernel:s0 tcontext=u:r:kernel:s0 tclass=process
03-16 21:12:44.539 I/auditd  (  214): type=1400 audit(0.0:14): avc: granted { setsched } for comm="modem_sysboot_s" scontext=u:r:kernel:s0 tcontext=u:r:kernel:s0 tclass=process
03-16 21:12:44.539 I/auditd  (  214): type=1400 audit(0.0:15): avc: granted { setsched } for comm="modem_sysboot_s" scontext=u:r:kernel:s0 tcontext=u:r:kernel:s0 tclass=process
03-16 21:12:44.539 I/auditd  (  214): type=1400 audit(0.0:16): avc: granted { setsched } for comm="modem_sysboot_s" scontext=u:r:kernel:s0 tcontext=u:r:kernel:s0 tclass=process
03-16 21:12:44.539 I/auditd  (  214): type=1400 audit(0.0:17): avc: granted { setsched } for comm="modem_sysboot_s" scontext=u:r:kernel:s0 tcontext=u:r:kernel:s0 tclass=process
03-16 21:12:44.539 I/auditd  (  214): type=1400 audit(0.0:18): avc: granted { setsched } for comm="modem_sysboot_s" scontext=u:r:kernel:s0 tcontext=u:r:kernel:s0 tclass=process
03-16 21:12:44.539 I/auditd  (  214): type=1400 audit(0.0:19): avc: granted { setsched } for comm="modem_sysboot_s" scontext=u:r:kernel:s0 tcontext=u:r:kernel:s0 tclass=process
03-16 21:12:44.539 I/auditd  (  214): type=1400 audit(0.0:20): avc: granted { setsched } for comm="modem_sysboot_s" scontext=u:r:kernel:s0 tcontext=u:r:kernel:s0 tclass=process
03-16 21:12:44.539 I/auditd  (  214): type=1400 audit(0.0:21): avc: granted { setsched } for comm="modem_sysboot_s" scontext=u:r:kernel:s0 tcontext=u:r:kernel:s0 tclass=process
03-16 21:12:44.539 I/auditd  (  214): type=1400 audit(0.0:22): avc: granted { setsched } for comm="modem_sysboot_s" scontext=u:r:kernel:s0 tcontext=u:r:kernel:s0 tclass=process
03-16 21:12:44.539 I/auditd  (  214): type=1400 audit(0.0:23): avc: granted { setsched } for comm="modem_sysboot_s" scontext=u:r:kernel:s0 tcontext=u:r:kernel:s0 tclass=process
03-16 21:12:44.539 I/auditd  (  214): type=1400 audit(0.0:24): avc: granted { setsched } for comm="modem_sysboot_s" scontext=u:r:kernel:s0 tcontext=u:r:kernel:s0 tclass=process
03-16 21:12:44.539 I/auditd  (  214): type=1400 audit(0.0:25): avc: granted { setsched } for comm="modem_sysboot_s" scontext=u:r:kernel:s0 tcontext=u:r:kernel:s0 tclass=process
03-16 21:12:44.539 I/auditd  (  214): type=1400 audit(0.0:26): avc: granted { setsched } for comm="modem_sysboot_s" scontext=u:r:kernel:s0 tcontext=u:r:kernel:s0 tclass=process
03-16 21:12:50.058 I/boot_progress_start(  575): 9772
03-16 21:12:51.247 I/boot_progress_preload_start(  575): 10960
03-16 21:12:51.532 I/boot_progress_preload_start(  576): 11246
03-16 21:12:52.675 I/boot_progress_preload_end(  575): 12390
03-16 21:12:52.698 I/boot_progress_preload_end(  576): 12412
03-16 21:12:52.847 I/boot_progress_system_run( 1074): 12562
03-16 21:12:53.451 I/boot_progress_pms_start( 1074): 13165
03-16 21:12:53.699 I/boot_progress_pms_system_scan_start( 1074): 13413
03-16 21:12:56.051 I/boot_progress_pms_data_scan_start( 1074): 15766
03-16 21:12:58.292 I/boot_progress_pms_scan_end( 1074): 18006
03-16 21:12:58.306 I/pm_critical_info( 1074): Destroying /data/user/0/uninstalled_delapp.xml due to: com.android.server.pm.PackageManagerException: Package uninstalled_delapp.xml is unknown
03-16 21:12:58.308 I/pm_critical_info( 1074): Failed to destroy: com.android.internal.os.InstallerConnection$InstallerException: Failed to execute destroy_app_data [null, uninstalled_delapp.xml, 0, 2, 0]: -20
03-16 21:12:58.663 I/boot_progress_pms_ready( 1074): 18377
03-16 21:12:58.770 I/battery_status( 1074): [3,2,1,0,Li-poly]
03-16 21:12:58.770 I/battery_level( 1074): [75,3959,290]
03-16 21:12:58.987 I/wm_stack_created( 1074): 0
03-16 21:12:59.048 I/configuration_changed( 1074): 7672
03-16 21:12:59.056 I/configuration_changed( 1074): 1280
03-16 21:12:59.076 I/configuration_changed( 1074): 512
03-16 21:12:59.200 I/configuration_changed( 1074): 8
03-16 21:12:59.637 I/notification_cancel_all( 1074): [1000,1074,com.baidu.BaiduMap,0,0,0,7,NULL]
03-16 21:12:59.653 I/free_storage_left( 1074): [51521953792,41156608,254480384]
03-16 21:12:59.653 I/free_storage_changed( 1074): 51521953792
03-16 21:12:59.693 I/stream_devices_changed( 1074): [0,0,1]
03-16 21:12:59.693 I/stream_devices_changed( 1074): [2,0,2]
03-16 21:12:59.693 I/stream_devices_changed( 1074): [3,0,2]
03-16 21:12:59.694 I/stream_devices_changed( 1074): [4,0,2]
03-16 21:12:59.694 I/stream_devices_changed( 1074): [6,0,1]
03-16 21:13:00.498 I/boot_progress_ams_ready( 1074): 20212
03-16 21:13:00.499 I/configuration_changed( 1074): 65536
03-16 21:13:00.506 I/am_create_service( 1074): [0,70068612,.TelecomService,1000,1074]
03-16 21:13:00.540 I/am_proc_start( 1074): [0,1293,1002,com.android.bluetooth,service,com.android.bluetooth/.btservice.AdapterService]
03-16 21:13:00.557 I/am_proc_start( 1074): [0,1306,10075,com.android.inputmethod.latin,service,com.android.inputmethod.latin/.LatinIME]
03-16 21:13:00.557 I/am_proc_bound( 1074): [0,1293,com.android.bluetooth]
03-16 21:13:00.560 I/am_create_service( 1074): [0,102062576,.AdapterService,1002,1293]
03-16 21:13:00.581 I/am_proc_bound( 1074): [0,1306,com.android.inputmethod.latin]
03-16 21:13:00.583 I/am_create_service( 1074): [0,36287032,.LatinIME,10075,1306]
03-16 21:13:00.596 I/am_proc_start( 1074): [0,1329,1000,com.android.settings,broadcast,com.android.settings/.deviceinfo.UsbReceiver]
03-16 21:13:00.602 I/am_proc_bound( 1074): [0,1329,com.android.settings]
03-16 21:13:00.650 I/am_proc_start( 1074): [0,1344,1037,WebViewLoader-armeabi-v7a,,]
03-16 21:13:00.655 I/am_proc_start( 1074): [0,1351,1037,WebViewLoader-arm64-v8a,,]
03-16 21:13:00.666 I/am_proc_start( 1074): [0,1374,1000,com.huawei.securitymgr,service,com.huawei.securitymgr/.AuthenticationService]
03-16 21:13:00.674 I/am_proc_start( 1074): [0,1382,10027,com.android.systemui,service,com.android.systemui/.SystemUIService]
03-16 21:13:00.680 I/am_proc_bound( 1074): [0,1374,com.huawei.securitymgr]
03-16 21:13:00.682 I/am_create_service( 1074): [0,153603927,.AuthenticationService,1000,1374]
03-16 21:13:00.684 I/am_proc_bound( 1074): [0,1382,com.android.systemui]
03-16 21:13:00.686 I/am_create_service( 1074): [0,184055597,.SystemUIService,10027,1382]
03-16 21:13:01.072 I/am_create_service( 1074): [0,9168709,.HwImageWallpaper,10027,1382]
03-16 21:13:01.080 I/netstats_mobile_sample( 1074): [0,0,0,0,0,0,0,0,0,0,0,0,-1]
03-16 21:13:01.080 I/netstats_wifi_sample( 1074): [0,0,0,0,0,0,0,0,0,0,0,0,-1]
03-16 21:13:01.118 I/am_create_service( 1074): [0,9801020,.FusedLocationService,1000,1074]
03-16 21:13:01.144 I/am_proc_start( 1074): [0,1479,1000,com.huawei.android.chr,added application,com.huawei.android.chr]
03-16 21:13:01.160 I/am_proc_start( 1074): [0,1493,1000,com.huawei.powergenie,added application,com.huawei.powergenie]
03-16 21:13:01.168 I/am_proc_start( 1074): [0,1506,10090,com.huawei.ihealth,added application,com.huawei.ihealth]
03-16 21:13:01.178 I/am_proc_start( 1074): [0,1522,1001,com.android.phone,added application,com.android.phone]
03-16 21:13:01.219 I/am_create_task( 1074): [0,0]
03-16 21:13:01.219 I/am_create_activity( 1074): [0,130581337,0,com.android.settings/.FallbackHome,android.intent.action.MAIN,NULL,NULL,276824832]
03-16 21:13:01.220 I/wm_task_created( 1074): [0,0]
03-16 21:13:01.220 I/wm_task_moved( 1074): [0,1,0]
03-16 21:13:01.220 I/wm_task_moved( 1074): [0,1,0]
03-16 21:13:01.221 I/am_focused_activity( 1074): [0,com.android.settings/.FallbackHome,startedActivity]
03-16 21:13:01.223 I/am_restart_activity( 1074): [0,130581337,0,com.android.settings/.FallbackHome]
03-16 21:13:01.228 I/am_create_service( 1074): [0,211472056,.GeofenceHardwareService,1000,1074]
03-16 21:13:01.228 I/am_proc_bound( 1074): [0,1479,com.huawei.android.chr]
03-16 21:13:01.230 I/am_proc_bound( 1074): [0,1493,com.huawei.powergenie]
03-16 21:13:01.234 I/am_proc_bound( 1074): [0,1506,com.huawei.ihealth]
03-16 21:13:01.237 I/am_proc_bound( 1074): [0,1522,com.android.phone]
03-16 21:13:01.260 I/am_create_service( 1074): [0,216883057,.KeyguardService,10027,1382]
03-19 14:33:15.670 I/notification_enqueue( 1074): [1000,1074,android,17040390,NULL,-1,Notification(pri=0 contentView=null vibrate=null sound=null tick defaults=0x0 flags=0x2 color=0x00000000 vis=PUBLIC) contentViewSize = 0 bigContentViewSize = 0 N = 1,0]
03-19 14:33:15.882 I/am_destroy_service( 1074): [0,113942815,15172]
03-19 14:33:15.898 I/am_kill ( 1074): [0,27354,com.huawei.indexsearch,906,empty #25]
03-19 14:33:15.898 I/am_mem_factor( 1074): [0,1]
03-19 14:33:15.918 I/am_pss  ( 1074): [1329,1000,com.android.settings,90625024,76894208,583680]
03-19 14:33:15.953 I/am_pss  ( 1074): [2216,10049,com.huawei.android.launcher,55411712,51265536,747520]
03-19 14:33:15.998 I/am_create_service( 1074): [0,199060977,.MtpService,10002,15172]
03-19 14:33:15.999 I/am_pss  ( 1074): [30627,10121,com.tencent.mobileqq,113634304,100147200,5120]
03-19 14:33:16.006 I/am_proc_died( 1074): [0,27354,com.huawei.indexsearch]
03-19 14:33:16.021 I/am_pss  ( 1074): [30674,10121,com.tencent.mobileqq:MSF,22605824,17600512,10240]
03-19 14:33:16.063 I/am_pss  ( 1074): [6700,10011,com.android.browser,178875392,5926912,172723200]
03-19 14:33:16.107 I/am_pss  ( 1074): [6331,10104,com.tencent.mm,143887360,132042752,4096]
03-19 14:33:16.123 I/am_pss  ( 1074): [29273,10004,com.android.contacts,43239424,36921344,167936]
03-19 14:33:16.137 I/am_pss  ( 1074): [2257,1001,com.android.incallui,34373632,32002048,345088]
03-19 14:33:16.155 I/am_pss  ( 1074): [8019,10046,com.baidu.input_huawei,151367680,131227648,10240]
03-19 14:33:16.173 I/am_pss  ( 1074): [29082,10028,com.android.mms,126016512,121311232,823296]
03-19 14:33:16.184 I/am_pss  ( 1074): [6543,10104,com.tencent.mm:exdevice,12648448,8650752,18432]
03-19 14:33:16.195 I/am_pss  ( 1074): [6437,10104,com.tencent.mm:push,13771776,10559488,15360]
03-19 14:33:16.205 I/am_pss  ( 1074): [29124,1000,com.huawei.cryptosms.service,4307968,2977792,523264]
03-19 14:33:16.214 I/am_pss  ( 1074): [31520,10052,com.huawei.parentcontrol,4708352,3428352,175104]
03-19 14:33:16.226 I/am_pss  ( 1074): [8150,1001,com.huawei.hidisk,11960320,9461760,167936]
03-19 14:33:16.237 I/am_pss  ( 1074): [11074,10048,com.huawei.hwid,23531520,21454848,45056]
03-19 14:33:16.247 I/am_pss  ( 1074): [31550,1000,android:ui,8804352,6492160,177152]
03-19 14:33:16.259 I/am_pss  ( 1074): [1293,1002,com.android.bluetooth,14564352,12062720,651264]
03-19 14:33:16.271 I/am_pss  ( 1074): [3310,1000,com.huawei.systemmanager,25226240,20201472,699392]
03-19 14:33:16.282 I/am_pss  ( 1074): [6909,10012,com.huawei.appmarket,15324160,12447744,168960]
03-19 14:33:16.296 I/am_pss  ( 1074): [1625,1000,com.huawei.systemmanager:service,55496704,49049600,3161088]
03-19 14:33:16.306 I/am_pss  ( 1074): [31502,10068,com.huawei.vassistant,6632448,4718592,17408]
03-19 14:33:16.316 I/am_pss  ( 1074): [31339,10051,com.huawei.android.hwouc,5997568,3862528,17408]
03-19 14:33:16.326 I/am_pss  ( 1074): [31488,1001,com.huawei.android.dsdscardmanager,5212160,3600384,181248]
03-19 14:33:16.338 I/am_pss  ( 1074): [6219,10023,com.huawei.android.totemweather,35032064,29401088,167936]
03-19 14:33:16.347 I/am_pss  ( 1074): [4507,10044,com.huawei.android.FloatTasks,3672064,2572288,351232]
03-19 14:33:16.361 I/am_pss  ( 1074): [18305,10108,com.eg.android.AlipayGphone:push,25169920,18526208,10240]
03-19 14:33:16.373 I/am_pss  ( 1074): [24113,10017,com.huawei.intelligent,33049600,30097408,612352]
03-19 14:33:16.383 I/am_pss  ( 1074): [7092,10020,com.huawei.phoneservice,6107136,4268032,22528]
03-19 14:33:16.394 I/am_pss  ( 1074): [2065,1000,com.huawei.imonitor,21005312,17100800,2396160]
03-19 14:33:16.404 I/am_pss  ( 1074): [31372,10020,com.huawei.phoneservice:autologuploadservice,5456896,3493888,18432]
03-19 14:33:16.413 I/am_pss  ( 1074): [1610,1000,com.huawei.bd,8008704,5947392,1024000]
03-19 14:33:16.428 I/am_pss  ( 1074): [31135,10121,com.tencent.mobileqq:qzone,56625152,46514176,6144]
03-19 14:33:16.439 I/am_pss  ( 1074): [1795,10004,android.process.acore,21255168,17334272,2736128]
03-19 14:33:16.449 I/am_pss  ( 1074): [5457,1000,com.huawei.trustspace,5091328,4009984,270336]
03-19 14:33:16.458 I/am_pss  ( 1074): [7068,10051,com.huawei.android.hwouc:usersurvey,3717120,2572288,64512]
03-19 14:33:16.468 I/am_pss  ( 1074): [28234,10051,com.huawei.android.hwouc:hwbdservice,4411392,2723840,22528]
03-19 14:33:16.477 I/am_pss  ( 1074): [7039,10051,com.huawei.android.hwouc:hwbd,3867648,2699264,49152]
03-19 14:33:16.489 I/am_pss  ( 1074): [10936,10014,com.android.gallery3d,44386304,4747264,39452672]
03-19 14:33:16.505 I/am_pss  ( 1074): [18192,10108,com.eg.android.AlipayGphone,56009728,48574464,10240]
03-19 14:33:16.515 I/am_pss  ( 1074): [7336,10105,com.huawei.hilink.framework,5238784,3944448,24576]
03-19 14:33:16.524 I/am_pss  ( 1074): [15856,10065,com.huawei.android.wfdft,4515840,3395584,179200]
03-19 14:33:16.534 I/am_pss  ( 1074): [21348,10021,com.huawei.hwvplayer.youku,6502400,4947968,22528]
03-19 14:33:16.546 I/am_pss  ( 1074): [24144,10007,com.android.calendar,17401856,15196160,177152]
03-19 14:33:16.555 I/am_pss  ( 1074): [28032,10035,com.android.providers.calendar,5794816,4489216,173056]
03-19 14:33:16.565 I/am_pss  ( 1074): [29377,1000,com.android.server.telecom:ui,6926336,4571136,176128]
03-19 14:33:16.575 I/am_pss  ( 1074): [29028,10012,com.huawei.appmarket:autologuploadservice,5465088,3706880,178176]
03-19 14:33:16.585 I/am_pss  ( 1074): [18332,10108,com.eg.android.AlipayGphone:tools,10935296,7884800,16384]
03-19 14:33:16.595 I/am_pss  ( 1074): [28046,10075,com.android.inputmethod.latin,5271552,3702784,179200]
03-19 14:33:16.609 I/am_pss  ( 1074): [22478,10104,com.tencent.mm:tools,37969920,31825920,8192]
03-19 14:33:16.619 I/am_pss  ( 1074): [18224,10108,com.eg.android.AlipayGphone:ext,9366528,6516736,17408]
03-19 14:33:16.630 I/am_pss  ( 1074): [2190,10000,com.amap.android.ams,13639680,11075584,978944]
03-19 14:33:16.640 I/am_pss  ( 1074): [1888,1000,com.huawei.android.instantshare,8700928,7254016,402432]
03-19 14:33:16.650 I/am_pss  ( 1074): [4746,1000,com.huawei.android.pushagent.PushService,8549376,6959104,217088]
03-19 14:33:16.659 I/am_pss  ( 1074): [1873,10113,com.huawei.iconnect,4674560,3125248,774144]
03-19 14:33:16.669 I/am_pss  ( 1074): [2144,1000,com.huawei.geofence,7209984,3710976,2609152]
03-19 14:33:16.678 I/am_pss  ( 1074): [2126,1000,com.huawei.vrservice,5068800,3215360,594944]
03-19 14:33:16.688 I/am_pss  ( 1074): [2116,1000,com.huawei.indexsearch.observer,9803776,7802880,1170432]
03-19 14:33:16.697 I/am_pss  ( 1074): [2073,10087,com.google.android.ext.services,4597760,2797568,996352]
03-19 14:33:16.713 I/am_pss  ( 1074): [1522,1001,com.android.phone,44472320,38703104,2549760]
