03-19 14:35:52.877 I/am_on_resume_called( 1329): [0,com.android.settings.Settings$DevelopmentSettingsActivity,RESUME_ACTIVITY]
03-19 14:35:52.877 I/am_on_resume_called( 1329): [0,com.android.settings.Settings$DevelopmentSettingsActivity]
03-19 14:35:52.934 I/notification_expansion( 1074): [-1|android|17040390|null|1000,0,0,148537,148537,91]
03-19 14:35:52.993 I/power_screen_broadcast_done( 1074): [0,332,1]
03-19 14:35:52.993 I/power_screen_broadcast_send( 1074): 1
03-19 14:35:53.059 I/netstats_mobile_sample( 1074): [21535096,35214,5399367,37676,21535096,35214,5399367,37676,21535096,35249,5479203,39646,1489905353061]
03-19 14:35:53.060 I/netstats_wifi_sample( 1074): [319910576,336261,36734260,291737,319696165,330608,32488616,286465,319490509,328057,33547734,302293,1489905353061]
03-19 14:35:53.124 I/force_gc( 1074): Binder
03-19 14:35:53.272 I/power_screen_broadcast_done( 1074): [1,278,1]
03-19 14:35:53.749 I/power_sleep_requested( 1074): 0
03-19 14:35:53.756 I/am_pause_activity( 1074): [0,127641499,com.android.settings/.Settings$DevelopmentSettingsActivity]
03-19 14:35:53.760 I/sysui_view_visibility( 1329): [39,0]
03-19 14:35:53.785 I/am_on_paused_called( 1329): [0,com.android.settings.Settings$DevelopmentSettingsActivity,handlePauseActivity]
03-19 14:35:53.788 I/am_stop_activity( 1074): [0,127641499,com.android.settings/.Settings$DevelopmentSettingsActivity]
03-19 14:35:53.793 I/sysui_histogram( 1074): [fingerprint_token,0]
03-19 14:35:53.796 I/am_on_stop_called( 1329): [0,com.android.settings.Settings$DevelopmentSettingsActivity,sleeping]
03-19 14:35:54.255 I/power_screen_state( 1074): [0,2,0,0]
03-19 14:35:54.255 I/screen_toggled( 1074): 0
03-19 14:35:54.255 I/sysui_histogram( 1074): [screen_timeout,60]
03-19 14:35:54.255 I/power_screen_broadcast_send( 1074): 1
03-19 14:35:54.386 I/sysui_status_bar_state( 1382): [1,1,0,0,1,0]
03-19 14:35:54.461 I/am_create_service( 1074): [0,36775705,.IntelligentIntentService,10017,24113]
03-19 14:35:54.487 I/am_destroy_service( 1074): [0,36775705,24113]
03-19 14:35:54.497 I/netstats_mobile_sample( 1074): [21535096,35214,5399367,37676,21535096,35214,5399367,37676,21535096,35249,5479203,39646,1489905354499]
03-19 14:35:54.498 I/netstats_wifi_sample( 1074): [319910576,336261,36734260,291737,319696165,330608,32488616,286465,319490509,328057,33547734,302293,1489905354499]
03-19 14:35:54.511 I/am_create_service( 1074): [0,254637022,.AutoCleanService,1000,3310]
03-19 14:35:54.524 I/am_destroy_service( 1074): [0,254637022,3310]
03-19 14:35:54.828 I/power_screen_broadcast_done( 1074): [0,573,1]
03-19 14:35:55.259 I/sysui_action( 1074): [252,false]
03-19 14:35:55.265 I/power_sleep_requested( 1074): 0
03-19 14:35:58.309 I/power_sleep_requested( 1074): 0
03-19 14:36:21.075 I/notification_cancel( 1074): [10027,1382,com.android.systemui,2132017204,low_battery,-1,0,1088,8,NULL]
03-19 14:36:21.084 I/notification_cancel( 1074): [1001,8150,com.huawei.hidisk,17,NULL,0,0,1088,8,NULL]
03-19 14:36:30.558 I/battery_level( 1074): [62,3996,220]
03-19 14:36:30.603 I/am_create_service( 1074): [0,129829001,.KeyValueBackupJob,1000,1074]
03-19 14:36:30.604 I/notification_cancel( 1074): [10027,1382,com.android.systemui,2132017204,low_battery,-1,0,1088,8,NULL]
03-19 14:36:30.604 I/notification_cancel( 1074): [1001,8150,com.huawei.hidisk,17,NULL,0,0,1088,8,NULL]
03-19 14:36:30.619 I/am_destroy_service( 1074): [0,129829001,1074]
03-19 14:36:30.650 I/am_pss  ( 1074): [1625,1000,com.huawei.systemmanager:service,53666816,47235072,3156992]
03-19 14:36:30.684 I/am_pss  ( 1074): [6219,10023,com.huawei.android.totemweather,34774016,29204480,161792]
03-19 14:36:30.710 I/am_pss  ( 1074): [3310,1000,com.huawei.systemmanager,39214080,34213888,689152]
03-19 14:36:30.733 I/am_pss  ( 1074): [24113,10017,com.huawei.intelligent,32998400,30072832,603136]
03-19 14:36:30.753 I/am_pss  ( 1074): [2065,1000,com.huawei.imonitor,19405824,15532032,2391040]
03-19 14:36:30.775 I/am_pss  ( 1074): [1293,1002,com.android.bluetooth,14803968,12062720,653312]
03-19 14:36:30.793 I/am_pss  ( 1074): [1888,1000,com.huawei.android.instantshare,8693760,7274496,397312]
03-19 14:36:30.807 I/am_pss  ( 1074): [1873,10113,com.huawei.iconnect,4657152,3125248,766976]
03-19 14:36:52.471 I/notification_cancel( 1074): [10027,1382,com.android.systemui,2132017204,low_battery,-1,0,1088,8,NULL]
03-19 14:36:52.474 I/notification_cancel( 1074): [1001,8150,com.huawei.hidisk,17,NULL,0,0,1088,8,NULL]
03-19 14:37:21.088 I/notification_cancel( 1074): [10027,1382,com.android.systemui,2132017204,low_battery,-1,0,1088,8,NULL]
03-19 14:37:21.098 I/notification_cancel( 1074): [1001,8150,com.huawei.hidisk,17,NULL,0,0,1088,8,NULL]
03-19 14:37:52.801 I/notification_cancel( 1074): [10027,1382,com.android.systemui,2132017204,low_battery,-1,0,1088,8,NULL]
03-19 14:37:52.819 I/notification_cancel( 1074): [1001,8150,com.huawei.hidisk,17,NULL,0,0,1088,8,NULL]
03-19 14:38:21.091 I/notification_cancel( 1074): [10027,1382,com.android.systemui,2132017204,low_battery,-1,0,1088,8,NULL]
03-19 14:38:21.106 I/notification_cancel( 1074): [1001,8150,com.huawei.hidisk,17,NULL,0,0,1088,8,NULL]
03-19 14:38:22.959 I/notification_cancel( 1074): [10027,1382,com.android.systemui,2132017204,low_battery,-1,0,1088,8,NULL]
03-19 14:38:22.967 I/notification_cancel( 1074): [1001,8150,com.huawei.hidisk,17,NULL,0,0,1088,8,NULL]
03-19 14:38:53.119 I/notification_cancel( 1074): [10027,1382,com.android.systemui,2132017204,low_battery,-1,0,1088,8,NULL]
03-19 14:38:53.132 I/notification_cancel( 1074): [1001,8150,com.huawei.hidisk,17,NULL,0,0,1088,8,NULL]
03-19 14:39:21.091 I/notification_cancel( 1074): [10027,1382,com.android.systemui,2132017204,low_battery,-1,0,1088,8,NULL]
03-19 14:39:21.104 I/notification_cancel( 1074): [1001,8150,com.huawei.hidisk,17,NULL,0,0,1088,8,NULL]
03-19 14:39:23.360 I/notification_cancel( 1074): [10027,1382,com.android.systemui,2132017204,low_battery,-1,0,1088,8,NULL]
03-19 14:39:23.367 I/notification_cancel( 1074): [1001,8150,com.huawei.hidisk,17,NULL,0,0,1088,8,NULL]
03-19 14:39:27.180 I/sysui_action( 1074): [252,false]
03-19 14:39:27.186 I/power_sleep_requested( 1074): 0
03-19 14:39:28.729 I/sysui_action( 1074): [252,true]
03-19 14:39:28.730 I/screen_toggled( 1382): 2
03-19 14:39:28.736 I/notification_expansion( 1074): [-1|android|17040390|null|1000,0,1,364339,364339,215893]
03-19 14:39:28.741 I/am_create_service( 1074): [0,175706098,.IntelligentIntentService,10017,24113]
03-19 14:39:28.743 I/sysui_status_bar_state( 1382): [0,0,0,0,1,0]
03-19 14:39:28.748 I/am_destroy_service( 1074): [0,175706098,24113]
03-19 14:39:28.778 I/am_resume_activity( 1074): [0,127641499,48,com.android.settings/.Settings$DevelopmentSettingsActivity]
03-19 14:39:28.782 I/power_screen_state( 1074): [1,0,0,0]
03-19 14:39:28.782 I/screen_toggled( 1074): 1
03-19 14:39:28.782 I/power_screen_broadcast_send( 1074): 1
03-19 14:39:28.786 I/sysui_histogram( 1382): [note_load,1]
03-19 14:39:28.786 I/notification_visibility( 1074): [-1|android|17040390|null|1000,1,364389,364389,0,0]
03-19 14:39:28.786 I/notification_panel_revealed( 1074): 1
03-19 14:39:28.790 I/am_create_service( 1074): [0,103904159,.AppInfoRecvIntentService,10108,18305]
03-19 14:39:28.791 I/netstats_mobile_sample( 1074): [21535096,35214,5399367,37676,21535096,35214,5399367,37676,21535096,35249,5479203,39646,1489905568793]
03-19 14:39:28.791 I/netstats_wifi_sample( 1074): [319915572,336290,36738992,291786,319700965,330630,32492466,286507,319495309,328079,33551584,302335,1489905568793]
03-19 14:39:28.796 I/am_destroy_service( 1074): [0,103904159,18305]
03-19 14:39:28.800 I/sysui_view_visibility( 1329): [39,100]
03-19 14:39:28.836 I/notification_visibility( 1074): [-1|android|17040390|null|1000,0,364439,364439,0,0]
03-19 14:39:28.837 I/notification_panel_hidden( 1074): []
03-19 14:39:28.850 I/am_on_resume_called( 1329): [0,com.android.settings.Settings$DevelopmentSettingsActivity,RESUME_ACTIVITY]
03-19 14:39:28.850 I/am_on_resume_called( 1329): [0,com.android.settings.Settings$DevelopmentSettingsActivity]
03-19 14:39:28.883 I/notification_expansion( 1074): [-1|android|17040390|null|1000,0,0,364486,364486,97]
03-19 14:39:28.909 I/netstats_mobile_sample( 1074): [21535096,35214,5399367,37676,21535096,35214,5399367,37676,21535096,35249,5479203,39646,1489905568912]
03-19 14:39:28.910 I/netstats_wifi_sample( 1074): [319915572,336290,36738992,291786,319700965,330630,32492466,286507,319495309,328079,33551584,302335,1489905568912]
03-19 14:39:29.067 I/power_screen_broadcast_done( 1074): [1,285,1]
03-19 14:39:30.475 I/power_sleep_requested( 1074): 0
03-19 14:39:30.484 I/am_pause_activity( 1074): [0,127641499,com.android.settings/.Settings$DevelopmentSettingsActivity]
03-19 14:39:30.485 I/sysui_view_visibility( 1329): [39,0]
03-19 14:39:30.526 I/am_on_paused_called( 1329): [0,com.android.settings.Settings$DevelopmentSettingsActivity,handlePauseActivity]
03-19 14:39:30.527 I/am_stop_activity( 1074): [0,127641499,com.android.settings/.Settings$DevelopmentSettingsActivity]
03-19 14:39:30.536 I/sysui_histogram( 1074): [fingerprint_token,0]
03-19 14:39:30.538 I/am_on_stop_called( 1329): [0,com.android.settings.Settings$DevelopmentSettingsActivity,sleeping]
03-19 14:39:30.983 I/power_screen_state( 1074): [0,2,0,0]
03-19 14:39:30.983 I/screen_toggled( 1074): 0
03-19 14:39:30.983 I/sysui_histogram( 1074): [screen_timeout,60]
03-19 14:39:30.983 I/power_screen_broadcast_send( 1074): 1
03-19 14:39:31.114 I/sysui_status_bar_state( 1382): [1,1,0,0,1,0]
03-19 14:39:31.183 I/am_create_service( 1074): [0,230797236,.IntelligentIntentService,10017,24113]
03-19 14:39:31.192 I/am_destroy_service( 1074): [0,230797236,24113]
03-19 14:39:31.201 I/netstats_mobile_sample( 1074): [21535096,35214,5399367,37676,21535096,35214,5399367,37676,21535096,35249,5479203,39646,1489905571203]
03-19 14:39:31.201 I/netstats_wifi_sample( 1074): [319915572,336290,36738992,291786,319700965,330630,32492466,286507,319495309,328079,33551584,302335,1489905571203]
03-19 14:39:31.209 I/am_create_service( 1074): [0,137943005,.AutoCleanService,1000,3310]
03-19 14:39:31.213 I/am_destroy_service( 1074): [0,137943005,3310]
03-19 14:39:31.481 I/sysui_action( 1074): [252,true]
03-19 14:39:31.483 I/screen_toggled( 1382): 2
03-19 14:39:31.490 I/notification_expansion( 1074): [-1|android|17040390|null|1000,0,1,367093,367093,2704]
03-19 14:39:31.502 I/sysui_status_bar_state( 1382): [0,0,0,0,1,0]
03-19 14:39:31.504 I/am_create_service( 1074): [0,263558826,.IntelligentIntentService,10017,24113]
03-19 14:39:31.510 I/am_destroy_service( 1074): [0,263558826,24113]
03-19 14:39:31.529 I/power_screen_broadcast_done( 1074): [0,546,1]
03-19 14:39:31.542 I/am_resume_activity( 1074): [0,127641499,48,com.android.settings/.Settings$DevelopmentSettingsActivity]
03-19 14:39:31.546 I/power_screen_state( 1074): [1,0,0,0]
03-19 14:39:31.546 I/screen_toggled( 1074): 1
03-19 14:39:31.546 I/power_screen_broadcast_send( 1074): 1
03-19 14:39:31.550 I/notification_visibility( 1074): [-1|android|17040390|null|1000,1,367153,367153,0,0]
03-19 14:39:31.550 I/sysui_histogram( 1382): [note_load,1]
03-19 14:39:31.550 I/notification_panel_revealed( 1074): 1
03-19 14:39:31.552 I/netstats_mobile_sample( 1074): [21535096,35214,5399367,37676,21535096,35214,5399367,37676,21535096,35249,5479203,39646,1489905571555]
03-19 14:39:31.553 I/netstats_wifi_sample( 1074): [319915572,336290,36738992,291786,319700965,330630,32492466,286507,319495309,328079,33551584,302335,1489905571555]
03-19 14:39:31.555 I/am_create_service( 1074): [0,143020290,.AppInfoRecvIntentService,10108,18305]
03-19 14:39:31.567 I/sysui_view_visibility( 1329): [39,100]
03-19 14:39:31.569 I/am_destroy_service( 1074): [0,143020290,18305]
03-19 14:39:31.574 I/notification_visibility( 1074): [-1|android|17040390|null|1000,0,367177,367177,0,0]
03-19 14:39:31.574 I/notification_panel_hidden( 1074): []
03-19 14:39:31.584 I/am_on_resume_called( 1329): [0,com.android.settings.Settings$DevelopmentSettingsActivity,RESUME_ACTIVITY]
03-19 14:39:31.584 I/am_on_resume_called( 1329): [0,com.android.settings.Settings$DevelopmentSettingsActivity]
03-19 14:39:31.636 I/notification_expansion( 1074): [-1|android|17040390|null|1000,0,0,367239,367239,86]
03-19 14:39:31.642 I/netstats_mobile_sample( 1074): [21535096,35214,5399367,37676,21535096,35214,5399367,37676,21535096,35249,5479203,39646,1489905571644]
03-19 14:39:31.642 I/netstats_wifi_sample( 1074): [319915572,336290,36738992,291786,319700965,330630,32492466,286507,319495309,328079,33551584,302335,1489905571644]
03-19 14:39:31.796 I/power_screen_broadcast_done( 1074): [1,250,1]
03-19 14:39:32.559 I/power_sleep_requested( 1074): 0
03-19 14:39:32.565 I/am_pause_activity( 1074): [0,127641499,com.android.settings/.Settings$DevelopmentSettingsActivity]
03-19 14:39:32.566 I/sysui_view_visibility( 1329): [39,0]
03-19 14:39:32.572 I/am_on_paused_called( 1329): [0,com.android.settings.Settings$DevelopmentSettingsActivity,handlePauseActivity]
03-19 14:39:32.574 I/am_stop_activity( 1074): [0,127641499,com.android.settings/.Settings$DevelopmentSettingsActivity]
03-19 14:39:32.582 I/am_on_stop_called( 1329): [0,com.android.settings.Settings$DevelopmentSettingsActivity,sleeping]
03-19 14:39:32.584 I/sysui_histogram( 1074): [fingerprint_token,0]
03-19 14:39:33.290 I/power_screen_state( 1074): [0,2,0,0]
03-19 14:39:33.290 I/screen_toggled( 1074): 0
03-19 14:39:33.290 I/sysui_histogram( 1074): [screen_timeout,60]
03-19 14:39:33.291 I/power_screen_broadcast_send( 1074): 1
03-19 14:39:33.341 I/sysui_status_bar_state( 1382): [1,1,0,0,1,0]
03-19 14:39:33.372 I/am_create_service( 1074): [0,172291001,.IntelligentIntentService,10017,24113]
03-19 14:39:33.379 I/am_destroy_service( 1074): [0,172291001,24113]
03-19 14:39:33.403 I/sysui_action( 1074): [252,false]
03-19 14:39:33.403 I/netstats_mobile_sample( 1074): [21535096,35214,5399367,37676,21535096,35214,5399367,37676,21535096,35249,5479203,39646,1489905573406]
03-19 14:39:33.404 I/netstats_wifi_sample( 1074): [319915572,336290,36738992,291786,319700965,330630,32492466,286507,319495309,328079,33551584,302335,1489905573406]
03-19 14:39:33.408 I/am_create_service( 1074): [0,196367358,.AutoCleanService,1000,3310]
03-19 14:39:33.411 I/am_destroy_service( 1074): [0,196367358,3310]
03-19 14:39:33.416 I/power_sleep_requested( 1074): 0
03-19 14:39:33.425 I/force_gc( 1074): Binder
03-19 14:39:33.566 I/power_screen_broadcast_done( 1074): [0,275,1]
03-19 14:39:33.806 I/sf_frame_dur(  449): [NavigationBar,0,1,0,0,0,0,0]
03-19 14:39:34.593 I/sysui_action( 1074): [252,false]
03-19 14:39:34.598 I/power_sleep_requested( 1074): 0
03-19 14:39:35.838 I/sysui_action( 1074): [252,false]
03-19 14:39:35.844 I/power_sleep_requested( 1074): 0
03-19 14:39:37.352 I/sysui_action( 1074): [252,false]
03-19 14:39:37.357 I/power_sleep_requested( 1074): 0
03-19 14:39:38.649 I/sysui_action( 1074): [252,false]
03-19 14:39:38.654 I/power_sleep_requested( 1074): 0
03-19 14:39:41.699 I/power_sleep_requested( 1074): 0
03-19 14:39:53.518 I/notification_cancel( 1074): [10027,1382,com.android.systemui,2132017204,low_battery,-1,0,1088,8,NULL]
03-19 14:39:53.520 I/notification_cancel( 1074): [1001,8150,com.huawei.hidisk,17,NULL,0,0,1088,8,NULL]
03-19 14:40:15.935 I/sysui_action( 1074): [252,true]
03-19 14:40:15.936 I/screen_toggled( 1382): 2
03-19 14:40:15.941 I/notification_expansion( 1074): [-1|android|17040390|null|1000,0,1,411544,411544,44391]
03-19 14:40:15.947 I/am_create_service( 1074): [0,267921821,.IntelligentIntentService,10017,24113]
03-19 14:40:15.948 I/sysui_status_bar_state( 1382): [0,0,0,0,1,0]
03-19 14:40:15.953 I/am_destroy_service( 1074): [0,267921821,24113]
03-19 14:40:15.958 I/am_pss  ( 1074): [6219,10023,com.huawei.android.totemweather,34782208,29212672,161792]
03-19 14:40:15.975 I/am_pss  ( 1074): [1625,1000,com.huawei.systemmanager:service,54538240,48107520,3156992]
03-19 14:40:15.987 I/am_resume_activity( 1074): [0,127641499,48,com.android.settings/.Settings$DevelopmentSettingsActivity]
03-19 14:40:16.000 I/am_pss  ( 1074): [4507,10044,com.huawei.android.FloatTasks,3745792,2674688,335872]
03-19 14:40:16.001 I/power_screen_state( 1074): [1,0,0,0]
03-19 14:40:16.001 I/screen_toggled( 1074): 1
03-19 14:40:16.002 I/power_screen_broadcast_send( 1074): 1
03-19 14:40:16.005 I/notification_visibility( 1074): [-1|android|17040390|null|1000,1,411608,411608,0,0]
03-19 14:40:16.008 I/am_create_service( 1074): [0,132378453,.AppInfoRecvIntentService,10108,18305]
03-19 14:40:16.009 I/sysui_histogram( 1382): [note_load,1]
03-19 14:40:16.009 I/notification_panel_revealed( 1074): 1
03-19 14:40:16.016 I/am_destroy_service( 1074): [0,132378453,18305]
03-19 14:40:16.018 I/sysui_view_visibility( 1329): [39,100]
03-19 14:40:16.023 I/notification_visibility( 1074): [-1|android|17040390|null|1000,0,411626,411626,0,0]
03-19 14:40:16.025 I/notification_panel_hidden( 1074): []
03-19 14:40:16.031 I/am_on_resume_called( 1329): [0,com.android.settings.Settings$DevelopmentSettingsActivity,RESUME_ACTIVITY]
03-19 14:40:16.032 I/am_on_resume_called( 1329): [0,com.android.settings.Settings$DevelopmentSettingsActivity]
03-19 14:40:16.089 I/netstats_mobile_sample( 1074): [21535096,35214,5399367,37676,21535096,35214,5399367,37676,21535096,35249,5479203,39646,1489905616092]
03-19 14:40:16.090 I/netstats_wifi_sample( 1074): [319915628,336292,36739076,291788,319700965,330630,32492466,286507,319495309,328079,33551584,302335,1489905616092]
03-19 14:40:16.137 I/notification_expansion( 1074): [-1|android|17040390|null|1000,0,0,411740,411740,132]
03-19 14:40:16.151 I/netstats_mobile_sample( 1074): [21535096,35214,5399367,37676,21535096,35214,5399367,37676,21535096,35249,5479203,39646,1489905616154]
03-19 14:40:16.152 I/netstats_wifi_sample( 1074): [319915628,336292,36739076,291788,319700965,330630,32492466,286507,319495309,328079,33551584,302335,1489905616154]
03-19 14:40:16.332 I/power_screen_broadcast_done( 1074): [1,330,1]
03-19 14:40:17.368 I/power_sleep_requested( 1074): 0
03-19 14:40:17.374 I/am_pause_activity( 1074): [0,127641499,com.android.settings/.Settings$DevelopmentSettingsActivity]
03-19 14:40:17.375 I/sysui_view_visibility( 1329): [39,0]
03-19 14:40:17.408 I/am_on_paused_called( 1329): [0,com.android.settings.Settings$DevelopmentSettingsActivity,handlePauseActivity]
03-19 14:40:17.410 I/am_stop_activity( 1074): [0,127641499,com.android.settings/.Settings$DevelopmentSettingsActivity]
03-19 14:40:17.419 I/am_on_stop_called( 1329): [0,com.android.settings.Settings$DevelopmentSettingsActivity,sleeping]
03-19 14:40:17.421 I/sysui_histogram( 1074): [fingerprint_token,0]
03-19 14:40:18.090 I/power_screen_state( 1074): [0,2,0,0]
03-19 14:40:18.090 I/screen_toggled( 1074): 0
03-19 14:40:18.090 I/sysui_histogram( 1074): [screen_timeout,60]
03-19 14:40:18.090 I/power_screen_broadcast_send( 1074): 1
03-19 14:40:18.095 I/sysui_action( 1074): [252,false]
03-19 14:40:18.143 I/sysui_status_bar_state( 1382): [1,1,0,0,1,0]
03-19 14:40:18.171 I/am_create_service( 1074): [0,212777597,.IntelligentIntentService,10017,24113]
03-19 14:40:18.178 I/am_destroy_service( 1074): [0,212777597,24113]
03-19 14:40:18.196 I/power_sleep_requested( 1074): 0
03-19 14:40:18.208 I/netstats_mobile_sample( 1074): [21535096,35214,5399367,37676,21535096,35214,5399367,37676,21535096,35249,5479203,39646,1489905618210]
03-19 14:40:18.208 I/netstats_wifi_sample( 1074): [319915696,336293,36739076,291788,319701033,330631,32492466,286507,319495377,328080,33551584,302335,1489905618210]
03-19 14:40:18.213 I/am_create_service( 1074): [0,216378738,.AutoCleanService,1000,3310]
03-19 14:40:18.220 I/am_destroy_service( 1074): [0,216378738,3310]
03-19 14:40:18.374 I/power_screen_broadcast_done( 1074): [0,284,1]
03-19 14:40:18.605 I/sf_frame_dur(  449): [NavigationBar,0,1,0,0,0,0,0]
03-19 14:40:19.771 I/sysui_action( 1074): [252,false]
03-19 14:40:19.777 I/power_sleep_requested( 1074): 0
03-19 14:40:21.073 I/notification_cancel( 1074): [10027,1382,com.android.systemui,2132017204,low_battery,-1,0,1088,8,NULL]
03-19 14:40:21.076 I/notification_cancel( 1074): [1001,8150,com.huawei.hidisk,17,NULL,0,0,1088,8,NULL]
03-19 14:40:21.459 I/sysui_action( 1074): [252,false]
03-19 14:40:21.465 I/power_sleep_requested( 1074): 0
03-19 14:40:23.079 I/sysui_action( 1074): [252,false]
03-19 14:40:23.085 I/power_sleep_requested( 1074): 0
03-19 14:40:23.648 I/notification_cancel( 1074): [1001,8150,com.huawei.hidisk,17,NULL,0,0,1088,8,NULL]
03-19 14:40:23.649 I/notification_cancel( 1074): [10027,1382,com.android.systemui,2132017204,low_battery,-1,0,1088,8,NULL]
03-19 14:40:25.126 I/sysui_action( 1074): [252,false]
03-19 14:40:25.132 I/power_sleep_requested( 1074): 0
03-19 14:40:25.421 I/sysui_action( 1074): [252,true]
03-19 14:40:25.426 I/screen_toggled( 1382): 2
03-19 14:40:25.441 I/notification_expansion( 1074): [-1|android|17040390|null|1000,0,1,421044,421044,9436]
03-19 14:40:25.452 I/am_create_service( 1074): [0,109684858,.IntelligentIntentService,10017,24113]
03-19 14:40:25.454 I/sysui_status_bar_state( 1382): [0,0,0,0,1,0]
03-19 14:40:25.463 I/am_destroy_service( 1074): [0,109684858,24113]
03-19 14:40:25.524 I/am_resume_activity( 1074): [0,127641499,48,com.android.settings/.Settings$DevelopmentSettingsActivity]
03-19 14:40:25.535 I/power_screen_state( 1074): [1,0,0,0]
03-19 14:40:25.535 I/screen_toggled( 1074): 1
03-19 14:40:25.535 I/power_screen_broadcast_send( 1074): 1
03-19 14:40:25.552 I/netstats_mobile_sample( 1074): [21535096,35214,5399367,37676,21535096,35214,5399367,37676,21535096,35249,5479203,39646,1489905625555]
03-19 14:40:25.552 I/netstats_wifi_sample( 1074): [319915696,336293,36739076,291788,319701033,330631,32492466,286507,319495377,328080,33551584,302335,1489905625555]
03-19 14:40:25.553 I/am_create_service( 1074): [0,54079577,.AppInfoRecvIntentService,10108,18305]
03-19 14:40:25.566 I/am_destroy_service( 1074): [0,54079577,18305]
03-19 14:40:25.572 I/sysui_view_visibility( 1329): [39,100]
03-19 14:40:25.584 I/am_on_resume_called( 1329): [0,com.android.settings.Settings$DevelopmentSettingsActivity,RESUME_ACTIVITY]
03-19 14:40:25.584 I/am_on_resume_called( 1329): [0,com.android.settings.Settings$DevelopmentSettingsActivity]
03-19 14:40:25.622 I/notification_expansion( 1074): [-1|android|17040390|null|1000,0,0,421225,421225,9617]
03-19 14:40:25.661 I/netstats_mobile_sample( 1074): [21535096,35214,5399367,37676,21535096,35214,5399367,37676,21535096,35249,5479203,39646,1489905625664]
03-19 14:40:25.661 I/netstats_wifi_sample( 1074): [319915696,336293,36739076,291788,319701033,330631,32492466,286507,319495377,328080,33551584,302335,1489905625664]
03-19 14:40:25.685 I/force_gc( 1074): Binder
03-19 14:40:25.848 I/power_screen_broadcast_done( 1074): [1,313,1]
03-19 14:40:26.543 I/power_sleep_requested( 1074): 0
03-19 14:40:26.549 I/am_pause_activity( 1074): [0,127641499,com.android.settings/.Settings$DevelopmentSettingsActivity]
03-19 14:40:26.550 I/sysui_view_visibility( 1329): [39,0]
03-19 14:40:26.578 I/am_on_paused_called( 1329): [0,com.android.settings.Settings$DevelopmentSettingsActivity,handlePauseActivity]
03-19 14:40:26.581 I/am_stop_activity( 1074): [0,127641499,com.android.settings/.Settings$DevelopmentSettingsActivity]
03-19 14:40:26.591 I/am_on_stop_called( 1329): [0,com.android.settings.Settings$DevelopmentSettingsActivity,sleeping]
03-19 14:40:26.595 I/sysui_histogram( 1074): [fingerprint_token,0]
03-19 14:40:27.111 I/sysui_action( 1074): [252,true]
03-19 14:40:27.268 I/power_screen_state( 1074): [0,2,0,0]
03-19 14:40:27.268 I/screen_toggled( 1074): 0
03-19 14:40:27.268 I/sysui_histogram( 1074): [screen_timeout,60]
03-19 14:40:27.268 I/power_screen_broadcast_send( 1074): 1
03-19 14:40:27.318 I/sysui_status_bar_state( 1382): [1,1,0,0,1,0]
03-19 14:40:27.322 I/sysui_histogram( 1074): [fingerprint_token,0]
03-19 14:40:27.349 I/am_create_service( 1074): [0,19304654,.IntelligentIntentService,10017,24113]
03-19 14:40:27.357 I/am_destroy_service( 1074): [0,19304654,24113]
03-19 14:40:27.378 I/screen_toggled( 1382): 2
03-19 14:40:27.394 I/notification_expansion( 1074): [-1|android|17040390|null|1000,0,1,422997,422997,11389]
03-19 14:40:27.397 I/netstats_mobile_sample( 1074): [21535096,35214,5399367,37676,21535096,35214,5399367,37676,21535096,35249,5479203,39646,1489905627400]
03-19 14:40:27.398 I/netstats_wifi_sample( 1074): [319915696,336293,36739076,291788,319701033,330631,32492466,286507,319495377,328080,33551584,302335,1489905627400]
03-19 14:40:27.400 I/sysui_status_bar_state( 1382): [0,0,0,0,1,0]
03-19 14:40:27.412 I/am_create_service( 1074): [0,136513547,.AutoCleanService,1000,3310]
03-19 14:40:27.416 I/am_create_service( 1074): [0,115341032,.IntelligentIntentService,10017,24113]
03-19 14:40:27.432 I/am_destroy_service( 1074): [0,136513547,3310]
03-19 14:40:27.435 I/sf_frame_dur(  449): [NavigationBar,0,0,1,0,0,0,0]
03-19 14:40:27.444 I/am_destroy_service( 1074): [0,115341032,24113]
03-19 14:40:27.464 I/netstats_mobile_sample( 1074): [21535096,35214,5399367,37676,21535096,35214,5399367,37676,21535096,35249,5479203,39646,1489905627467]
03-19 14:40:27.465 I/netstats_wifi_sample( 1074): [319915696,336293,36739076,291788,319701033,330631,32492466,286507,319495377,328080,33551584,302335,1489905627467]
03-19 14:40:27.469 I/am_resume_activity( 1074): [0,127641499,48,com.android.settings/.Settings$DevelopmentSettingsActivity]
03-19 14:40:27.482 I/power_screen_state( 1074): [1,0,0,0]
03-19 14:40:27.482 I/screen_toggled( 1074): 1
03-19 14:40:27.485 I/am_create_service( 1074): [0,69365123,.AppInfoRecvIntentService,10108,18305]
03-19 14:40:27.496 I/notification_visibility( 1074): [-1|android|17040390|null|1000,1,423099,423099,0,0]
03-19 14:40:27.496 I/sysui_histogram( 1382): [note_load,1]
03-19 14:40:27.496 I/notification_panel_revealed( 1074): 1
03-19 14:40:27.511 I/am_destroy_service( 1074): [0,69365123,18305]
03-19 14:40:27.514 I/notification_visibility( 1074): [-1|android|17040390|null|1000,0,423117,423117,0,0]
03-19 14:40:27.514 I/notification_panel_hidden( 1074): []
03-19 14:40:27.517 I/sysui_view_visibility( 1329): [39,100]
03-19 14:40:27.532 I/am_on_resume_called( 1329): [0,com.android.settings.Settings$DevelopmentSettingsActivity,RESUME_ACTIVITY]
03-19 14:40:27.532 I/am_on_resume_called( 1329): [0,com.android.settings.Settings$DevelopmentSettingsActivity]
03-19 14:40:27.550 I/notification_expansion( 1074): [-1|android|17040390|null|1000,0,0,423153,423153,54]
03-19 14:40:27.671 I/power_screen_broadcast_done( 1074): [0,403,1]
03-19 14:40:27.671 I/power_screen_broadcast_send( 1074): 1
03-19 14:40:27.750 I/netstats_mobile_sample( 1074): [21535096,35214,5399367,37676,21535096,35214,5399367,37676,21535096,35249,5479203,39646,1489905627752]
03-19 14:40:27.750 I/netstats_wifi_sample( 1074): [319915696,336293,36739076,291788,319701033,330631,32492466,286507,319495377,328080,33551584,302335,1489905627752]
03-19 14:40:27.920 I/power_screen_broadcast_done( 1074): [1,249,1]
03-19 14:40:28.447 I/power_sleep_requested( 1074): 0
03-19 14:40:28.455 I/am_pause_activity( 1074): [0,127641499,com.android.settings/.Settings$DevelopmentSettingsActivity]
03-19 14:40:28.456 I/sysui_view_visibility( 1329): [39,0]
03-19 14:40:28.463 I/am_on_paused_called( 1329): [0,com.android.settings.Settings$DevelopmentSettingsActivity,handlePauseActivity]
03-19 14:40:28.467 I/am_stop_activity( 1074): [0,127641499,com.android.settings/.Settings$DevelopmentSettingsActivity]
03-19 14:40:28.480 I/am_on_stop_called( 1329): [0,com.android.settings.Settings$DevelopmentSettingsActivity,sleeping]
03-19 14:40:28.485 I/sysui_histogram( 1074): [fingerprint_token,0]
03-19 14:40:28.984 I/power_screen_state( 1074): [0,2,0,0]
03-19 14:40:28.984 I/screen_toggled( 1074): 0
03-19 14:40:28.985 I/sysui_histogram( 1074): [screen_timeout,60]
03-19 14:40:28.985 I/power_screen_broadcast_send( 1074): 1
03-19 14:40:29.100 I/sysui_status_bar_state( 1382): [1,1,0,0,1,0]
03-19 14:40:29.126 I/am_create_service( 1074): [0,91056107,.IntelligentIntentService,10017,24113]
03-19 14:40:29.136 I/am_destroy_service( 1074): [0,91056107,24113]
03-19 14:40:29.144 I/netstats_mobile_sample( 1074): [21535096,35214,5399367,37676,21535096,35214,5399367,37676,21535096,35249,5479203,39646,1489905629146]
03-19 14:40:29.144 I/netstats_wifi_sample( 1074): [319915696,336293,36739076,291788,319701033,330631,32492466,286507,319495377,328080,33551584,302335,1489905629146]
03-19 14:40:29.147 I/am_create_service( 1074): [0,67912,.AutoCleanService,1000,3310]
03-19 14:40:29.154 I/am_destroy_service( 1074): [0,67912,3310]
03-19 14:40:29.411 I/sysui_action( 1074): [252,false]
03-19 14:40:29.416 I/power_sleep_requested( 1074): 0
03-19 14:40:29.443 I/power_screen_broadcast_done( 1074): [0,458,1]
03-19 14:40:29.984 I/sysui_action( 1074): [252,false]
03-19 14:40:29.994 I/power_sleep_requested( 1074): 0
03-19 14:40:31.656 I/sysui_action( 1074): [252,false]
03-19 14:40:31.661 I/power_sleep_requested( 1074): 0
03-19 14:40:32.849 I/sysui_action( 1074): [252,true]
03-19 14:40:32.850 I/screen_toggled( 1382): 2
03-19 14:40:32.855 I/notification_expansion( 1074): [-1|android|17040390|null|1000,0,1,428457,428457,5358]
03-19 14:40:32.858 I/sysui_status_bar_state( 1382): [0,0,0,0,1,0]
03-19 14:40:32.860 I/am_create_service( 1074): [0,196340662,.IntelligentIntentService,10017,24113]
03-19 14:40:32.871 I/am_destroy_service( 1074): [0,196340662,24113]
03-19 14:40:32.898 I/am_resume_activity( 1074): [0,127641499,48,com.android.settings/.Settings$DevelopmentSettingsActivity]
03-19 14:40:32.901 I/power_screen_state( 1074): [1,0,0,0]
03-19 14:40:32.901 I/screen_toggled( 1074): 1
03-19 14:40:32.901 I/power_screen_broadcast_send( 1074): 1
03-19 14:40:32.904 I/notification_visibility( 1074): [-1|android|17040390|null|1000,1,428507,428507,0,0]
03-19 14:40:32.913 I/netstats_mobile_sample( 1074): [21535096,35214,5399367,37676,21535096,35214,5399367,37676,21535096,35249,5479203,39646,1489905632915]
03-19 14:40:32.913 I/netstats_wifi_sample( 1074): [319915696,336293,36739076,291788,319701033,330631,32492466,286507,319495377,328080,33551584,302335,1489905632915]
03-19 14:40:32.921 I/am_create_service( 1074): [0,21688659,.AppInfoRecvIntentService,10108,18305]
03-19 14:40:32.922 I/sysui_histogram( 1382): [note_load,1]
03-19 14:40:32.922 I/notification_panel_revealed( 1074): 1
03-19 14:40:32.933 I/notification_visibility( 1074): [-1|android|17040390|null|1000,0,428536,428536,0,0]
03-19 14:40:32.934 I/notification_panel_hidden( 1074): []
03-19 14:40:32.944 I/sysui_view_visibility( 1329): [39,100]
03-19 14:40:32.946 I/am_destroy_service( 1074): [0,21688659,18305]
03-19 14:40:32.961 I/am_on_resume_called( 1329): [0,com.android.settings.Settings$DevelopmentSettingsActivity,RESUME_ACTIVITY]
03-19 14:40:32.961 I/am_on_resume_called( 1329): [0,com.android.settings.Settings$DevelopmentSettingsActivity]
03-19 14:40:33.003 I/notification_expansion( 1074): [-1|android|17040390|null|1000,0,0,428606,428606,99]
03-19 14:40:33.011 I/netstats_mobile_sample( 1074): [21535096,35214,5399367,37676,21535096,35214,5399367,37676,21535096,35249,5479203,39646,1489905633013]
03-19 14:40:33.011 I/netstats_wifi_sample( 1074): [319915696,336293,36739076,291788,319701033,330631,32492466,286507,319495377,328080,33551584,302335,1489905633013]
03-19 14:40:33.028 I/force_gc( 1074): Binder
03-19 14:40:33.168 I/power_screen_broadcast_done( 1074): [1,267,1]
03-19 14:40:33.961 I/power_sleep_requested( 1074): 0
03-19 14:40:33.969 I/am_pause_activity( 1074): [0,127641499,com.android.settings/.Settings$DevelopmentSettingsActivity]
03-19 14:40:33.970 I/sysui_view_visibility( 1329): [39,0]
03-19 14:40:33.999 I/am_on_paused_called( 1329): [0,com.android.settings.Settings$DevelopmentSettingsActivity,handlePauseActivity]
03-19 14:40:34.000 I/am_stop_activity( 1074): [0,127641499,com.android.settings/.Settings$DevelopmentSettingsActivity]
03-19 14:40:34.007 I/sysui_histogram( 1074): [fingerprint_token,0]
03-19 14:40:34.010 I/am_on_stop_called( 1329): [0,com.android.settings.Settings$DevelopmentSettingsActivity,sleeping]
03-19 14:40:34.486 I/power_screen_state( 1074): [0,2,0,0]
03-19 14:40:34.486 I/screen_toggled( 1074): 0
03-19 14:40:34.486 I/sysui_histogram( 1074): [screen_timeout,60]
03-19 14:40:34.486 I/power_screen_broadcast_send( 1074): 1
03-19 14:40:34.620 I/sysui_status_bar_state( 1382): [1,1,0,0,1,0]
03-19 14:40:34.660 I/am_create_service( 1074): [0,103698357,.IntelligentIntentService,10017,24113]
03-19 14:40:34.674 I/am_destroy_service( 1074): [0,103698357,24113]
03-19 14:40:34.680 I/netstats_mobile_sample( 1074): [21535096,35214,5399367,37676,21535096,35214,5399367,37676,21535096,35249,5479203,39646,1489905634683]
03-19 14:40:34.681 I/netstats_wifi_sample( 1074): [319915696,336293,36739076,291788,319701033,330631,32492466,286507,319495377,328080,33551584,302335,1489905634683]
03-19 14:40:34.687 I/am_create_service( 1074): [0,150947402,.AutoCleanService,1000,3310]
03-19 14:40:34.691 I/am_destroy_service( 1074): [0,150947402,3310]
03-19 14:40:34.926 I/sysui_action( 1074): [252,false]
03-19 14:40:34.934 I/power_sleep_requested( 1074): 0
03-19 14:40:34.989 I/power_screen_broadcast_done( 1074): [0,503,1]
03-19 14:40:36.494 I/sysui_action( 1074): [252,false]
03-19 14:40:36.505 I/power_sleep_requested( 1074): 0
03-19 14:40:36.808 I/sysui_action( 1074): [252,true]
03-19 14:40:36.811 I/screen_toggled( 1382): 2
03-19 14:40:36.831 I/notification_expansion( 1074): [-1|android|17040390|null|1000,0,1,432433,432433,3926]
03-19 14:40:36.838 I/sysui_status_bar_state( 1382): [0,0,0,0,1,0]
03-19 14:40:36.842 I/am_create_service( 1074): [0,72585253,.IntelligentIntentService,10017,24113]
03-19 14:40:36.855 I/am_destroy_service( 1074): [0,72585253,24113]
03-19 14:40:36.934 I/am_resume_activity( 1074): [0,127641499,48,com.android.settings/.Settings$DevelopmentSettingsActivity]
03-19 14:40:36.945 I/power_screen_state( 1074): [1,0,0,0]
03-19 14:40:36.945 I/screen_toggled( 1074): 1
03-19 14:40:36.945 I/power_screen_broadcast_send( 1074): 1
03-19 14:40:36.967 I/netstats_mobile_sample( 1074): [21535096,35214,5399367,37676,21535096,35214,5399367,37676,21535096,35249,5479203,39646,1489905636969]
03-19 14:40:36.967 I/netstats_wifi_sample( 1074): [319915696,336293,36739076,291788,319701033,330631,32492466,286507,319495377,328080,33551584,302335,1489905636969]
03-19 14:40:36.970 I/am_create_service( 1074): [0,199670911,.AppInfoRecvIntentService,10108,18305]
03-19 14:40:36.979 I/sysui_view_visibility( 1329): [39,100]
03-19 14:40:36.980 I/am_destroy_service( 1074): [0,199670911,18305]
03-19 14:40:37.000 I/am_on_resume_called( 1329): [0,com.android.settings.Settings$DevelopmentSettingsActivity,RESUME_ACTIVITY]
03-19 14:40:37.000 I/am_on_resume_called( 1329): [0,com.android.settings.Settings$DevelopmentSettingsActivity]
03-19 14:40:37.022 I/notification_expansion( 1074): [-1|android|17040390|null|1000,0,0,432625,432625,4118]
03-19 14:40:37.045 I/netstats_mobile_sample( 1074): [21535096,35214,5399367,37676,21535096,35214,5399367,37676,21535096,35249,5479203,39646,1489905637048]
03-19 14:40:37.046 I/netstats_wifi_sample( 1074): [319915696,336293,36739076,291788,319701033,330631,32492466,286507,319495377,328080,33551584,302335,1489905637048]
03-19 14:40:37.189 I/power_screen_broadcast_done( 1074): [1,244,1]
03-19 14:40:37.792 I/power_sleep_requested( 1074): 0
03-19 14:40:37.798 I/am_pause_activity( 1074): [0,127641499,com.android.settings/.Settings$DevelopmentSettingsActivity]
03-19 14:40:37.798 I/sysui_view_visibility( 1329): [39,0]
03-19 14:40:37.802 I/am_on_paused_called( 1329): [0,com.android.settings.Settings$DevelopmentSettingsActivity,handlePauseActivity]
03-19 14:40:37.804 I/am_stop_activity( 1074): [0,127641499,com.android.settings/.Settings$DevelopmentSettingsActivity]
03-19 14:40:37.815 I/am_on_stop_called( 1329): [0,com.android.settings.Settings$DevelopmentSettingsActivity,sleeping]
03-19 14:40:37.821 I/sysui_histogram( 1074): [fingerprint_token,0]
03-19 14:40:38.510 I/power_screen_state( 1074): [0,2,0,0]
03-19 14:40:38.510 I/screen_toggled( 1074): 0
03-19 14:40:38.510 I/sysui_histogram( 1074): [screen_timeout,60]
03-19 14:40:38.510 I/power_screen_broadcast_send( 1074): 1
03-19 14:40:38.517 I/sysui_action( 1074): [252,false]
03-19 14:40:38.565 I/sysui_status_bar_state( 1382): [1,1,0,0,1,0]
03-19 14:40:38.595 I/am_create_service( 1074): [0,15582063,.IntelligentIntentService,10017,24113]
03-19 14:40:38.601 I/am_destroy_service( 1074): [0,15582063,24113]
03-19 14:40:38.621 I/power_sleep_requested( 1074): 0
03-19 14:40:38.640 I/netstats_mobile_sample( 1074): [21535096,35214,5399367,37676,21535096,35214,5399367,37676,21535096,35249,5479203,39646,1489905638643]
03-19 14:40:38.641 I/netstats_wifi_sample( 1074): [319915696,336293,36739076,291788,319701033,330631,32492466,286507,319495377,328080,33551584,302335,1489905638643]
03-19 14:40:38.645 I/am_create_service( 1074): [0,12396427,.AutoCleanService,1000,3310]
03-19 14:40:38.648 I/am_destroy_service( 1074): [0,12396427,3310]
03-19 14:40:38.790 I/power_screen_broadcast_done( 1074): [0,280,1]
03-19 14:40:39.024 I/sf_frame_dur(  449): [NavigationBar,0,0,1,0,0,0,0]
03-19 14:40:39.211 I/sysui_action( 1074): [252,true]
03-19 14:40:39.213 I/screen_toggled( 1382): 2
03-19 14:40:39.231 I/notification_expansion( 1074): [-1|android|17040390|null|1000,0,1,434834,434834,6327]
03-19 14:40:39.245 I/am_create_service( 1074): [0,17093760,.IntelligentIntentService,10017,24113]
03-19 14:40:39.249 I/sysui_status_bar_state( 1382): [0,0,0,0,1,0]
03-19 14:40:39.254 I/am_destroy_service( 1074): [0,17093760,24113]
03-19 14:40:39.342 I/am_resume_activity( 1074): [0,127641499,48,com.android.settings/.Settings$DevelopmentSettingsActivity]
03-19 14:40:39.351 I/power_screen_state( 1074): [1,0,0,0]
03-19 14:40:39.351 I/screen_toggled( 1074): 1
03-19 14:40:39.351 I/power_screen_broadcast_send( 1074): 1
03-19 14:40:39.371 I/netstats_mobile_sample( 1074): [21535096,35214,5399367,37676,21535096,35214,5399367,37676,21535096,35249,5479203,39646,1489905639372]
03-19 14:40:39.371 I/netstats_wifi_sample( 1074): [319915696,336293,36739076,291788,319701033,330631,32492466,286507,319495377,328080,33551584,302335,1489905639372]
03-19 14:40:39.372 I/sysui_histogram( 1382): [note_load,1]
03-19 14:40:39.372 I/notification_panel_revealed( 1074): 1
03-19 14:40:39.372 I/notification_visibility( 1074): [-1|android|17040390|null|1000,1,434975,434975,0,0]
03-19 14:40:39.379 I/am_create_service( 1074): [0,34501474,.AppInfoRecvIntentService,10108,18305]
03-19 14:40:39.380 I/sysui_view_visibility( 1329): [39,100]
03-19 14:40:39.383 I/notification_visibility( 1074): [-1|android|17040390|null|1000,0,434986,434986,0,0]
03-19 14:40:39.384 I/notification_panel_hidden( 1074): []
03-19 14:40:39.388 I/am_destroy_service( 1074): [0,34501474,18305]
03-19 14:40:39.410 I/am_on_resume_called( 1329): [0,com.android.settings.Settings$DevelopmentSettingsActivity,RESUME_ACTIVITY]
03-19 14:40:39.410 I/am_on_resume_called( 1329): [0,com.android.settings.Settings$DevelopmentSettingsActivity]
03-19 14:40:39.417 I/notification_expansion( 1074): [-1|android|17040390|null|1000,0,0,435020,435020,45]
03-19 14:40:39.434 I/force_gc( 1074): Binder
03-19 14:40:39.460 I/netstats_mobile_sample( 1074): [21535096,35214,5399367,37676,21535096,35214,5399367,37676,21535096,35249,5479203,39646,1489905639463]
03-19 14:40:39.460 I/netstats_wifi_sample( 1074): [319915696,336293,36739076,291788,319701033,330631,32492466,286507,319495377,328080,33551584,302335,1489905639463]
03-19 14:40:39.616 I/power_screen_broadcast_done( 1074): [1,264,1]
03-19 14:40:40.148 I/power_sleep_requested( 1074): 0
03-19 14:40:40.159 I/am_pause_activity( 1074): [0,127641499,com.android.settings/.Settings$DevelopmentSettingsActivity]
03-19 14:40:40.160 I/sysui_view_visibility( 1329): [39,0]
03-19 14:40:40.191 I/am_on_paused_called( 1329): [0,com.android.settings.Settings$DevelopmentSettingsActivity,handlePauseActivity]
03-19 14:40:40.192 I/am_stop_activity( 1074): [0,127641499,com.android.settings/.Settings$DevelopmentSettingsActivity]
03-19 14:40:40.202 I/am_on_stop_called( 1329): [0,com.android.settings.Settings$DevelopmentSettingsActivity,sleeping]
03-19 14:40:40.205 I/sysui_histogram( 1074): [fingerprint_token,0]
03-19 14:40:40.854 I/power_screen_state( 1074): [0,2,0,0]
03-19 14:40:40.854 I/screen_toggled( 1074): 0
03-19 14:40:40.854 I/sysui_histogram( 1074): [screen_timeout,60]
03-19 14:40:40.854 I/power_screen_broadcast_send( 1074): 1
03-19 14:40:40.874 I/sysui_action( 1074): [252,true]
03-19 14:40:40.908 I/sysui_status_bar_state( 1382): [1,1,0,0,1,0]
03-19 14:40:40.935 I/am_create_service( 1074): [0,179760967,.IntelligentIntentService,10017,24113]
03-19 14:40:40.942 I/am_destroy_service( 1074): [0,179760967,24113]
03-19 14:40:40.955 I/screen_toggled( 1382): 2
03-19 14:40:40.966 I/netstats_mobile_sample( 1074): [21535096,35214,5399367,37676,21535096,35214,5399367,37676,21535096,35249,5479203,39646,1489905640969]
03-19 14:40:40.967 I/netstats_wifi_sample( 1074): [319915696,336293,36739076,291788,319701033,330631,32492466,286507,319495377,328080,33551584,302335,1489905640969]
03-19 14:40:40.975 I/am_create_service( 1074): [0,79016820,.AutoCleanService,1000,3310]
03-19 14:40:40.982 I/notification_expansion( 1074): [-1|android|17040390|null|1000,0,1,436585,436585,1610]
03-19 14:40:40.988 I/am_destroy_service( 1074): [0,79016820,3310]
03-19 14:40:40.993 I/am_create_service( 1074): [0,117439756,.IntelligentIntentService,10017,24113]
03-19 14:40:40.996 I/sysui_status_bar_state( 1382): [0,0,0,0,1,0]
03-19 14:40:41.001 I/am_destroy_service( 1074): [0,117439756,24113]
03-19 14:40:41.021 I/sf_frame_dur(  449): [NavigationBar,0,0,1,0,0,0,0]
03-19 14:40:41.035 I/am_resume_activity( 1074): [0,127641499,48,com.android.settings/.Settings$DevelopmentSettingsActivity]
03-19 14:40:41.039 I/power_screen_state( 1074): [1,0,0,0]
03-19 14:40:41.039 I/screen_toggled( 1074): 1
03-19 14:40:41.041 I/notification_visibility( 1074): [-1|android|17040390|null|1000,1,436644,436644,0,0]
03-19 14:40:41.049 I/sysui_histogram( 1382): [note_load,1]
03-19 14:40:41.049 I/notification_panel_revealed( 1074): 1
03-19 14:40:41.051 I/netstats_mobile_sample( 1074): [21535096,35214,5399367,37676,21535096,35214,5399367,37676,21535096,35249,5479203,39646,1489905641054]
03-19 14:40:41.051 I/netstats_wifi_sample( 1074): [319915696,336293,36739076,291788,319701033,330631,32492466,286507,319495377,328080,33551584,302335,1489905641054]
03-19 14:40:41.054 I/am_create_service( 1074): [0,105861390,.AppInfoRecvIntentService,10108,18305]
03-19 14:40:41.063 I/sysui_view_visibility( 1329): [39,100]
03-19 14:40:41.104 I/am_destroy_service( 1074): [0,105861390,18305]
03-19 14:40:41.105 I/notification_visibility( 1074): [-1|android|17040390|null|1000,0,436708,436708,0,0]
03-19 14:40:41.106 I/notification_panel_hidden( 1074): []
03-19 14:40:41.108 I/am_on_resume_called( 1329): [0,com.android.settings.Settings$DevelopmentSettingsActivity,RESUME_ACTIVITY]
03-19 14:40:41.108 I/am_on_resume_called( 1329): [0,com.android.settings.Settings$DevelopmentSettingsActivity]
03-19 14:40:41.153 I/notification_expansion( 1074): [-1|android|17040390|null|1000,0,0,436756,436756,112]
03-19 14:40:41.226 I/power_screen_broadcast_done( 1074): [0,372,1]
03-19 14:40:41.226 I/power_screen_broadcast_send( 1074): 1
03-19 14:40:41.302 I/netstats_mobile_sample( 1074): [21535096,35214,5399367,37676,21535096,35214,5399367,37676,21535096,35249,5479203,39646,1489905641304]
03-19 14:40:41.302 I/netstats_wifi_sample( 1074): [319915696,336293,36739076,291788,319701033,330631,32492466,286507,319495377,328080,33551584,302335,1489905641304]
03-19 14:40:41.483 I/power_screen_broadcast_done( 1074): [1,257,1]
03-19 14:40:42.123 I/power_sleep_requested( 1074): 0
03-19 14:40:42.131 I/am_pause_activity( 1074): [0,127641499,com.android.settings/.Settings$DevelopmentSettingsActivity]
03-19 14:40:42.132 I/sysui_view_visibility( 1329): [39,0]
03-19 14:40:42.137 I/am_on_paused_called( 1329): [0,com.android.settings.Settings$DevelopmentSettingsActivity,handlePauseActivity]
03-19 14:40:42.138 I/am_stop_activity( 1074): [0,127641499,com.android.settings/.Settings$DevelopmentSettingsActivity]
03-19 14:40:42.159 I/sysui_histogram( 1074): [fingerprint_token,0]
03-19 14:40:42.159 I/am_on_stop_called( 1329): [0,com.android.settings.Settings$DevelopmentSettingsActivity,sleeping]
03-19 14:40:42.840 I/power_screen_state( 1074): [0,2,0,0]
03-19 14:40:42.840 I/screen_toggled( 1074): 0
03-19 14:40:42.840 I/sysui_histogram( 1074): [screen_timeout,60]
03-19 14:40:42.841 I/power_screen_broadcast_send( 1074): 1
03-19 14:40:42.891 I/sysui_action( 1074): [252,true]
03-19 14:40:42.892 I/sysui_status_bar_state( 1382): [1,1,0,0,1,0]
03-19 14:40:42.923 I/am_create_service( 1074): [0,120523295,.IntelligentIntentService,10017,24113]
03-19 14:40:42.930 I/am_destroy_service( 1074): [0,120523295,24113]
03-19 14:40:42.944 I/screen_toggled( 1382): 2
03-19 14:40:42.950 I/netstats_mobile_sample( 1074): [21535096,35214,5399367,37676,21535096,35214,5399367,37676,21535096,35249,5479203,39646,1489905642953]
03-19 14:40:42.951 I/netstats_wifi_sample( 1074): [319915696,336293,36739118,291789,319701033,330631,32492466,286507,319495377,328080,33551584,302335,1489905642953]
03-19 14:40:42.960 I/am_create_service( 1074): [0,118944108,.AutoCleanService,1000,3310]
03-19 14:40:42.964 I/am_destroy_service( 1074): [0,118944108,3310]
03-19 14:40:42.970 I/notification_expansion( 1074): [-1|android|17040390|null|1000,0,1,438573,438573,1929]
03-19 14:40:42.975 I/am_create_service( 1074): [0,27001348,.IntelligentIntentService,10017,24113]
03-19 14:40:42.978 I/sysui_status_bar_state( 1382): [0,0,0,0,1,0]
03-19 14:40:42.982 I/am_destroy_service( 1074): [0,27001348,24113]
03-19 14:40:43.008 I/sf_frame_dur(  449): [NavigationBar,0,1,0,0,0,0,0]
03-19 14:40:43.023 I/am_resume_activity( 1074): [0,127641499,48,com.android.settings/.Settings$DevelopmentSettingsActivity]
03-19 14:40:43.026 I/power_screen_state( 1074): [1,0,0,0]
03-19 14:40:43.026 I/screen_toggled( 1074): 1
03-19 14:40:43.034 I/notification_visibility( 1074): [-1|android|17040390|null|1000,1,438637,438637,0,0]
03-19 14:40:43.039 I/am_create_service( 1074): [0,202233643,.AppInfoRecvIntentService,10108,18305]
03-19 14:40:43.039 I/netstats_mobile_sample( 1074): [21535096,35214,5399367,37676,21535096,35214,5399367,37676,21535096,35249,5479203,39646,1489905643042]
03-19 14:40:43.039 I/netstats_wifi_sample( 1074): [319915696,336293,36739118,291789,319701033,330631,32492466,286507,319495377,328080,33551584,302335,1489905643042]
03-19 14:40:43.040 I/sysui_histogram( 1382): [note_load,1]
03-19 14:40:43.040 I/notification_panel_revealed( 1074): 1
03-19 14:40:43.050 I/sysui_view_visibility( 1329): [39,100]
03-19 14:40:43.052 I/am_destroy_service( 1074): [0,202233643,18305]
03-19 14:40:43.057 I/notification_visibility( 1074): [-1|android|17040390|null|1000,0,438660,438660,0,0]
03-19 14:40:43.060 I/notification_panel_hidden( 1074): []
03-19 14:40:43.070 I/am_on_resume_called( 1329): [0,com.android.settings.Settings$DevelopmentSettingsActivity,RESUME_ACTIVITY]
03-19 14:40:43.070 I/am_on_resume_called( 1329): [0,com.android.settings.Settings$DevelopmentSettingsActivity]
03-19 14:40:43.117 I/notification_expansion( 1074): [-1|android|17040390|null|1000,0,0,438720,438720,83]
03-19 14:40:43.171 I/power_screen_broadcast_done( 1074): [0,331,1]
03-19 14:40:43.171 I/power_screen_broadcast_send( 1074): 1
03-19 14:40:43.244 I/netstats_mobile_sample( 1074): [21535096,35214,5399367,37676,21535096,35214,5399367,37676,21535096,35249,5479203,39646,1489905643246]
03-19 14:40:43.245 I/netstats_wifi_sample( 1074): [319915696,336293,36739118,291789,319701033,330631,32492466,286507,319495377,328080,33551584,302335,1489905643246]
03-19 14:40:43.303 I/force_gc( 1074): Binder
03-19 14:40:43.438 I/power_screen_broadcast_done( 1074): [1,266,1]
03-19 14:40:44.212 I/power_sleep_requested( 1074): 0
03-19 14:40:44.217 I/am_pause_activity( 1074): [0,127641499,com.android.settings/.Settings$DevelopmentSettingsActivity]
03-19 14:40:44.218 I/sysui_view_visibility( 1329): [39,0]
03-19 14:40:44.224 I/am_on_paused_called( 1329): [0,com.android.settings.Settings$DevelopmentSettingsActivity,handlePauseActivity]
03-19 14:40:44.230 I/am_stop_activity( 1074): [0,127641499,com.android.settings/.Settings$DevelopmentSettingsActivity]
03-19 14:40:44.243 I/am_on_stop_called( 1329): [0,com.android.settings.Settings$DevelopmentSettingsActivity,sleeping]
03-19 14:40:44.247 I/sysui_histogram( 1074): [fingerprint_token,0]
03-19 14:40:44.726 I/power_screen_state( 1074): [0,2,0,0]
03-19 14:40:44.726 I/screen_toggled( 1074): 0
03-19 14:40:44.726 I/sysui_histogram( 1074): [screen_timeout,60]
03-19 14:40:44.726 I/power_screen_broadcast_send( 1074): 1
03-19 14:40:44.861 I/sysui_status_bar_state( 1382): [1,1,0,0,1,0]
03-19 14:40:44.943 I/am_create_service( 1074): [0,58081976,.IntelligentIntentService,10017,24113]
03-19 14:40:44.957 I/am_destroy_service( 1074): [0,58081976,24113]
03-19 14:40:44.994 I/netstats_mobile_sample( 1074): [21535096,35214,5399367,37676,21535096,35214,5399367,37676,21535096,35249,5479203,39646,1489905644996]
03-19 14:40:44.995 I/netstats_wifi_sample( 1074): [319915724,336294,36739118,291789,319701033,330631,32492466,286507,319495377,328080,33551584,302335,1489905644996]
03-19 14:40:45.001 I/am_create_service( 1074): [0,67020945,.AutoCleanService,1000,3310]
03-19 14:40:45.010 I/am_destroy_service( 1074): [0,67020945,3310]
03-19 14:40:45.186 I/power_screen_broadcast_done( 1074): [0,460,1]
03-19 14:40:45.323 I/sysui_action( 1074): [252,false]
03-19 14:40:45.327 I/power_sleep_requested( 1074): 0
03-19 14:40:46.324 I/power_screen_state( 1074): [1,0,0,0]
03-19 14:40:46.324 I/screen_toggled( 1074): 1
03-19 14:40:46.324 I/power_screen_broadcast_send( 1074): 1
03-19 14:40:46.326 I/sysui_histogram( 1382): [note_load,0]
03-19 14:40:46.327 I/notification_panel_revealed( 1074): 0
03-19 14:40:46.584 I/power_screen_broadcast_done( 1074): [1,260,1]
03-19 14:40:47.212 I/sysui_action( 1074): [252,true]
03-19 14:40:47.219 I/notification_panel_hidden( 1074): []
