03-19 14:40:55.190 I/notification_visibility( 1074): [-1|android|17040390|null|1000,0,450793,450793,0,0]
03-19 14:40:55.193 I/notification_panel_hidden( 1074): []
03-19 14:40:55.199 I/am_destroy_service( 1074): [0,150488454,18305]
03-19 14:40:55.203 I/am_on_resume_called( 1329): [0,com.android.settings.Settings$DevelopmentSettingsActivity,RESUME_ACTIVITY]
03-19 14:40:55.203 I/am_on_resume_called( 1329): [0,com.android.settings.Settings$DevelopmentSettingsActivity]
03-19 14:40:55.233 I/notification_expansion( 1074): [-1|android|17040390|null|1000,0,0,450836,450836,72]
03-19 14:40:55.329 I/power_screen_broadcast_done( 1074): [0,370,1]
03-19 14:40:55.329 I/power_screen_broadcast_send( 1074): 1
03-19 14:40:55.419 I/netstats_mobile_sample( 1074): [21535096,35214,5399367,37676,21535096,35214,5399367,37676,21535096,35249,5479203,39646,1489905655421]
03-19 14:40:55.422 I/netstats_wifi_sample( 1074): [319915860,336296,36739118,291789,319701169,330633,32492466,286507,319495513,328082,33551584,302335,1489905655421]
03-19 14:40:55.607 I/power_screen_broadcast_done( 1074): [1,278,1]
03-19 14:40:56.099 I/power_sleep_requested( 1074): 0
03-19 14:40:56.106 I/am_pause_activity( 1074): [0,127641499,com.android.settings/.Settings$DevelopmentSettingsActivity]
03-19 14:40:56.109 I/sysui_view_visibility( 1329): [39,0]
03-19 14:40:56.116 I/am_on_paused_called( 1329): [0,com.android.settings.Settings$DevelopmentSettingsActivity,handlePauseActivity]
03-19 14:40:56.118 I/am_stop_activity( 1074): [0,127641499,com.android.settings/.Settings$DevelopmentSettingsActivity]
03-19 14:40:56.122 I/sysui_histogram( 1074): [fingerprint_token,0]
03-19 14:40:56.132 I/am_on_stop_called( 1329): [0,com.android.settings.Settings$DevelopmentSettingsActivity,sleeping]
03-19 14:40:56.809 I/power_screen_state( 1074): [0,2,0,0]
03-19 14:40:56.809 I/screen_toggled( 1074): 0
03-19 14:40:56.809 I/sysui_histogram( 1074): [screen_timeout,60]
03-19 14:40:56.809 I/power_screen_broadcast_send( 1074): 1
03-19 14:40:56.858 I/sysui_action( 1074): [252,true]
03-19 14:40:56.860 I/sysui_status_bar_state( 1382): [1,1,0,0,1,0]
03-19 14:40:56.890 I/am_create_service( 1074): [0,97877006,.IntelligentIntentService,10017,24113]
03-19 14:40:56.897 I/am_destroy_service( 1074): [0,97877006,24113]
03-19 14:40:56.913 I/screen_toggled( 1382): 2
03-19 14:40:56.921 I/netstats_mobile_sample( 1074): [21535096,35214,5399367,37676,21535096,35214,5399367,37676,21535096,35249,5479203,39646,1489905656924]
03-19 14:40:56.921 I/netstats_wifi_sample( 1074): [319915860,336296,36739118,291789,319701169,330633,32492466,286507,319495513,328082,33551584,302335,1489905656924]
03-19 14:40:56.927 I/am_create_service( 1074): [0,143017519,.AutoCleanService,1000,3310]
03-19 14:40:56.932 I/am_destroy_service( 1074): [0,143017519,3310]
03-19 14:40:56.941 I/notification_expansion( 1074): [-1|android|17040390|null|1000,0,1,452544,452544,1780]
03-19 14:40:56.946 I/am_create_service( 1074): [0,86166567,.IntelligentIntentService,10017,24113]
03-19 14:40:56.949 I/sysui_status_bar_state( 1382): [0,0,0,0,1,0]
03-19 14:40:56.951 I/am_destroy_service( 1074): [0,86166567,24113]
03-19 14:40:56.976 I/sf_frame_dur(  449): [NavigationBar,0,1,0,0,0,0,0]
03-19 14:40:56.996 I/am_resume_activity( 1074): [0,127641499,48,com.android.settings/.Settings$DevelopmentSettingsActivity]
03-19 14:40:57.000 I/power_screen_state( 1074): [1,0,0,0]
03-19 14:40:57.000 I/screen_toggled( 1074): 1
03-19 14:40:57.008 I/am_create_service( 1074): [0,31929408,.AppInfoRecvIntentService,10108,18305]
03-19 14:40:57.009 I/netstats_mobile_sample( 1074): [21535096,35214,5399367,37676,21535096,35214,5399367,37676,21535096,35249,5479203,39646,1489905657012]
03-19 14:40:57.009 I/netstats_wifi_sample( 1074): [319915860,336296,36739118,291789,319701169,330633,32492466,286507,319495513,328082,33551584,302335,1489905657012]
03-19 14:40:57.012 I/sysui_histogram( 1382): [note_load,1]
03-19 14:40:57.012 I/notification_panel_revealed( 1074): 1
03-19 14:40:57.012 I/notification_visibility( 1074): [-1|android|17040390|null|1000,1,452615,452615,0,0]
03-19 14:40:57.020 I/am_destroy_service( 1074): [0,31929408,18305]
03-19 14:40:57.030 I/sysui_view_visibility( 1329): [39,100]
03-19 14:40:57.034 I/notification_visibility( 1074): [-1|android|17040390|null|1000,0,452637,452637,0,0]
03-19 14:40:57.035 I/notification_panel_hidden( 1074): []
03-19 14:40:57.044 I/am_on_resume_called( 1329): [0,com.android.settings.Settings$DevelopmentSettingsActivity,RESUME_ACTIVITY]
03-19 14:40:57.044 I/am_on_resume_called( 1329): [0,com.android.settings.Settings$DevelopmentSettingsActivity]
03-19 14:40:57.087 I/notification_expansion( 1074): [-1|android|17040390|null|1000,0,0,452690,452690,75]
03-19 14:40:57.135 I/power_screen_broadcast_done( 1074): [0,326,1]
03-19 14:40:57.135 I/power_screen_broadcast_send( 1074): 1
03-19 14:40:57.201 I/netstats_mobile_sample( 1074): [21535096,35214,5399367,37676,21535096,35214,5399367,37676,21535096,35249,5479203,39646,1489905657204]
03-19 14:40:57.202 I/netstats_wifi_sample( 1074): [319915860,336296,36739118,291789,319701169,330633,32492466,286507,319495513,328082,33551584,302335,1489905657204]
03-19 14:40:57.394 I/power_screen_broadcast_done( 1074): [1,259,1]
03-19 14:40:58.048 I/power_sleep_requested( 1074): 0
03-19 14:40:58.055 I/am_pause_activity( 1074): [0,127641499,com.android.settings/.Settings$DevelopmentSettingsActivity]
03-19 14:40:58.056 I/sysui_view_visibility( 1329): [39,0]
03-19 14:40:58.065 I/am_on_paused_called( 1329): [0,com.android.settings.Settings$DevelopmentSettingsActivity,handlePauseActivity]
03-19 14:40:58.067 I/am_stop_activity( 1074): [0,127641499,com.android.settings/.Settings$DevelopmentSettingsActivity]
03-19 14:40:58.080 I/sysui_histogram( 1074): [fingerprint_token,0]
03-19 14:40:58.081 I/am_on_stop_called( 1329): [0,com.android.settings.Settings$DevelopmentSettingsActivity,sleeping]
03-19 14:40:58.760 I/power_screen_state( 1074): [0,2,0,0]
03-19 14:40:58.760 I/screen_toggled( 1074): 0
03-19 14:40:58.760 I/sysui_histogram( 1074): [screen_timeout,60]
03-19 14:40:58.760 I/power_screen_broadcast_send( 1074): 1
03-19 14:40:58.784 I/sysui_action( 1074): [252,true]
03-19 14:40:58.818 I/sysui_status_bar_state( 1382): [1,1,0,0,1,0]
03-19 14:40:58.843 I/am_create_service( 1074): [0,86611499,.IntelligentIntentService,10017,24113]
03-19 14:40:58.849 I/am_destroy_service( 1074): [0,86611499,24113]
03-19 14:40:58.863 I/screen_toggled( 1382): 2
03-19 14:40:58.878 I/netstats_mobile_sample( 1074): [21535096,35214,5399367,37676,21535096,35214,5399367,37676,21535096,35249,5479203,39646,1489905658881]
03-19 14:40:58.878 I/netstats_wifi_sample( 1074): [319915860,336296,36739118,291789,319701169,330633,32492466,286507,319495513,328082,33551584,302335,1489905658881]
03-19 14:40:58.878 I/am_create_service( 1074): [0,246954632,.AutoCleanService,1000,3310]
03-19 14:40:58.885 I/am_destroy_service( 1074): [0,246954632,3310]
03-19 14:40:58.888 I/notification_expansion( 1074): [-1|android|17040390|null|1000,0,1,454491,454491,1876]
03-19 14:40:58.893 I/am_create_service( 1074): [0,222417568,.IntelligentIntentService,10017,24113]
03-19 14:40:58.895 I/sysui_status_bar_state( 1382): [0,0,0,0,1,0]
03-19 14:40:58.902 I/am_destroy_service( 1074): [0,222417568,24113]
03-19 14:40:58.911 I/sf_frame_dur(  449): [NavigationBar,0,1,0,0,0,0,0]
03-19 14:40:58.913 I/force_gc( 1074): Binder
03-19 14:40:58.944 I/am_resume_activity( 1074): [0,127641499,48,com.android.settings/.Settings$DevelopmentSettingsActivity]
03-19 14:40:58.948 I/power_screen_state( 1074): [1,0,0,0]
03-19 14:40:58.948 I/screen_toggled( 1074): 1
03-19 14:40:58.953 I/notification_visibility( 1074): [-1|android|17040390|null|1000,1,454556,454556,0,0]
03-19 14:40:58.955 I/sysui_histogram( 1382): [note_load,1]
03-19 14:40:58.955 I/notification_panel_revealed( 1074): 1
03-19 14:40:58.959 I/am_create_service( 1074): [0,3589909,.AppInfoRecvIntentService,10108,18305]
03-19 14:40:58.960 I/netstats_mobile_sample( 1074): [21535096,35214,5399367,37676,21535096,35214,5399367,37676,21535096,35249,5479203,39646,1489905658962]
03-19 14:40:58.960 I/netstats_wifi_sample( 1074): [319915860,336296,36739118,291789,319701169,330633,32492466,286507,319495513,328082,33551584,302335,1489905658962]
03-19 14:40:58.975 I/sysui_view_visibility( 1329): [39,100]
03-19 14:40:58.985 I/notification_visibility( 1074): [-1|android|17040390|null|1000,0,454588,454588,0,0]
03-19 14:40:58.985 I/notification_panel_hidden( 1074): []
03-19 14:40:59.001 I/am_on_resume_called( 1329): [0,com.android.settings.Settings$DevelopmentSettingsActivity,RESUME_ACTIVITY]
03-19 14:40:59.001 I/am_on_resume_called( 1329): [0,com.android.settings.Settings$DevelopmentSettingsActivity]
03-19 14:40:59.022 I/am_destroy_service( 1074): [0,3589909,18305]
03-19 14:40:59.033 I/notification_expansion( 1074): [-1|android|17040390|null|1000,0,0,454636,454636,80]
03-19 14:40:59.108 I/power_screen_broadcast_done( 1074): [0,349,1]
03-19 14:40:59.108 I/power_screen_broadcast_send( 1074): 1
03-19 14:40:59.177 I/netstats_mobile_sample( 1074): [21535096,35214,5399367,37676,21535096,35214,5399367,37676,21535096,35249,5479203,39646,1489905659179]
03-19 14:40:59.177 I/netstats_wifi_sample( 1074): [319915860,336296,36739118,291789,319701169,330633,32492466,286507,319495513,328082,33551584,302335,1489905659179]
03-19 14:40:59.372 I/power_screen_broadcast_done( 1074): [1,263,1]
03-19 14:41:00.069 I/power_sleep_requested( 1074): 0
03-19 14:41:00.077 I/am_pause_activity( 1074): [0,127641499,com.android.settings/.Settings$DevelopmentSettingsActivity]
03-19 14:41:00.077 I/sysui_view_visibility( 1329): [39,0]
03-19 14:41:00.108 I/am_on_paused_called( 1329): [0,com.android.settings.Settings$DevelopmentSettingsActivity,handlePauseActivity]
03-19 14:41:00.111 I/am_stop_activity( 1074): [0,127641499,com.android.settings/.Settings$DevelopmentSettingsActivity]
03-19 14:41:00.119 I/sysui_histogram( 1074): [fingerprint_token,0]
03-19 14:41:00.120 I/am_on_stop_called( 1329): [0,com.android.settings.Settings$DevelopmentSettingsActivity,sleeping]
03-19 14:41:00.617 I/power_screen_state( 1074): [0,2,0,0]
03-19 14:41:00.617 I/screen_toggled( 1074): 0
03-19 14:41:00.617 I/sysui_histogram( 1074): [screen_timeout,60]
03-19 14:41:00.618 I/power_screen_broadcast_send( 1074): 1
03-19 14:41:00.745 I/sysui_status_bar_state( 1382): [1,1,0,0,1,0]
03-19 14:41:00.808 I/am_create_service( 1074): [0,257266226,.IntelligentIntentService,10017,24113]
03-19 14:41:00.832 I/am_destroy_service( 1074): [0,257266226,24113]
03-19 14:41:00.856 I/netstats_mobile_sample( 1074): [21535096,35214,5399367,37676,21535096,35214,5399367,37676,21535096,35249,5479203,39646,1489905660858]
03-19 14:41:00.858 I/netstats_wifi_sample( 1074): [319915860,336296,36739118,291789,319701169,330633,32492466,286507,319495513,328082,33551584,302335,1489905660858]
03-19 14:41:00.867 I/am_create_service( 1074): [0,245803907,.AutoCleanService,1000,3310]
03-19 14:41:00.875 I/am_destroy_service( 1074): [0,245803907,3310]
03-19 14:41:01.180 I/power_screen_broadcast_done( 1074): [0,562,1]
03-19 14:41:04.386 I/sysui_action( 1074): [252,true]
03-19 14:41:04.387 I/screen_toggled( 1382): 2
03-19 14:41:04.392 I/notification_expansion( 1074): [-1|android|17040390|null|1000,0,1,459995,459995,5439]
03-19 14:41:04.396 I/sysui_status_bar_state( 1382): [0,0,0,0,1,0]
03-19 14:41:04.397 I/am_create_service( 1074): [0,214700056,.IntelligentIntentService,10017,24113]
03-19 14:41:04.405 I/am_destroy_service( 1074): [0,214700056,24113]
03-19 14:41:04.432 I/am_resume_activity( 1074): [0,127641499,48,com.android.settings/.Settings$DevelopmentSettingsActivity]
03-19 14:41:04.436 I/power_screen_state( 1074): [1,0,0,0]
03-19 14:41:04.436 I/screen_toggled( 1074): 1
03-19 14:41:04.436 I/power_screen_broadcast_send( 1074): 1
03-19 14:41:04.439 I/notification_visibility( 1074): [-1|android|17040390|null|1000,1,460042,460042,0,0]
03-19 14:41:04.442 I/sysui_histogram( 1382): [note_load,1]
03-19 14:41:04.442 I/notification_panel_revealed( 1074): 1
03-19 14:41:04.444 I/netstats_mobile_sample( 1074): [21535096,35214,5399367,37676,21535096,35214,5399367,37676,21535096,35249,5479203,39646,1489905664447]
03-19 14:41:04.445 I/netstats_wifi_sample( 1074): [319915860,336296,36739118,291789,319701169,330633,32492466,286507,319495513,328082,33551584,302335,1489905664447]
03-19 14:41:04.447 I/am_create_service( 1074): [0,169404073,.AppInfoRecvIntentService,10108,18305]
03-19 14:41:04.454 I/sysui_view_visibility( 1329): [39,100]
03-19 14:41:04.466 I/notification_visibility( 1074): [-1|android|17040390|null|1000,0,460069,460069,0,0]
03-19 14:41:04.466 I/notification_panel_hidden( 1074): []
03-19 14:41:04.469 I/am_on_resume_called( 1329): [0,com.android.settings.Settings$DevelopmentSettingsActivity,RESUME_ACTIVITY]
03-19 14:41:04.469 I/am_on_resume_called( 1329): [0,com.android.settings.Settings$DevelopmentSettingsActivity]
03-19 14:41:04.489 I/am_destroy_service( 1074): [0,169404073,18305]
03-19 14:41:04.540 I/notification_expansion( 1074): [-1|android|17040390|null|1000,0,0,460143,460143,101]
03-19 14:41:04.542 I/netstats_mobile_sample( 1074): [21535096,35214,5399367,37676,21535096,35214,5399367,37676,21535096,35249,5479203,39646,1489905664545]
03-19 14:41:04.542 I/netstats_wifi_sample( 1074): [319915860,336296,36739118,291789,319701169,330633,32492466,286507,319495513,328082,33551584,302335,1489905664545]
03-19 14:41:04.686 I/power_screen_broadcast_done( 1074): [1,250,1]
03-19 14:41:06.229 I/power_sleep_requested( 1074): 0
03-19 14:41:06.240 I/am_pause_activity( 1074): [0,127641499,com.android.settings/.Settings$DevelopmentSettingsActivity]
03-19 14:41:06.241 I/sysui_view_visibility( 1329): [39,0]
03-19 14:41:06.287 I/am_on_paused_called( 1329): [0,com.android.settings.Settings$DevelopmentSettingsActivity,handlePauseActivity]
03-19 14:41:06.288 I/am_stop_activity( 1074): [0,127641499,com.android.settings/.Settings$DevelopmentSettingsActivity]
03-19 14:41:06.291 I/sysui_histogram( 1074): [fingerprint_token,0]
03-19 14:41:06.298 I/am_on_stop_called( 1329): [0,com.android.settings.Settings$DevelopmentSettingsActivity,sleeping]
03-19 14:41:06.757 I/power_screen_state( 1074): [0,2,0,0]
03-19 14:41:06.757 I/screen_toggled( 1074): 0
03-19 14:41:06.757 I/sysui_histogram( 1074): [screen_timeout,60]
03-19 14:41:06.757 I/power_screen_broadcast_send( 1074): 1
03-19 14:41:06.885 I/sysui_status_bar_state( 1382): [1,1,0,0,1,0]
03-19 14:41:06.957 I/am_create_service( 1074): [0,40517866,.IntelligentIntentService,10017,24113]
03-19 14:41:06.970 I/am_destroy_service( 1074): [0,40517866,24113]
03-19 14:41:06.996 I/netstats_mobile_sample( 1074): [21535096,35214,5399367,37676,21535096,35214,5399367,37676,21535096,35249,5479203,39646,1489905666998]
03-19 14:41:06.997 I/netstats_wifi_sample( 1074): [319915860,336296,36739118,291789,319701169,330633,32492466,286507,319495513,328082,33551584,302335,1489905666998]
03-19 14:41:07.009 I/am_create_service( 1074): [0,100736987,.AutoCleanService,1000,3310]
03-19 14:41:07.040 I/am_destroy_service( 1074): [0,100736987,3310]
03-19 14:41:07.340 I/power_screen_broadcast_done( 1074): [0,583,1]
03-19 14:41:14.300 I/sysui_action( 1074): [252,false]
03-19 14:41:14.315 I/power_sleep_requested( 1074): 0
03-19 14:41:15.770 I/sysui_action( 1074): [252,false]
03-19 14:41:15.776 I/power_sleep_requested( 1074): 0
03-19 14:41:17.572 I/sysui_action( 1074): [252,false]
03-19 14:41:17.578 I/power_sleep_requested( 1074): 0
03-19 14:41:18.808 I/force_gc( 1074): Binder
03-19 14:41:19.108 I/sysui_action( 1074): [252,false]
03-19 14:41:19.114 I/power_sleep_requested( 1074): 0
03-19 14:41:21.005 I/sysui_action( 1074): [252,false]
03-19 14:41:21.016 I/power_sleep_requested( 1074): 0
03-19 14:41:21.076 I/notification_cancel( 1074): [10027,1382,com.android.systemui,2132017204,low_battery,-1,0,1088,8,NULL]
03-19 14:41:21.078 I/notification_cancel( 1074): [1001,8150,com.huawei.hidisk,17,NULL,0,0,1088,8,NULL]
03-19 14:41:22.570 I/sysui_action( 1074): [252,false]
03-19 14:41:22.576 I/power_sleep_requested( 1074): 0
03-19 14:41:23.963 I/notification_cancel( 1074): [10027,1382,com.android.systemui,2132017204,low_battery,-1,0,1088,8,NULL]
03-19 14:41:23.966 I/notification_cancel( 1074): [1001,8150,com.huawei.hidisk,17,NULL,0,0,1088,8,NULL]
03-19 14:41:24.151 I/sysui_action( 1074): [252,false]
03-19 14:41:24.156 I/power_sleep_requested( 1074): 0
03-19 14:41:25.843 I/sysui_action( 1074): [252,true]
03-19 14:41:25.846 I/screen_toggled( 1382): 2
03-19 14:41:25.863 I/notification_expansion( 1074): [-1|android|17040390|null|1000,0,1,481466,481466,21424]
03-19 14:41:25.873 I/sysui_status_bar_state( 1382): [0,0,0,0,1,0]
03-19 14:41:25.875 I/am_create_service( 1074): [0,95641125,.IntelligentIntentService,10017,24113]
03-19 14:41:25.883 I/am_destroy_service( 1074): [0,95641125,24113]
03-19 14:41:25.944 I/am_resume_activity( 1074): [0,127641499,48,com.android.settings/.Settings$DevelopmentSettingsActivity]
03-19 14:41:25.952 I/power_screen_state( 1074): [1,0,0,0]
03-19 14:41:25.952 I/screen_toggled( 1074): 1
03-19 14:41:25.952 I/power_screen_broadcast_send( 1074): 1
03-19 14:41:25.971 I/am_create_service( 1074): [0,205514666,.AppInfoRecvIntentService,10108,18305]
03-19 14:41:25.972 I/netstats_mobile_sample( 1074): [21535096,35214,5399367,37676,21535096,35214,5399367,37676,21535096,35249,5479203,39646,1489905685974]
03-19 14:41:25.972 I/netstats_wifi_sample( 1074): [319916135,336300,36739475,291794,319701416,330636,32492725,286511,319495760,328085,33551843,302339,1489905685974]
03-19 14:41:25.977 I/notification_visibility( 1074): [-1|android|17040390|null|1000,1,481580,481580,0,0]
03-19 14:41:25.977 I/sysui_histogram( 1382): [note_load,1]
03-19 14:41:25.978 I/am_destroy_service( 1074): [0,205514666,18305]
03-19 14:41:25.978 I/notification_panel_revealed( 1074): 1
03-19 14:41:25.982 I/sysui_view_visibility( 1329): [39,100]
03-19 14:41:25.984 I/notification_visibility( 1074): [-1|android|17040390|null|1000,0,481587,481587,0,0]
03-19 14:41:25.984 I/notification_panel_hidden( 1074): []
03-19 14:41:25.999 I/am_on_resume_called( 1329): [0,com.android.settings.Settings$DevelopmentSettingsActivity,RESUME_ACTIVITY]
03-19 14:41:25.999 I/am_on_resume_called( 1329): [0,com.android.settings.Settings$DevelopmentSettingsActivity]
03-19 14:41:26.047 I/notification_expansion( 1074): [-1|android|17040390|null|1000,0,0,481650,481650,70]
03-19 14:41:26.071 I/netstats_mobile_sample( 1074): [21535096,35214,5399367,37676,21535096,35214,5399367,37676,21535096,35249,5479203,39646,1489905686074]
03-19 14:41:26.071 I/netstats_wifi_sample( 1074): [319916135,336300,36739475,291794,319701416,330636,32492725,286511,319495760,328085,33551843,302339,1489905686074]
03-19 14:41:26.220 I/power_screen_broadcast_done( 1074): [1,268,1]
03-19 14:41:27.358 I/power_sleep_requested( 1074): 0
03-19 14:41:27.378 I/am_pause_activity( 1074): [0,127641499,com.android.settings/.Settings$DevelopmentSettingsActivity]
03-19 14:41:27.379 I/sysui_view_visibility( 1329): [39,0]
03-19 14:41:27.418 I/am_on_paused_called( 1329): [0,com.android.settings.Settings$DevelopmentSettingsActivity,handlePauseActivity]
03-19 14:41:27.421 I/am_stop_activity( 1074): [0,127641499,com.android.settings/.Settings$DevelopmentSettingsActivity]
03-19 14:41:27.429 I/sysui_histogram( 1074): [fingerprint_token,0]
03-19 14:41:27.432 I/am_on_stop_called( 1329): [0,com.android.settings.Settings$DevelopmentSettingsActivity,sleeping]
03-19 14:41:27.463 I/am_pss  ( 1074): [6219,10023,com.huawei.android.totemweather,34912256,29343744,161792]
03-19 14:41:27.896 I/power_screen_state( 1074): [0,2,0,0]
03-19 14:41:27.896 I/screen_toggled( 1074): 0
03-19 14:41:27.896 I/sysui_histogram( 1074): [screen_timeout,60]
03-19 14:41:27.896 I/power_screen_broadcast_send( 1074): 1
03-19 14:41:27.965 I/sysui_status_bar_state( 1382): [1,1,0,0,1,0]
03-19 14:41:28.126 I/am_create_service( 1074): [0,3170671,.IntelligentIntentService,10017,24113]
03-19 14:41:28.133 I/am_destroy_service( 1074): [0,3170671,24113]
03-19 14:41:28.156 I/netstats_mobile_sample( 1074): [21535096,35214,5399367,37676,21535096,35214,5399367,37676,21535096,35249,5479203,39646,1489905688158]
03-19 14:41:28.156 I/netstats_wifi_sample( 1074): [319916135,336300,36739475,291794,319701416,330636,32492725,286511,319495760,328085,33551843,302339,1489905688158]
03-19 14:41:28.160 I/am_create_service( 1074): [0,220429948,.AutoCleanService,1000,3310]
03-19 14:41:28.164 I/am_destroy_service( 1074): [0,220429948,3310]
03-19 14:41:28.208 I/sysui_action( 1074): [252,false]
03-19 14:41:28.212 I/power_sleep_requested( 1074): 0
03-19 14:41:28.326 I/power_screen_broadcast_done( 1074): [0,430,1]
03-19 14:41:29.833 I/sysui_action( 1074): [252,false]
03-19 14:41:29.844 I/power_sleep_requested( 1074): 0
03-19 14:41:31.099 I/sysui_action( 1074): [252,true]
03-19 14:41:31.100 I/screen_toggled( 1382): 2
03-19 14:41:31.105 I/notification_expansion( 1074): [-1|android|17040390|null|1000,0,1,486708,486708,5128]
03-19 14:41:31.111 I/am_create_service( 1074): [0,170034271,.IntelligentIntentService,10017,24113]
03-19 14:41:31.112 I/sysui_status_bar_state( 1382): [0,0,0,0,1,0]
03-19 14:41:31.117 I/am_destroy_service( 1074): [0,170034271,24113]
03-19 14:41:31.147 I/battery_level( 1074): [63,3996,230]
03-19 14:41:31.148 I/am_resume_activity( 1074): [0,127641499,48,com.android.settings/.Settings$DevelopmentSettingsActivity]
03-19 14:41:31.152 I/power_screen_state( 1074): [1,0,0,0]
03-19 14:41:31.152 I/screen_toggled( 1074): 1
03-19 14:41:31.152 I/power_screen_broadcast_send( 1074): 1
03-19 14:41:31.165 I/netstats_mobile_sample( 1074): [21535096,35214,5399367,37676,21535096,35214,5399367,37676,21535096,35249,5479203,39646,1489905691167]
03-19 14:41:31.165 I/netstats_wifi_sample( 1074): [319916135,336300,36739475,291794,319701416,330636,32492725,286511,319495760,328085,33551843,302339,1489905691167]
03-19 14:41:31.172 I/sysui_view_visibility( 1329): [39,100]
03-19 14:41:31.174 I/am_create_service( 1074): [0,231645737,.AppInfoRecvIntentService,10108,18305]
03-19 14:41:31.175 I/notification_visibility( 1074): [-1|android|17040390|null|1000,1,486778,486778,0,0]
03-19 14:41:31.175 I/sysui_histogram( 1382): [note_load,1]
03-19 14:41:31.175 I/notification_panel_revealed( 1074): 1
03-19 14:41:31.182 I/am_destroy_service( 1074): [0,231645737,18305]
03-19 14:41:31.190 I/am_on_resume_called( 1329): [0,com.android.settings.Settings$DevelopmentSettingsActivity,RESUME_ACTIVITY]
03-19 14:41:31.190 I/am_on_resume_called( 1329): [0,com.android.settings.Settings$DevelopmentSettingsActivity]
03-19 14:41:31.191 I/notification_visibility( 1074): [-1|android|17040390|null|1000,0,486794,486794,0,0]
03-19 14:41:31.191 I/notification_panel_hidden( 1074): []
03-19 14:41:31.205 I/notification_cancel( 1074): [1001,8150,com.huawei.hidisk,17,NULL,0,0,1088,8,NULL]
03-19 14:41:31.205 I/notification_cancel( 1074): [10027,1382,com.android.systemui,2132017204,low_battery,-1,0,1088,8,NULL]
03-19 14:41:31.254 I/notification_expansion( 1074): [-1|android|17040390|null|1000,0,0,486857,486857,79]
03-19 14:41:31.261 I/netstats_mobile_sample( 1074): [21535096,35214,5399367,37676,21535096,35214,5399367,37676,21535096,35249,5479203,39646,1489905691264]
03-19 14:41:31.262 I/netstats_wifi_sample( 1074): [319916135,336300,36739475,291794,319701416,330636,32492725,286511,319495760,328085,33551843,302339,1489905691264]
03-19 14:41:31.290 I/force_gc( 1074): Binder
03-19 14:41:31.414 I/power_screen_broadcast_done( 1074): [1,262,1]
03-19 14:41:32.296 I/power_sleep_requested( 1074): 0
03-19 14:41:32.302 I/am_pause_activity( 1074): [0,127641499,com.android.settings/.Settings$DevelopmentSettingsActivity]
03-19 14:41:32.303 I/sysui_view_visibility( 1329): [39,0]
03-19 14:41:32.309 I/am_on_paused_called( 1329): [0,com.android.settings.Settings$DevelopmentSettingsActivity,handlePauseActivity]
03-19 14:41:32.311 I/am_stop_activity( 1074): [0,127641499,com.android.settings/.Settings$DevelopmentSettingsActivity]
03-19 14:41:32.326 I/am_on_stop_called( 1329): [0,com.android.settings.Settings$DevelopmentSettingsActivity,sleeping]
03-19 14:41:32.333 I/sysui_histogram( 1074): [fingerprint_token,0]
03-19 14:41:33.008 I/power_screen_state( 1074): [0,2,0,0]
03-19 14:41:33.008 I/screen_toggled( 1074): 0
03-19 14:41:33.008 I/sysui_histogram( 1074): [screen_timeout,60]
03-19 14:41:33.008 I/power_screen_broadcast_send( 1074): 1
03-19 14:41:33.059 I/sysui_status_bar_state( 1382): [1,1,0,0,1,0]
03-19 14:41:33.090 I/am_create_service( 1074): [0,169078546,.IntelligentIntentService,10017,24113]
03-19 14:41:33.097 I/am_destroy_service( 1074): [0,169078546,24113]
03-19 14:41:33.120 I/netstats_mobile_sample( 1074): [21535096,35214,5399367,37676,21535096,35214,5399367,37676,21535096,35249,5479203,39646,1489905693122]
03-19 14:41:33.120 I/netstats_wifi_sample( 1074): [319916135,336300,36739475,291794,319701416,330636,32492725,286511,319495760,328085,33551843,302339,1489905693122]
03-19 14:41:33.123 I/am_create_service( 1074): [0,121665251,.AutoCleanService,1000,3310]
03-19 14:41:33.126 I/am_destroy_service( 1074): [0,121665251,3310]
03-19 14:41:33.211 I/sysui_action( 1074): [252,true]
03-19 14:41:33.212 I/screen_toggled( 1382): 2
03-19 14:41:33.222 I/notification_expansion( 1074): [-1|android|17040390|null|1000,0,1,488825,488825,2047]
03-19 14:41:33.231 I/sysui_status_bar_state( 1382): [0,0,0,0,1,0]
03-19 14:41:33.240 I/am_create_service( 1074): [0,198537425,.IntelligentIntentService,10017,24113]
03-19 14:41:33.250 I/am_destroy_service( 1074): [0,198537425,24113]
03-19 14:41:33.259 I/sf_frame_dur(  449): [NavigationBar,0,1,0,0,0,0,0]
03-19 14:41:33.277 I/am_resume_activity( 1074): [0,127641499,48,com.android.settings/.Settings$DevelopmentSettingsActivity]
03-19 14:41:33.280 I/power_screen_state( 1074): [1,0,0,0]
03-19 14:41:33.280 I/screen_toggled( 1074): 1
03-19 14:41:33.287 I/notification_visibility( 1074): [-1|android|17040390|null|1000,1,488890,488890,0,0]
03-19 14:41:33.289 I/netstats_mobile_sample( 1074): [21535096,35214,5399367,37676,21535096,35214,5399367,37676,21535096,35249,5479203,39646,1489905693292]
03-19 14:41:33.289 I/netstats_wifi_sample( 1074): [319916135,336300,36739475,291794,319701416,330636,32492725,286511,319495760,328085,33551843,302339,1489905693292]
03-19 14:41:33.294 I/sysui_histogram( 1382): [note_load,1]
03-19 14:41:33.295 I/notification_panel_revealed( 1074): 1
03-19 14:41:33.305 I/am_create_service( 1074): [0,61954576,.AppInfoRecvIntentService,10108,18305]
03-19 14:41:33.314 I/notification_visibility( 1074): [-1|android|17040390|null|1000,0,488917,488917,0,0]
03-19 14:41:33.315 I/notification_panel_hidden( 1074): []
03-19 14:41:33.319 I/am_destroy_service( 1074): [0,61954576,18305]
03-19 14:41:33.328 I/sysui_view_visibility( 1329): [39,100]
03-19 14:41:33.340 I/am_on_resume_called( 1329): [0,com.android.settings.Settings$DevelopmentSettingsActivity,RESUME_ACTIVITY]
03-19 14:41:33.340 I/am_on_resume_called( 1329): [0,com.android.settings.Settings$DevelopmentSettingsActivity]
03-19 14:41:33.342 I/power_screen_broadcast_done( 1074): [0,334,1]
03-19 14:41:33.342 I/power_screen_broadcast_send( 1074): 1
03-19 14:41:33.366 I/notification_expansion( 1074): [-1|android|17040390|null|1000,0,0,488969,488969,79]
03-19 14:41:33.405 I/netstats_mobile_sample( 1074): [21535096,35214,5399367,37676,21535096,35214,5399367,37676,21535096,35249,5479203,39646,1489905693408]
03-19 14:41:33.405 I/netstats_wifi_sample( 1074): [319916135,336300,36739475,291794,319701416,330636,32492725,286511,319495760,328085,33551843,302339,1489905693408]
03-19 14:41:33.548 I/power_screen_broadcast_done( 1074): [1,205,1]
03-19 14:41:34.390 I/power_sleep_requested( 1074): 0
03-19 14:41:34.396 I/am_pause_activity( 1074): [0,127641499,com.android.settings/.Settings$DevelopmentSettingsActivity]
03-19 14:41:34.409 I/sysui_view_visibility( 1329): [39,0]
03-19 14:41:34.433 I/am_on_paused_called( 1329): [0,com.android.settings.Settings$DevelopmentSettingsActivity,handlePauseActivity]
03-19 14:41:34.435 I/am_stop_activity( 1074): [0,127641499,com.android.settings/.Settings$DevelopmentSettingsActivity]
03-19 14:41:34.441 I/sysui_histogram( 1074): [fingerprint_token,0]
03-19 14:41:34.443 I/am_on_stop_called( 1329): [0,com.android.settings.Settings$DevelopmentSettingsActivity,sleeping]
03-19 14:41:34.908 I/power_screen_state( 1074): [0,2,0,0]
03-19 14:41:34.908 I/screen_toggled( 1074): 0
03-19 14:41:34.908 I/sysui_histogram( 1074): [screen_timeout,60]
03-19 14:41:34.908 I/power_screen_broadcast_send( 1074): 1
03-19 14:41:34.976 I/sysui_status_bar_state( 1382): [1,1,0,0,1,0]
03-19 14:41:35.014 I/am_create_service( 1074): [0,165422907,.IntelligentIntentService,10017,24113]
03-19 14:41:35.025 I/am_destroy_service( 1074): [0,165422907,24113]
03-19 14:41:35.030 I/netstats_mobile_sample( 1074): [21535096,35214,5399367,37676,21535096,35214,5399367,37676,21535096,35249,5479203,39646,1489905695033]
03-19 14:41:35.030 I/netstats_wifi_sample( 1074): [319916203,336301,36739475,291794,319701484,330637,32492725,286511,319495828,328086,33551843,302339,1489905695033]
03-19 14:41:35.055 I/am_create_service( 1074): [0,156425816,.AutoCleanService,1000,3310]
03-19 14:41:35.059 I/am_destroy_service( 1074): [0,156425816,3310]
03-19 14:41:35.367 I/power_screen_broadcast_done( 1074): [0,459,1]
03-19 14:41:35.527 I/sysui_action( 1074): [252,false]
03-19 14:41:35.537 I/power_sleep_requested( 1074): 0
03-19 14:41:38.161 I/sysui_action( 1074): [252,false]
03-19 14:41:38.167 I/power_sleep_requested( 1074): 0
03-19 14:41:39.565 I/sysui_action( 1074): [252,false]
03-19 14:41:39.570 I/power_sleep_requested( 1074): 0
03-19 14:41:40.995 I/sysui_action( 1074): [252,false]
03-19 14:41:41.001 I/power_sleep_requested( 1074): 0
03-19 14:41:42.692 I/sysui_action( 1074): [252,false]
03-19 14:41:42.701 I/power_sleep_requested( 1074): 0
03-19 14:41:44.101 I/sysui_action( 1074): [252,false]
03-19 14:41:44.107 I/power_sleep_requested( 1074): 0
03-19 14:41:45.620 I/sysui_action( 1074): [252,false]
03-19 14:41:45.626 I/power_sleep_requested( 1074): 0
03-19 14:41:47.253 I/sysui_action( 1074): [252,false]
03-19 14:41:47.258 I/power_sleep_requested( 1074): 0
03-19 14:41:48.562 I/sysui_action( 1074): [252,false]
03-19 14:41:48.569 I/power_sleep_requested( 1074): 0
03-19 14:41:50.273 I/sysui_action( 1074): [252,false]
03-19 14:41:50.278 I/power_sleep_requested( 1074): 0
03-19 14:41:50.323 I/force_gc( 1074): Binder
03-19 14:41:52.902 I/sysui_action( 1074): [252,false]
03-19 14:41:52.908 I/power_sleep_requested( 1074): 0
03-19 14:41:53.195 I/sysui_action( 1074): [252,true]
03-19 14:41:53.197 I/screen_toggled( 1382): 2
03-19 14:41:53.214 I/notification_expansion( 1074): [-1|android|17040390|null|1000,0,1,508817,508817,19927]
03-19 14:41:53.223 I/sysui_status_bar_state( 1382): [0,0,0,0,1,0]
03-19 14:41:53.227 I/am_create_service( 1074): [0,111284686,.IntelligentIntentService,10017,24113]
03-19 14:41:53.239 I/am_destroy_service( 1074): [0,111284686,24113]
03-19 14:41:53.295 I/am_resume_activity( 1074): [0,127641499,48,com.android.settings/.Settings$DevelopmentSettingsActivity]
03-19 14:41:53.305 I/power_screen_state( 1074): [1,0,0,0]
03-19 14:41:53.305 I/screen_toggled( 1074): 1
03-19 14:41:53.305 I/power_screen_broadcast_send( 1074): 1
03-19 14:41:53.331 I/netstats_mobile_sample( 1074): [21535096,35214,5399367,37676,21535096,35214,5399367,37676,21535096,35249,5479203,39646,1489905713334]
03-19 14:41:53.332 I/netstats_wifi_sample( 1074): [319916231,336302,36739517,291795,319701484,330637,32492725,286511,319495828,328086,33551843,302339,1489905713334]
03-19 14:41:53.337 I/sysui_view_visibility( 1329): [39,100]
03-19 14:41:53.337 I/am_create_service( 1074): [0,111563776,.AppInfoRecvIntentService,10108,18305]
03-19 14:41:53.345 I/am_destroy_service( 1074): [0,111563776,18305]
03-19 14:41:53.368 I/am_on_resume_called( 1329): [0,com.android.settings.Settings$DevelopmentSettingsActivity,RESUME_ACTIVITY]
03-19 14:41:53.368 I/am_on_resume_called( 1329): [0,com.android.settings.Settings$DevelopmentSettingsActivity]
03-19 14:41:53.394 I/notification_expansion( 1074): [-1|android|17040390|null|1000,0,0,508997,508997,20107]
03-19 14:41:53.429 I/netstats_mobile_sample( 1074): [21535096,35214,5399367,37676,21535096,35214,5399367,37676,21535096,35249,5479203,39646,1489905713431]
03-19 14:41:53.429 I/netstats_wifi_sample( 1074): [319916231,336302,36739517,291795,319701484,330637,32492725,286511,319495828,328086,33551843,302339,1489905713431]
03-19 14:41:53.583 I/power_screen_broadcast_done( 1074): [1,278,1]
03-19 14:41:54.127 I/notification_cancel( 1074): [1001,8150,com.huawei.hidisk,17,NULL,0,0,1088,8,NULL]
03-19 14:41:54.127 I/notification_cancel( 1074): [10027,1382,com.android.systemui,2132017204,low_battery,-1,0,1088,8,NULL]
03-19 14:41:54.429 I/power_sleep_requested( 1074): 0
03-19 14:41:54.436 I/am_pause_activity( 1074): [0,127641499,com.android.settings/.Settings$DevelopmentSettingsActivity]
03-19 14:41:54.439 I/sysui_view_visibility( 1329): [39,0]
03-19 14:41:54.468 I/am_on_paused_called( 1329): [0,com.android.settings.Settings$DevelopmentSettingsActivity,handlePauseActivity]
03-19 14:41:54.470 I/am_stop_activity( 1074): [0,127641499,com.android.settings/.Settings$DevelopmentSettingsActivity]
03-19 14:41:54.473 I/sysui_histogram( 1074): [fingerprint_token,0]
03-19 14:41:54.478 I/am_on_stop_called( 1329): [0,com.android.settings.Settings$DevelopmentSettingsActivity,sleeping]
03-19 14:41:55.038 I/sysui_action( 1074): [252,true]
03-19 14:41:55.149 I/power_screen_state( 1074): [0,2,0,0]
03-19 14:41:55.149 I/screen_toggled( 1074): 0
03-19 14:41:55.149 I/sysui_histogram( 1074): [screen_timeout,60]
03-19 14:41:55.149 I/power_screen_broadcast_send( 1074): 1
03-19 14:41:55.203 I/sysui_status_bar_state( 1382): [1,1,0,0,1,0]
03-19 14:41:55.207 I/sysui_histogram( 1074): [fingerprint_token,0]
03-19 14:41:55.231 I/am_create_service( 1074): [0,200719664,.IntelligentIntentService,10017,24113]
03-19 14:41:55.238 I/am_destroy_service( 1074): [0,200719664,24113]
03-19 14:41:55.255 I/screen_toggled( 1382): 2
03-19 14:41:55.264 I/netstats_mobile_sample( 1074): [21535096,35214,5399367,37676,21535096,35214,5399367,37676,21535096,35249,5479203,39646,1489905715266]
03-19 14:41:55.264 I/netstats_wifi_sample( 1074): [319916231,336302,36739571,291796,319701484,330637,32492765,286512,319495828,328086,33551843,302339,1489905715266]
03-19 14:41:55.272 I/am_create_service( 1074): [0,146963548,.AutoCleanService,1000,3310]
03-19 14:41:55.273 I/notification_expansion( 1074): [-1|android|17040390|null|1000,0,1,510876,510876,21986]
03-19 14:41:55.280 I/sysui_status_bar_state( 1382): [0,0,0,0,1,0]
03-19 14:41:55.281 I/am_create_service( 1074): [0,78147642,.IntelligentIntentService,10017,24113]
03-19 14:41:55.286 I/am_destroy_service( 1074): [0,146963548,3310]
03-19 14:41:55.288 I/am_destroy_service( 1074): [0,78147642,24113]
03-19 14:41:55.302 I/sf_frame_dur(  449): [NavigationBar,0,0,0,1,0,0,0]
03-19 14:41:55.339 I/am_resume_activity( 1074): [0,127641499,48,com.android.settings/.Settings$DevelopmentSettingsActivity]
03-19 14:41:55.349 I/power_screen_state( 1074): [1,0,0,0]
03-19 14:41:55.349 I/screen_toggled( 1074): 1
03-19 14:41:55.357 I/notification_visibility( 1074): [-1|android|17040390|null|1000,1,510960,510960,0,0]
03-19 14:41:55.358 I/sysui_histogram( 1382): [note_load,1]
03-19 14:41:55.358 I/notification_panel_revealed( 1074): 1
03-19 14:41:55.365 I/netstats_mobile_sample( 1074): [21535096,35214,5399367,37676,21535096,35214,5399367,37676,21535096,35249,5479203,39646,1489905715368]
03-19 14:41:55.365 I/notification_visibility( 1074): [-1|android|17040390|null|1000,0,510968,510968,0,0]
03-19 14:41:55.366 I/notification_panel_hidden( 1074): []
03-19 14:41:55.366 I/netstats_wifi_sample( 1074): [319916231,336302,36739571,291796,319701484,330637,32492765,286512,319495828,328086,33551883,302340,1489905715368]
03-19 14:41:55.367 I/am_create_service( 1074): [0,145280146,.AppInfoRecvIntentService,10108,18305]
03-19 14:41:55.389 I/sysui_view_visibility( 1329): [39,100]
03-19 14:41:55.391 I/am_destroy_service( 1074): [0,145280146,18305]
03-19 14:41:55.418 I/notification_expansion( 1074): [-1|android|17040390|null|1000,0,0,511021,511021,61]
03-19 14:41:55.419 I/am_on_resume_called( 1329): [0,com.android.settings.Settings$DevelopmentSettingsActivity,RESUME_ACTIVITY]
03-19 14:41:55.419 I/am_on_resume_called( 1329): [0,com.android.settings.Settings$DevelopmentSettingsActivity]
03-19 14:41:55.516 I/power_screen_broadcast_done( 1074): [0,368,1]
03-19 14:41:55.516 I/power_screen_broadcast_send( 1074): 1
03-19 14:41:55.520 I/am_pss  ( 1074): [6219,10023,com.huawei.android.totemweather,34899968,29331456,161792]
03-19 14:41:55.596 I/netstats_mobile_sample( 1074): [21535096,35214,5399367,37676,21535096,35214,5399367,37676,21535096,35249,5479203,39646,1489905715598]
03-19 14:41:55.596 I/netstats_wifi_sample( 1074): [319916231,336302,36739625,291797,319701484,330637,32492805,286513,319495828,328086,33551923,302341,1489905715598]
03-19 14:41:55.784 I/power_screen_broadcast_done( 1074): [1,267,1]
03-19 14:41:56.639 I/power_sleep_requested( 1074): 0
03-19 14:41:56.649 I/am_pause_activity( 1074): [0,127641499,com.android.settings/.Settings$DevelopmentSettingsActivity]
03-19 14:41:56.650 I/sysui_view_visibility( 1329): [39,0]
03-19 14:41:56.660 I/am_on_paused_called( 1329): [0,com.android.settings.Settings$DevelopmentSettingsActivity,handlePauseActivity]
03-19 14:41:56.671 I/am_stop_activity( 1074): [0,127641499,com.android.settings/.Settings$DevelopmentSettingsActivity]
03-19 14:41:56.684 I/sysui_histogram( 1074): [fingerprint_token,0]
03-19 14:41:56.685 I/am_on_stop_called( 1329): [0,com.android.settings.Settings$DevelopmentSettingsActivity,sleeping]
03-19 14:41:57.371 I/power_screen_state( 1074): [0,2,0,0]
03-19 14:41:57.371 I/screen_toggled( 1074): 0
03-19 14:41:57.371 I/sysui_histogram( 1074): [screen_timeout,60]
03-19 14:41:57.371 I/power_screen_broadcast_send( 1074): 1
03-19 14:41:57.422 I/sysui_action( 1074): [252,false]
03-19 14:41:57.439 I/sysui_status_bar_state( 1382): [1,1,0,0,1,0]
03-19 14:41:57.470 I/am_create_service( 1074): [0,203833413,.IntelligentIntentService,10017,24113]
03-19 14:41:57.476 I/am_destroy_service( 1074): [0,203833413,24113]
03-19 14:41:57.496 I/power_sleep_requested( 1074): 0
03-19 14:41:57.499 I/netstats_mobile_sample( 1074): [21535096,35214,5399367,37676,21535096,35214,5399367,37676,21535096,35249,5479203,39646,1489905717502]
03-19 14:41:57.500 I/netstats_wifi_sample( 1074): [319916231,336302,36739787,291800,319701484,330637,32492925,286516,319495828,328086,33552043,302344,1489905717502]
03-19 14:41:57.507 I/am_create_service( 1074): [0,238850970,.AutoCleanService,1000,3310]
03-19 14:41:57.520 I/am_destroy_service( 1074): [0,238850970,3310]
03-19 14:41:57.532 I/force_gc( 1074): Binder
03-19 14:41:57.698 I/power_screen_broadcast_done( 1074): [0,327,1]
03-19 14:41:57.903 I/sf_frame_dur(  449): [NavigationBar,0,0,1,0,0,0,0]
03-19 14:41:58.986 I/sysui_action( 1074): [252,false]
03-19 14:41:58.990 I/power_sleep_requested( 1074): 0
03-19 14:42:02.235 I/power_sleep_requested( 1074): 0
03-19 14:42:11.949 I/sysui_action( 1074): [252,false]
03-19 14:42:11.953 I/power_sleep_requested( 1074): 0
03-19 14:42:13.927 I/sysui_action( 1074): [252,false]
03-19 14:42:13.933 I/power_sleep_requested( 1074): 0
03-19 14:42:15.546 I/sysui_action( 1074): [252,false]
03-19 14:42:15.557 I/power_sleep_requested( 1074): 0
03-19 14:42:17.090 I/sysui_action( 1074): [252,false]
03-19 14:42:17.096 I/power_sleep_requested( 1074): 0
03-19 14:42:18.670 I/sysui_action( 1074): [252,false]
03-19 14:42:18.677 I/power_sleep_requested( 1074): 0
03-19 14:42:20.371 I/sysui_action( 1074): [252,false]
03-19 14:42:20.376 I/power_sleep_requested( 1074): 0
03-19 14:42:21.072 I/notification_cancel( 1074): [10027,1382,com.android.systemui,2132017204,low_battery,-1,0,1088,8,NULL]
03-19 14:42:21.079 I/notification_cancel( 1074): [1001,8150,com.huawei.hidisk,17,NULL,0,0,1088,8,NULL]
03-19 14:42:22.002 I/sysui_action( 1074): [252,false]
03-19 14:42:22.007 I/power_sleep_requested( 1074): 0
03-19 14:42:23.269 I/sysui_action( 1074): [252,true]
03-19 14:42:23.270 I/screen_toggled( 1382): 2
03-19 14:42:23.275 I/notification_expansion( 1074): [-1|android|17040390|null|1000,0,1,538878,538878,27918]
03-19 14:42:23.281 I/sysui_status_bar_state( 1382): [0,0,0,0,1,0]
03-19 14:42:23.284 I/am_create_service( 1074): [0,131068893,.IntelligentIntentService,10017,24113]
03-19 14:42:23.291 I/am_destroy_service( 1074): [0,131068893,24113]
03-19 14:42:23.297 I/am_pss  ( 1074): [6219,10023,com.huawei.android.totemweather,34756608,29188096,161792]
03-19 14:42:23.314 I/am_pss  ( 1074): [1625,1000,com.huawei.systemmanager:service,54827008,48394240,3156992]
03-19 14:42:23.322 I/am_resume_activity( 1074): [0,127641499,48,com.android.settings/.Settings$DevelopmentSettingsActivity]
03-19 14:42:23.326 I/power_screen_state( 1074): [1,0,0,0]
03-19 14:42:23.326 I/screen_toggled( 1074): 1
03-19 14:42:23.326 I/power_screen_broadcast_send( 1074): 1
03-19 14:42:23.329 I/notification_visibility( 1074): [-1|android|17040390|null|1000,1,538932,538932,0,0]
03-19 14:42:23.333 I/am_create_service( 1074): [0,39645401,.AppInfoRecvIntentService,10108,18305]
03-19 14:42:23.335 I/sysui_histogram( 1382): [note_load,1]
03-19 14:42:23.335 I/notification_panel_revealed( 1074): 1
03-19 14:42:23.337 I/netstats_mobile_sample( 1074): [21535096,35214,5399367,37676,21535096,35214,5399367,37676,21535096,35249,5479203,39646,1489905743339]
03-19 14:42:23.337 I/netstats_wifi_sample( 1074): [319916259,336303,36739991,291804,319701484,330637,32493045,286519,319495828,328086,33552163,302347,1489905743339]
03-19 14:42:23.343 I/am_destroy_service( 1074): [0,39645401,18305]
03-19 14:42:23.347 I/sysui_view_visibility( 1329): [39,100]
03-19 14:42:23.360 I/am_on_resume_called( 1329): [0,com.android.settings.Settings$DevelopmentSettingsActivity,RESUME_ACTIVITY]
03-19 14:42:23.360 I/am_on_resume_called( 1329): [0,com.android.settings.Settings$DevelopmentSettingsActivity]
03-19 14:42:23.381 I/notification_visibility( 1074): [-1|android|17040390|null|1000,0,538984,538984,0,0]
03-19 14:42:23.381 I/notification_panel_hidden( 1074): []
03-19 14:42:23.423 I/notification_expansion( 1074): [-1|android|17040390|null|1000,0,0,539026,539026,94]
03-19 14:42:23.431 I/netstats_mobile_sample( 1074): [21535096,35214,5399367,37676,21535096,35214,5399367,37676,21535096,35249,5479203,39646,1489905743434]
03-19 14:42:23.431 I/netstats_wifi_sample( 1074): [319916259,336303,36739991,291804,319701484,330637,32493045,286519,319495828,328086,33552163,302347,1489905743434]
03-19 14:42:23.575 I/power_screen_broadcast_done( 1074): [1,249,1]
03-19 14:42:24.278 I/power_sleep_requested( 1074): 0
03-19 14:42:24.285 I/am_pause_activity( 1074): [0,127641499,com.android.settings/.Settings$DevelopmentSettingsActivity]
03-19 14:42:24.286 I/sysui_view_visibility( 1329): [39,0]
03-19 14:42:24.323 I/am_on_paused_called( 1329): [0,com.android.settings.Settings$DevelopmentSettingsActivity,handlePauseActivity]
03-19 14:42:24.324 I/am_stop_activity( 1074): [0,127641499,com.android.settings/.Settings$DevelopmentSettingsActivity]
03-19 14:42:24.336 I/sysui_histogram( 1074): [fingerprint_token,0]
03-19 14:42:24.339 I/notification_cancel( 1074): [10027,1382,com.android.systemui,2132017204,low_battery,-1,0,1088,8,NULL]
03-19 14:42:24.343 I/notification_cancel( 1074): [1001,8150,com.huawei.hidisk,17,NULL,0,0,1088,8,NULL]
03-19 14:42:24.348 I/am_on_stop_called( 1329): [0,com.android.settings.Settings$DevelopmentSettingsActivity,sleeping]
03-19 14:42:24.797 I/power_screen_state( 1074): [0,2,0,0]
03-19 14:42:24.797 I/screen_toggled( 1074): 0
03-19 14:42:24.797 I/sysui_histogram( 1074): [screen_timeout,60]
03-19 14:42:24.797 I/power_screen_broadcast_send( 1074): 1
03-19 14:42:24.920 I/sysui_status_bar_state( 1382): [1,1,0,0,1,0]
03-19 14:42:24.978 I/am_create_service( 1074): [0,62432445,.IntelligentIntentService,10017,24113]
03-19 14:42:24.995 I/am_destroy_service( 1074): [0,62432445,24113]
03-19 14:42:25.017 I/netstats_mobile_sample( 1074): [21535096,35214,5399367,37676,21535096,35214,5399367,37676,21535096,35249,5479203,39646,1489905745019]
03-19 14:42:25.018 I/netstats_wifi_sample( 1074): [319916259,336303,36739991,291804,319701484,330637,32493045,286519,319495828,328086,33552163,302347,1489905745019]
03-19 14:42:25.032 I/am_create_service( 1074): [0,251521714,.AutoCleanService,1000,3310]
03-19 14:42:25.051 I/am_destroy_service( 1074): [0,251521714,3310]
03-19 14:42:25.344 I/power_screen_broadcast_done( 1074): [0,547,1]
03-19 14:42:54.544 I/notification_cancel( 1074): [10027,1382,com.android.systemui,2132017204,low_battery,-1,0,1088,8,NULL]
03-19 14:42:54.544 I/notification_cancel( 1074): [1001,8150,com.huawei.hidisk,17,NULL,0,0,1088,8,NULL]
03-19 14:43:14.052 I/sysui_action( 1074): [252,false]
03-19 14:43:14.057 I/power_sleep_requested( 1074): 0
03-19 14:43:16.401 I/sysui_action( 1074): [252,false]
03-19 14:43:16.406 I/power_sleep_requested( 1074): 0
03-19 14:43:19.447 I/sysui_action( 1074): [252,false]
03-19 14:43:19.451 I/power_sleep_requested( 1074): 0
03-19 14:43:21.070 I/notification_cancel( 1074): [10027,1382,com.android.systemui,2132017204,low_battery,-1,0,1088,8,NULL]
03-19 14:43:21.073 I/notification_cancel( 1074): [1001,8150,com.huawei.hidisk,17,NULL,0,0,1088,8,NULL]
03-19 14:43:21.499 I/sysui_action( 1074): [252,false]
03-19 14:43:21.507 I/power_sleep_requested( 1074): 0
03-19 14:43:23.889 I/sysui_action( 1074): [252,false]
03-19 14:43:23.894 I/power_sleep_requested( 1074): 0
03-19 14:43:24.689 I/notification_cancel( 1074): [10027,1382,com.android.systemui,2132017204,low_battery,-1,0,1088,8,NULL]
03-19 14:43:24.690 I/notification_cancel( 1074): [1001,8150,com.huawei.hidisk,17,NULL,0,0,1088,8,NULL]
03-19 14:43:26.369 I/sysui_action( 1074): [252,false]
03-19 14:43:26.380 I/power_sleep_requested( 1074): 0
03-19 14:43:28.193 I/sysui_action( 1074): [252,false]
03-19 14:43:28.199 I/power_sleep_requested( 1074): 0
03-19 14:43:30.616 I/sysui_action( 1074): [252,false]
03-19 14:43:30.621 I/power_sleep_requested( 1074): 0
03-19 14:43:32.928 I/sysui_action( 1074): [252,false]
03-19 14:43:32.937 I/power_sleep_requested( 1074): 0
03-19 14:43:34.763 I/force_gc( 1074): Binder
03-19 14:43:34.990 I/sysui_action( 1074): [252,true]
03-19 14:43:34.991 I/screen_toggled( 1382): 2
03-19 14:43:34.997 I/notification_expansion( 1074): [-1|android|17040390|null|1000,0,1,610600,610600,71668]
03-19 14:43:35.001 I/sysui_status_bar_state( 1382): [0,0,0,0,1,0]
03-19 14:43:35.003 I/am_create_service( 1074): [0,78337374,.IntelligentIntentService,10017,24113]
03-19 14:43:35.008 I/am_destroy_service( 1074): [0,78337374,24113]
03-19 14:43:35.017 I/am_pss  ( 1074): [6219,10023,com.huawei.android.totemweather,34736128,29167616,161792]
03-19 14:43:35.038 I/am_resume_activity( 1074): [0,127641499,48,com.android.settings/.Settings$DevelopmentSettingsActivity]
03-19 14:43:35.041 I/power_screen_state( 1074): [1,0,0,0]
03-19 14:43:35.041 I/screen_toggled( 1074): 1
03-19 14:43:35.042 I/power_screen_broadcast_send( 1074): 1
03-19 14:43:35.046 I/notification_visibility( 1074): [-1|android|17040390|null|1000,1,610649,610649,0,0]
03-19 14:43:35.047 I/sysui_histogram( 1382): [note_load,1]
03-19 14:43:35.047 I/notification_panel_revealed( 1074): 1
03-19 14:43:35.054 I/netstats_mobile_sample( 1074): [21535096,35214,5399367,37676,21535096,35214,5399367,37676,21535096,35249,5479203,39646,1489905815056]
03-19 14:43:35.054 I/am_create_service( 1074): [0,55066067,.AppInfoRecvIntentService,10108,18305]
03-19 14:43:35.054 I/netstats_wifi_sample( 1074): [319916315,336305,36740183,291808,319701484,330637,32493125,286521,319495828,328086,33552243,302349,1489905815056]
03-19 14:43:35.065 I/am_destroy_service( 1074): [0,55066067,18305]
03-19 14:43:35.066 I/sysui_view_visibility( 1329): [39,100]
03-19 14:43:35.077 I/notification_visibility( 1074): [-1|android|17040390|null|1000,0,610680,610680,0,0]
03-19 14:43:35.077 I/notification_panel_hidden( 1074): []
03-19 14:43:35.078 I/am_pss  ( 1074): [1329,1000,com.android.settings,91804672,78016512,582656]
03-19 14:43:35.091 I/am_on_resume_called( 1329): [0,com.android.settings.Settings$DevelopmentSettingsActivity,RESUME_ACTIVITY]
03-19 14:43:35.091 I/am_on_resume_called( 1329): [0,com.android.settings.Settings$DevelopmentSettingsActivity]
03-19 14:43:35.093 I/am_pss  ( 1074): [2216,10049,com.huawei.android.launcher,59956224,54599680,742400]
03-19 14:43:35.120 I/am_pss  ( 1074): [30627,10121,com.tencent.mobileqq,131817472,120434688,5120]
03-19 14:43:35.141 I/am_pss  ( 1074): [30674,10121,com.tencent.mobileqq:MSF,24560640,18055168,10240]
03-19 14:43:35.145 I/notification_expansion( 1074): [-1|android|17040390|null|1000,0,0,610748,610748,99]
03-19 14:43:35.170 I/am_pss  ( 1074): [6700,10011,com.android.browser,182737920,19009536,163404800]
03-19 14:43:35.179 I/netstats_mobile_sample( 1074): [21535096,35214,5399367,37676,21535096,35214,5399367,37676,21535096,35249,5479203,39646,1489905815182]
03-19 14:43:35.179 I/netstats_wifi_sample( 1074): [319916315,336305,36740183,291808,319701484,330637,32493125,286521,319495828,328086,33552243,302349,1489905815182]
03-19 14:43:35.198 I/am_pss  ( 1074): [6331,10104,com.tencent.mm,147351552,135516160,4096]
03-19 14:43:35.213 I/am_pss  ( 1074): [29273,10004,com.android.contacts,44087296,37457920,162816]
03-19 14:43:35.230 I/am_pss  ( 1074): [2257,1001,com.android.incallui,34345984,31989760,339968]
03-19 14:43:35.257 I/am_pss  ( 1074): [8019,10046,com.baidu.input_huawei,150821888,128446464,11264]
03-19 14:43:35.278 I/am_pss  ( 1074): [29082,10028,com.android.mms,126100480,121421824,817152]
03-19 14:43:35.290 I/am_pss  ( 1074): [6543,10104,com.tencent.mm:exdevice,13426688,8671232,19456]
03-19 14:43:35.305 I/am_pss  ( 1074): [6437,10104,com.tencent.mm:push,14406656,10596352,17408]
03-19 14:43:35.316 I/am_pss  ( 1074): [29124,1000,com.huawei.cryptosms.service,4290560,2977792,517120]
03-19 14:43:35.329 I/power_screen_broadcast_done( 1074): [1,287,1]
