03-19 14:43:35.334 I/am_pss  ( 1074): [18305,10108,com.eg.android.AlipayGphone:push,26006528,18411520,11264]
03-19 14:43:35.344 I/am_pss  ( 1074): [15172,10002,android.process.media,8637440,6955008,162816]
03-19 14:43:35.354 I/am_pss  ( 1074): [31603,10074,com.android.printspooler,4146176,2977792,175104]
03-19 14:43:35.366 I/am_pss  ( 1074): [7092,10020,com.huawei.phoneservice,6562816,4468736,22528]
03-19 14:43:35.376 I/am_pss  ( 1074): [1610,1000,com.huawei.bd,8352768,6307840,1018880]
03-19 14:43:35.386 I/am_pss  ( 1074): [31339,10051,com.huawei.android.hwouc,6762496,4308992,17408]
03-19 14:43:35.397 I/am_pss  ( 1074): [6909,10012,com.huawei.appmarket,15602688,13078528,162816]
03-19 14:43:35.408 I/am_pss  ( 1074): [8150,1001,com.huawei.hidisk,12422144,9969664,161792]
03-19 14:43:35.419 I/am_pss  ( 1074): [11074,10048,com.huawei.hwid,23815168,21458944,45056]
03-19 14:43:35.429 I/am_pss  ( 1074): [31550,1000,android:ui,8785920,6512640,171008]
03-19 14:43:35.439 I/am_pss  ( 1074): [31502,10068,com.huawei.vassistant,6906880,4747264,18432]
03-19 14:43:35.448 I/am_pss  ( 1074): [31488,1001,com.huawei.android.dsdscardmanager,5195776,3612672,175104]
03-19 14:43:35.458 I/am_pss  ( 1074): [31372,10020,com.huawei.phoneservice:autologuploadservice,5750784,3563520,20480]
03-19 14:43:35.469 I/am_pss  ( 1074): [1795,10004,android.process.acore,21252096,17346560,2729984]
03-19 14:43:35.479 I/am_pss  ( 1074): [5457,1000,com.huawei.trustspace,5073920,4009984,264192]
03-19 14:43:35.488 I/am_pss  ( 1074): [7068,10051,com.huawei.android.hwouc:usersurvey,3873792,2600960,66560]
03-19 14:43:35.497 I/am_pss  ( 1074): [28234,10051,com.huawei.android.hwouc:hwbdservice,4589568,2727936,23552]
03-19 14:43:35.507 I/am_pss  ( 1074): [7039,10051,com.huawei.android.hwouc:hwbd,3996672,2699264,50176]
03-19 14:43:35.519 I/am_pss  ( 1074): [10936,10014,com.android.gallery3d,44435456,4755456,39473152]
03-19 14:43:35.535 I/am_pss  ( 1074): [18192,10108,com.eg.android.AlipayGphone,56744960,48218112,11264]
03-19 14:43:35.545 I/am_pss  ( 1074): [7336,10105,com.huawei.hilink.framework,5437440,3993600,26624]
03-19 14:43:35.554 I/am_pss  ( 1074): [15856,10065,com.huawei.android.wfdft,4484096,3391488,173056]
03-19 14:43:35.564 I/am_pss  ( 1074): [21348,10021,com.huawei.hwvplayer.youku,6699008,4947968,22528]
03-19 14:43:35.575 I/am_pss  ( 1074): [24144,10007,com.android.calendar,17369088,15196160,171008]
03-19 14:43:35.585 I/am_pss  ( 1074): [28032,10035,com.android.providers.calendar,5766144,4493312,165888]
03-19 14:43:35.595 I/am_pss  ( 1074): [29377,1000,com.android.server.telecom:ui,6879232,4571136,171008]
03-19 14:43:35.605 I/am_pss  ( 1074): [18224,10108,com.eg.android.AlipayGphone:ext,10044416,6516736,18432]
03-19 14:43:35.616 I/am_pss  ( 1074): [2190,10000,com.amap.android.ams,13837312,11304960,973824]
03-19 14:43:35.626 I/am_pss  ( 1074): [4746,1000,com.huawei.android.pushagent.PushService,8532992,6967296,210944]
03-19 14:43:35.636 I/am_pss  ( 1074): [2144,1000,com.huawei.geofence,7192576,3710976,2604032]
03-19 14:43:35.646 I/am_pss  ( 1074): [2126,1000,com.huawei.vrservice,5386240,3371008,595968]
03-19 14:43:35.655 I/am_pss  ( 1074): [2116,1000,com.huawei.indexsearch.observer,8516608,6537216,1159168]
03-19 14:43:35.665 I/am_pss  ( 1074): [2073,10087,com.google.android.ext.services,4605952,2822144,991232]
03-19 14:43:35.680 I/am_pss  ( 1074): [1522,1001,com.android.phone,44096512,39141376,2540544]
03-19 14:43:35.690 I/am_pss  ( 1074): [1506,10090,com.huawei.ihealth,6090752,4276224,924672]
03-19 14:43:35.701 I/am_pss  ( 1074): [1493,1000,com.huawei.powergenie,16541696,14213120,1103872]
03-19 14:43:35.712 I/am_pss  ( 1074): [1479,1000,com.huawei.android.chr,13329408,11268096,923648]
03-19 14:43:35.730 I/am_pss  ( 1074): [1382,10027,com.android.systemui,166579200,150753280,8101888]
03-19 14:43:35.740 I/am_pss  ( 1074): [1374,1000,com.huawei.securitymgr,4381696,1839104,1714176]
03-19 14:43:35.785 I/am_pss  ( 1074): [1074,1000,system,148843520,135880704,8183808]
03-19 14:43:35.925 I/am_meminfo( 1074): [1766572032,98947072,116207616,465281024,211261440]
03-19 14:43:36.026 I/power_sleep_requested( 1074): 0
03-19 14:43:36.032 I/am_pause_activity( 1074): [0,127641499,com.android.settings/.Settings$DevelopmentSettingsActivity]
03-19 14:43:36.033 I/sysui_view_visibility( 1329): [39,0]
03-19 14:43:36.037 I/am_on_paused_called( 1329): [0,com.android.settings.Settings$DevelopmentSettingsActivity,handlePauseActivity]
03-19 14:43:36.041 I/am_stop_activity( 1074): [0,127641499,com.android.settings/.Settings$DevelopmentSettingsActivity]
03-19 14:43:36.050 I/sysui_histogram( 1074): [fingerprint_token,0]
03-19 14:43:36.064 I/am_on_stop_called( 1329): [0,com.android.settings.Settings$DevelopmentSettingsActivity,sleeping]
03-19 14:43:36.536 I/power_screen_state( 1074): [0,2,0,0]
03-19 14:43:36.536 I/screen_toggled( 1074): 0
03-19 14:43:36.536 I/sysui_histogram( 1074): [screen_timeout,60]
03-19 14:43:36.536 I/power_screen_broadcast_send( 1074): 1
03-19 14:43:36.605 I/sysui_status_bar_state( 1382): [1,1,0,0,1,0]
03-19 14:43:36.642 I/am_create_service( 1074): [0,34659006,.IntelligentIntentService,10017,24113]
03-19 14:43:36.653 I/am_destroy_service( 1074): [0,34659006,24113]
03-19 14:43:36.658 I/netstats_mobile_sample( 1074): [21535096,35214,5399367,37676,21535096,35214,5399367,37676,21535096,35249,5479203,39646,1489905816661]
03-19 14:43:36.658 I/netstats_wifi_sample( 1074): [319916315,336305,36740183,291808,319701484,330637,32493125,286521,319495828,328086,33552243,302349,1489905816661]
03-19 14:43:36.665 I/am_create_service( 1074): [0,13055775,.AutoCleanService,1000,3310]
03-19 14:43:36.668 I/am_destroy_service( 1074): [0,13055775,3310]
03-19 14:43:36.811 I/power_screen_broadcast_done( 1074): [0,275,1]
03-19 14:43:36.873 I/sysui_action( 1074): [252,false]
03-19 14:43:36.877 I/power_sleep_requested( 1074): 0
03-19 14:43:39.919 I/power_sleep_requested( 1074): 0
03-19 14:43:54.867 I/notification_cancel( 1074): [10027,1382,com.android.systemui,2132017204,low_battery,-1,0,1088,8,NULL]
03-19 14:43:54.882 I/notification_cancel( 1074): [1001,8150,com.huawei.hidisk,17,NULL,0,0,1088,8,NULL]
03-19 14:44:21.093 I/notification_cancel( 1074): [10027,1382,com.android.systemui,2132017204,low_battery,-1,0,1088,8,NULL]
03-19 14:44:21.103 I/notification_cancel( 1074): [1001,8150,com.huawei.hidisk,17,NULL,0,0,1088,8,NULL]
03-19 14:44:24.554 I/am_destroy_service( 1074): [0,114788484,30627]
03-19 14:44:24.556 I/am_destroy_service( 1074): [0,24762767,30627]
03-19 14:44:24.557 I/notification_cancel( 1074): [1000,1074,com.tencent.mobileqq,537050237,NULL,0,0,0,8,NULL]
03-19 14:44:24.643 I/am_pss  ( 1074): [1329,1000,com.android.settings,94385152,80596992,582656]
03-19 14:44:24.660 I/am_pss  ( 1074): [2216,10049,com.huawei.android.launcher,60070912,54714368,742400]
03-19 14:44:24.687 I/am_pss  ( 1074): [6700,10011,com.android.browser,182811648,19189760,163298304]
03-19 14:44:24.711 I/am_pss  ( 1074): [6331,10104,com.tencent.mm,147417088,135577600,4096]
03-19 14:44:24.726 I/am_pss  ( 1074): [29273,10004,com.android.contacts,44087296,37457920,162816]
03-19 14:44:24.737 I/am_pss  ( 1074): [2257,1001,com.android.incallui,34345984,31989760,339968]
03-19 14:44:24.755 I/am_pss  ( 1074): [8019,10046,com.baidu.input_huawei,150825984,128446464,11264]
03-19 14:44:24.772 I/am_pss  ( 1074): [29082,10028,com.android.mms,126100480,121421824,817152]
03-19 14:44:24.783 I/am_pss  ( 1074): [6543,10104,com.tencent.mm:exdevice,13279232,8523776,19456]
03-19 14:44:24.794 I/am_pss  ( 1074): [6437,10104,com.tencent.mm:push,14418944,10608640,17408]
03-19 14:44:24.804 I/am_pss  ( 1074): [29124,1000,com.huawei.cryptosms.service,4290560,2977792,517120]
03-19 14:44:24.816 I/am_pss  ( 1074): [6219,10023,com.huawei.android.totemweather,34736128,29167616,161792]
03-19 14:44:24.829 I/am_pss  ( 1074): [24113,10017,com.huawei.intelligent,33161216,30236672,603136]
03-19 14:44:24.843 I/am_pss  ( 1074): [1625,1000,com.huawei.systemmanager:service,53697536,47263744,3156992]
03-19 14:44:24.856 I/am_pss  ( 1074): [18305,10108,com.eg.android.AlipayGphone:push,25994240,18399232,11264]
03-19 14:44:24.867 I/am_pss  ( 1074): [15172,10002,android.process.media,8645632,6963200,162816]
03-19 14:44:24.876 I/am_pss  ( 1074): [31603,10074,com.android.printspooler,4146176,2977792,175104]
03-19 14:44:24.886 I/am_pss  ( 1074): [7092,10020,com.huawei.phoneservice,6562816,4468736,22528]
03-19 14:44:24.897 I/am_pss  ( 1074): [2065,1000,com.huawei.imonitor,19452928,15581184,2391040]
03-19 14:44:24.907 I/am_pss  ( 1074): [1610,1000,com.huawei.bd,8369152,6324224,1018880]
03-19 14:44:24.917 I/am_pss  ( 1074): [31339,10051,com.huawei.android.hwouc,6762496,4308992,17408]
03-19 14:44:24.928 I/am_pss  ( 1074): [6909,10012,com.huawei.appmarket,15602688,13078528,162816]
03-19 14:44:24.939 I/am_pss  ( 1074): [8150,1001,com.huawei.hidisk,12434432,9981952,161792]
03-19 14:44:24.950 I/am_pss  ( 1074): [11074,10048,com.huawei.hwid,23815168,21458944,45056]
03-19 14:44:24.960 I/am_pss  ( 1074): [31550,1000,android:ui,8785920,6512640,171008]
03-19 14:44:24.972 I/am_pss  ( 1074): [1293,1002,com.android.bluetooth,14811136,12075008,653312]
03-19 14:44:24.981 I/am_pss  ( 1074): [31502,10068,com.huawei.vassistant,6906880,4747264,18432]
03-19 14:44:24.991 I/am_pss  ( 1074): [31488,1001,com.huawei.android.dsdscardmanager,5195776,3612672,175104]
03-19 14:44:25.001 I/am_pss  ( 1074): [31372,10020,com.huawei.phoneservice:autologuploadservice,5750784,3563520,20480]
03-19 14:44:25.011 I/notification_cancel( 1074): [10027,1382,com.android.systemui,2132017204,low_battery,-1,0,1088,8,NULL]
03-19 14:44:25.011 I/notification_cancel( 1074): [1001,8150,com.huawei.hidisk,17,NULL,0,0,1088,8,NULL]
03-19 14:44:25.012 I/am_pss  ( 1074): [1795,10004,android.process.acore,21252096,17346560,2729984]
03-19 14:44:25.021 I/am_pss  ( 1074): [5457,1000,com.huawei.trustspace,5073920,4009984,264192]
03-19 14:44:25.031 I/am_pss  ( 1074): [7068,10051,com.huawei.android.hwouc:usersurvey,3873792,2600960,66560]
03-19 14:44:25.040 I/am_pss  ( 1074): [28234,10051,com.huawei.android.hwouc:hwbdservice,4589568,2727936,23552]
03-19 14:44:25.049 I/am_pss  ( 1074): [7039,10051,com.huawei.android.hwouc:hwbd,3996672,2699264,50176]
03-19 14:44:25.062 I/am_pss  ( 1074): [10936,10014,com.android.gallery3d,44435456,4755456,39473152]
03-19 14:44:25.077 I/am_pss  ( 1074): [18192,10108,com.eg.android.AlipayGphone,56720384,48193536,11264]
03-19 14:44:25.087 I/am_pss  ( 1074): [7336,10105,com.huawei.hilink.framework,5437440,3993600,26624]
03-19 14:44:25.097 I/am_pss  ( 1074): [15856,10065,com.huawei.android.wfdft,4484096,3391488,173056]
03-19 14:44:25.106 I/am_pss  ( 1074): [21348,10021,com.huawei.hwvplayer.youku,6699008,4947968,22528]
03-19 14:44:25.118 I/am_pss  ( 1074): [24144,10007,com.android.calendar,17369088,15196160,171008]  rate 14
03-19 14:44:25.127 I/am_pss  ( 1074): [28032,10035,com.android.providers.calendar,5766144,4493312,165888]
03-19 14:44:25.137 I/am_pss  ( 1074): [29377,1000,com.android.server.telecom:ui,6879232,4571136,171008]
03-19 14:44:25.147 I/am_pss  ( 1074): [18224,10108,com.eg.android.AlipayGphone:ext,10044416,6516736,18432]
03-19 14:44:25.158 I/am_pss  ( 1074): [2190,10000,com.amap.android.ams,13902848,11370496,973824]
03-19 14:44:25.168 I/am_pss  ( 1074): [1888,1000,com.huawei.android.instantshare,8734720,7315456,397312]
03-19 14:44:25.178 I/am_pss  ( 1074): [4746,1000,com.huawei.android.pushagent.PushService,8532992,6967296,210944]
03-19 14:44:25.188 I/am_pss  ( 1074): [1873,10113,com.huawei.iconnect,4657152,3125248,766976]
03-19 14:44:25.197 I/am_pss  ( 1074): [2073,10087,com.google.android.ext.services,4605952,2822144,991232]
03-19 14:44:55.172 I/notification_cancel( 1074): [10027,1382,com.android.systemui,2132017204,low_battery,-1,0,1088,8,NULL]
03-19 14:44:55.184 I/notification_cancel( 1074): [1001,8150,com.huawei.hidisk,17,NULL,0,0,1088,8,NULL]
03-19 14:45:03.532 I/sysui_action( 1074): [252,true] rate 1
03-19 14:45:03.533 I/screen_toggled( 1382): 2
03-19 14:45:03.538 I/notification_expansion( 1074): [-1|android|17040390|null|1000,0,1,699141,699141,88492]
03-19 14:45:03.543 I/sysui_status_bar_state( 1382): [0,0,0,0,1,0]
03-19 14:45:03.544 I/am_create_service( 1074): [0,213001743,.IntelligentIntentService,10017,24113]
03-19 14:45:03.551 I/am_destroy_service( 1074): [0,213001743,24113]
03-19 14:45:03.582 I/am_resume_activity( 1074): [0,127641499,48,com.android.settings/.Settings$DevelopmentSettingsActivity]
03-19 14:45:03.585 I/am_pss  ( 1074): [30627,10121,com.tencent.mobileqq,104025088,92647424,5120]
03-19 14:45:03.585 I/power_screen_state( 1074): [1,0,0,0]
03-19 14:45:03.585 I/screen_toggled( 1074): 1    rate 2
03-19 14:45:03.585 I/power_screen_broadcast_send( 1074): 1
03-19 14:45:03.593 I/am_create_service( 1074): [0,4685108,.AppInfoRecvIntentService,10108,18305]
03-19 14:45:03.594 I/netstats_mobile_sample( 1074): [21535096,35214,5399367,37676,21535096,35214,5399367,37676,21535096,35249,5479203,39646,1489905903597]
03-19 14:45:03.594 I/netstats_wifi_sample( 1074): [319916507,336310,36740395,291812,319701592,330639,32493197,286522,319495936,328088,33552315,302350,1489905903597]
03-19 14:45:03.596 I/notification_visibility( 1074): [-1|android|17040390|null|1000,1,699199,699199,0,0]
03-19 14:45:03.597 I/sysui_histogram( 1382): [note_load,1]
03-19 14:45:03.597 I/notification_panel_revealed( 1074): 1
03-19 14:45:03.599 I/am_destroy_service( 1074): [0,4685108,18305]
03-19 14:45:03.608 I/sysui_view_visibility( 1329): [39,100]
03-19 14:45:03.609 I/am_pss  ( 1074): [30674,10121,com.tencent.mobileqq:MSF,23263232,16756736,10240]
03-19 14:45:03.623 I/notification_visibility( 1074): [-1|android|17040390|null|1000,0,699226,699226,0,0]
03-19 14:45:03.623 I/notification_panel_hidden( 1074): []
03-19 14:45:03.632 I/am_on_resume_called( 1329): [0,com.android.settings.Settings$DevelopmentSettingsActivity,RESUME_ACTIVITY]
03-19 14:45:03.632 I/am_on_resume_called( 1329): [0,com.android.settings.Settings$DevelopmentSettingsActivity]
03-19 14:45:03.687 I/notification_expansion( 1074): [-1|android|17040390|null|1000,0,0,699289,699289,90]
03-19 14:45:03.711 I/netstats_mobile_sample( 1074): [21535096,35214,5399367,37676,21535096,35214,5399367,37676,21535096,35249,5479203,39646,1489905903713]
03-19 14:45:03.711 I/netstats_wifi_sample( 1074): [319916507,336310,36740395,291812,319701592,330639,32493197,286522,319495936,328088,33552315,302350,1489905903713]
03-19 14:45:03.870 I/power_screen_broadcast_done( 1074): [1,284,1]
03-19 14:45:05.663 I/power_sleep_requested( 1074): 0
03-19 14:45:05.672 I/am_pause_activity( 1074): [0,127641499,com.android.settings/.Settings$DevelopmentSettingsActivity]
03-19 14:45:05.689 I/sysui_view_visibility( 1329): [39,0]
03-19 14:45:05.718 I/am_on_paused_called( 1329): [0,com.android.settings.Settings$DevelopmentSettingsActivity,handlePauseActivity]
03-19 14:45:05.721 I/am_stop_activity( 1074): [0,127641499,com.android.settings/.Settings$DevelopmentSettingsActivity]
03-19 14:45:05.733 I/sysui_histogram( 1074): [fingerprint_token,0]
03-19 14:45:05.752 I/am_on_stop_called( 1329): [0,com.android.settings.Settings$DevelopmentSettingsActivity,sleeping]
03-19 14:45:06.197 I/power_screen_state( 1074): [0,2,0,0]
03-19 14:45:06.197 I/screen_toggled( 1074): 0  rate 1
03-19 14:45:06.197 I/sysui_histogram( 1074): [screen_timeout,60]
03-19 14:45:06.197 I/power_screen_broadcast_send( 1074): 1
03-19 14:45:06.330 I/sysui_status_bar_state( 1382): [1,1,0,0,1,0]
03-19 14:45:06.396 I/am_create_service( 1074): [0,68946384,.IntelligentIntentService,10017,24113]
03-19 14:45:06.396 I/force_gc( 1074): Binder
03-19 14:45:06.447 I/netstats_mobile_sample( 1074): [21535096,35214,5399367,37676,21535096,35214,5399367,37676,21535096,35249,5479203,39646,1489905906449]
03-19 14:45:06.448 I/netstats_wifi_sample( 1074): [319916507,336310,36740395,291812,319701592,330639,32493197,286522,319495936,328088,33552315,302350,1489905906449]
03-19 14:45:06.453 I/am_destroy_service( 1074): [0,68946384,24113]
03-19 14:45:06.478 I/am_create_service( 1074): [0,30260681,.AutoCleanService,1000,3310]
03-19 14:45:06.488 I/am_destroy_service( 1074): [0,30260681,3310]   rate 2
03-19 14:45:06.785 I/power_screen_broadcast_done( 1074): [0,587,1]
03-19 14:45:07.793 I/sysui_action( 1074): [252,false]
03-19 14:45:07.799 I/power_sleep_requested( 1074): 0
03-19 14:45:10.852 I/power_sleep_requested( 1074): 0
03-19 14:45:21.084 I/notification_cancel( 1074): [10027,1382,com.android.systemui,2132017204,low_battery,-1,0,1088,8,NULL]
03-19 14:45:21.093 I/notification_cancel( 1074): [1001,8150,com.huawei.hidisk,17,NULL,0,0,1088,8,NULL]
03-19 14:45:25.331 I/notification_cancel( 1074): [10027,1382,com.android.systemui,2132017204,low_battery,-1,0,1088,8,NULL]
03-19 14:45:25.336 I/notification_cancel( 1074): [1001,8150,com.huawei.hidisk,17,NULL,0,0,1088,8,NULL]
03-19 14:45:55.511 I/notification_cancel( 1074): [10027,1382,com.android.systemui,2132017204,low_battery,-1,0,1088,8,NULL]
03-19 14:45:55.513 I/notification_cancel( 1074): [1001,8150,com.huawei.hidisk,17,NULL,0,0,1088,8,NULL]
03-19 14:45:58.596 I/sysui_action( 1074): [252,false]
03-19 14:45:58.601 I/power_sleep_requested( 1074): 0
